Archive member included to satisfy reference by file (symbol)

C:/ST/STM32CubeIDE_1.18.1/STM32CubeIDE/plugins/com.st.stm32cube.ide.mcu.externaltools.gnu-tools-for-stm32.13.3.rel1.win32_1.0.0.202411081344/tools/bin/../lib/gcc/arm-none-eabi/13.3.1/../../../../arm-none-eabi/lib/thumb/v7e-m+fp/hard\libc_nano.a(libc_a-atof.o)
                              ./Core/Src/main.o (atof)
C:/ST/STM32CubeIDE_1.18.1/STM32CubeIDE/plugins/com.st.stm32cube.ide.mcu.externaltools.gnu-tools-for-stm32.13.3.rel1.win32_1.0.0.202411081344/tools/bin/../lib/gcc/arm-none-eabi/13.3.1/../../../../arm-none-eabi/lib/thumb/v7e-m+fp/hard\libc_nano.a(libc_a-atoi.o)
                              ./Core/Src/SIM868.o (atoi)
C:/ST/STM32CubeIDE_1.18.1/STM32CubeIDE/plugins/com.st.stm32cube.ide.mcu.externaltools.gnu-tools-for-stm32.13.3.rel1.win32_1.0.0.202411081344/tools/bin/../lib/gcc/arm-none-eabi/13.3.1/../../../../arm-none-eabi/lib/thumb/v7e-m+fp/hard\libc_nano.a(libc_a-exit.o)
                              C:/ST/STM32CubeIDE_1.18.1/STM32CubeIDE/plugins/com.st.stm32cube.ide.mcu.externaltools.gnu-tools-for-stm32.13.3.rel1.win32_1.0.0.202411081344/tools/bin/../lib/gcc/arm-none-eabi/13.3.1/../../../../arm-none-eabi/lib/thumb/v7e-m+fp/hard/crt0.o (exit)
C:/ST/STM32CubeIDE_1.18.1/STM32CubeIDE/plugins/com.st.stm32cube.ide.mcu.externaltools.gnu-tools-for-stm32.13.3.rel1.win32_1.0.0.202411081344/tools/bin/../lib/gcc/arm-none-eabi/13.3.1/../../../../arm-none-eabi/lib/thumb/v7e-m+fp/hard\libc_nano.a(libc_a-strtod.o)
                              C:/ST/STM32CubeIDE_1.18.1/STM32CubeIDE/plugins/com.st.stm32cube.ide.mcu.externaltools.gnu-tools-for-stm32.13.3.rel1.win32_1.0.0.202411081344/tools/bin/../lib/gcc/arm-none-eabi/13.3.1/../../../../arm-none-eabi/lib/thumb/v7e-m+fp/hard\libc_nano.a(libc_a-atof.o) (strtod)
C:/ST/STM32CubeIDE_1.18.1/STM32CubeIDE/plugins/com.st.stm32cube.ide.mcu.externaltools.gnu-tools-for-stm32.13.3.rel1.win32_1.0.0.202411081344/tools/bin/../lib/gcc/arm-none-eabi/13.3.1/../../../../arm-none-eabi/lib/thumb/v7e-m+fp/hard\libc_nano.a(libc_a-strtol.o)
                              C:/ST/STM32CubeIDE_1.18.1/STM32CubeIDE/plugins/com.st.stm32cube.ide.mcu.externaltools.gnu-tools-for-stm32.13.3.rel1.win32_1.0.0.202411081344/tools/bin/../lib/gcc/arm-none-eabi/13.3.1/../../../../arm-none-eabi/lib/thumb/v7e-m+fp/hard\libc_nano.a(libc_a-atoi.o) (_strtol_r)
C:/ST/STM32CubeIDE_1.18.1/STM32CubeIDE/plugins/com.st.stm32cube.ide.mcu.externaltools.gnu-tools-for-stm32.13.3.rel1.win32_1.0.0.202411081344/tools/bin/../lib/gcc/arm-none-eabi/13.3.1/../../../../arm-none-eabi/lib/thumb/v7e-m+fp/hard\libc_nano.a(libc_a-strtoul.o)
                              ./Core/Src/ack_handler.o (strtoul)
C:/ST/STM32CubeIDE_1.18.1/STM32CubeIDE/plugins/com.st.stm32cube.ide.mcu.externaltools.gnu-tools-for-stm32.13.3.rel1.win32_1.0.0.202411081344/tools/bin/../lib/gcc/arm-none-eabi/13.3.1/../../../../arm-none-eabi/lib/thumb/v7e-m+fp/hard\libc_nano.a(libc_a-ctype_.o)
                              C:/ST/STM32CubeIDE_1.18.1/STM32CubeIDE/plugins/com.st.stm32cube.ide.mcu.externaltools.gnu-tools-for-stm32.13.3.rel1.win32_1.0.0.202411081344/tools/bin/../lib/gcc/arm-none-eabi/13.3.1/../../../../arm-none-eabi/lib/thumb/v7e-m+fp/hard\libc_nano.a(libc_a-strtol.o) (_ctype_)
C:/ST/STM32CubeIDE_1.18.1/STM32CubeIDE/plugins/com.st.stm32cube.ide.mcu.externaltools.gnu-tools-for-stm32.13.3.rel1.win32_1.0.0.202411081344/tools/bin/../lib/gcc/arm-none-eabi/13.3.1/../../../../arm-none-eabi/lib/thumb/v7e-m+fp/hard\libc_nano.a(libc_a-nano-vfprintf_float.o)
                              (_printf_float)
C:/ST/STM32CubeIDE_1.18.1/STM32CubeIDE/plugins/com.st.stm32cube.ide.mcu.externaltools.gnu-tools-for-stm32.13.3.rel1.win32_1.0.0.202411081344/tools/bin/../lib/gcc/arm-none-eabi/13.3.1/../../../../arm-none-eabi/lib/thumb/v7e-m+fp/hard\libc_nano.a(libc_a-nano-vfprintf_i.o)
                              C:/ST/STM32CubeIDE_1.18.1/STM32CubeIDE/plugins/com.st.stm32cube.ide.mcu.externaltools.gnu-tools-for-stm32.13.3.rel1.win32_1.0.0.202411081344/tools/bin/../lib/gcc/arm-none-eabi/13.3.1/../../../../arm-none-eabi/lib/thumb/v7e-m+fp/hard\libc_nano.a(libc_a-nano-vfprintf_float.o) (_printf_common)
C:/ST/STM32CubeIDE_1.18.1/STM32CubeIDE/plugins/com.st.stm32cube.ide.mcu.externaltools.gnu-tools-for-stm32.13.3.rel1.win32_1.0.0.202411081344/tools/bin/../lib/gcc/arm-none-eabi/13.3.1/../../../../arm-none-eabi/lib/thumb/v7e-m+fp/hard\libc_nano.a(libc_a-findfp.o)
                              C:/ST/STM32CubeIDE_1.18.1/STM32CubeIDE/plugins/com.st.stm32cube.ide.mcu.externaltools.gnu-tools-for-stm32.13.3.rel1.win32_1.0.0.202411081344/tools/bin/../lib/gcc/arm-none-eabi/13.3.1/../../../../arm-none-eabi/lib/thumb/v7e-m+fp/hard\libc_nano.a(libc_a-exit.o) (__stdio_exit_handler)
C:/ST/STM32CubeIDE_1.18.1/STM32CubeIDE/plugins/com.st.stm32cube.ide.mcu.externaltools.gnu-tools-for-stm32.13.3.rel1.win32_1.0.0.202411081344/tools/bin/../lib/gcc/arm-none-eabi/13.3.1/../../../../arm-none-eabi/lib/thumb/v7e-m+fp/hard\libc_nano.a(libc_a-fwalk.o)
[...]
Memory Configuration

Name             Origin             Length             Attributes
RAM              0x20000000         0x00010000         xrw
FLASH            0x08000000         0x00040000         xr
*default*        0x00000000         0xffffffff

Linker script and memory map

LOAD C:/ST/STM32CubeIDE_1.18.1/STM32CubeIDE/plugins/com.st.stm32cube.ide.mcu.externaltools.gnu-tools-for-stm32.13.3.rel1.win32_1.0.0.202411081344/tools/bin/../lib/gcc/arm-none-eabi/13.3.1/thumb/v7e-m+fp/hard/crti.o
LOAD C:/ST/STM32CubeIDE_1.18.1/STM32CubeIDE/plugins/com.st.stm32cube.ide.mcu.externaltools.gnu-tools-for-stm32.13.3.rel1.win32_1.0.0.202411081344/tools/bin/../lib/gcc/arm-none-eabi/13.3.1/thumb/v7e-m+fp/hard/crtbegin.o
LOAD C:/ST/STM32CubeIDE_1.18.1/STM32CubeIDE/plugins/com.st.stm32cube.ide.mcu.externaltools.gnu-tools-for-stm32.13.3.rel1.win32_1.0.0.202411081344/tools/bin/../lib/gcc/arm-none-eabi/13.3.1/../../../../arm-none-eabi/lib/thumb/v7e-m+fp/hard/crt0.o
LOAD ./Core/Src/SIM868.o
LOAD ./Core/Src/SX1278.o
LOAD ./Core/Src/ack_handler.o
LOAD ./Core/Src/crc_calculator.o
LOAD ./Core/Src/freertos.o
LOAD ./Core/Src/lora_config.o
LOAD ./Core/Src/main.o
LOAD ./Core/Src/mpu_6050.o
LOAD ./Core/Src/mpu_6050_task.o
LOAD ./Core/Src/stm32f4xx_hal_msp.o
LOAD ./Core/Src/stm32f4xx_hal_timebase_tim.o
LOAD ./Core/Src/stm32f4xx_it.o
LOAD ./Core/Src/syscalls.o
LOAD ./Core/Src/sysmem.o
LOAD ./Core/Src/system_stm32f4xx.o
LOAD ./Core/Startup/startup_stm32f401rctx.o
LOAD ./Drivers/STM32F4xx_HAL_Driver/Src/stm32f4xx_hal.o
LOAD ./Drivers/STM32F4xx_HAL_Driver/Src/stm32f4xx_hal_cortex.o
LOAD ./Drivers/STM32F4xx_HAL_Driver/Src/stm32f4xx_hal_crc.o
LOAD ./Drivers/STM32F4xx_HAL_Driver/Src/stm32f4xx_hal_dma.o
LOAD ./Drivers/STM32F4xx_HAL_Driver/Src/stm32f4xx_hal_dma_ex.o
LOAD ./Drivers/STM32F4xx_HAL_Driver/Src/stm32f4xx_hal_exti.o
LOAD ./Drivers/STM32F4xx_HAL_Driver/Src/stm32f4xx_hal_flash.o
LOAD ./Drivers/STM32F4xx_HAL_Driver/Src/stm32f4xx_hal_flash_ex.o
LOAD ./Drivers/STM32F4xx_HAL_Driver/Src/stm32f4xx_hal_flash_ramfunc.o
LOAD ./Drivers/STM32F4xx_HAL_Driver/Src/stm32f4xx_hal_gpio.o
LOAD ./Drivers/STM32F4xx_HAL_Driver/Src/stm32f4xx_hal_i2c.o
LOAD ./Drivers/STM32F4xx_HAL_Driver/Src/stm32f4xx_hal_i2c_ex.o
LOAD ./Drivers/STM32F4xx_HAL_Driver/Src/stm32f4xx_hal_pcd.o
LOAD ./Drivers/STM32F4xx_HAL_Driver/Src/stm32f4xx_hal_pcd_ex.o
LOAD ./Drivers/STM32F4xx_HAL_Driver/Src/stm32f4xx_hal_pwr.o
LOAD ./Drivers/STM32F4xx_HAL_Driver/Src/stm32f4xx_hal_pwr_ex.o
LOAD ./Drivers/STM32F4xx_HAL_Driver/Src/stm32f4xx_hal_rcc.o
LOAD ./Drivers/STM32F4xx_HAL_Driver/Src/stm32f4xx_hal_rcc_ex.o
LOAD ./Drivers/STM32F4xx_HAL_Driver/Src/stm32f4xx_hal_spi.o
LOAD ./Drivers/STM32F4xx_HAL_Driver/Src/stm32f4xx_hal_tim.o
LOAD ./Drivers/STM32F4xx_HAL_Driver/Src/stm32f4xx_hal_tim_ex.o
LOAD ./Drivers/STM32F4xx_HAL_Driver/Src/stm32f4xx_hal_uart.o
LOAD ./Drivers/STM32F4xx_HAL_Driver/Src/stm32f4xx_hal_usart.o
LOAD ./Drivers/STM32F4xx_HAL_Driver/Src/stm32f4xx_ll_usb.o
LOAD ./Middlewares/ST/STM32_USB_Device_Library/Class/CDC/Src/usbd_cdc.o
LOAD ./Middlewares/ST/STM32_USB_Device_Library/Core/Src/usbd_core.o
LOAD ./Middlewares/ST/STM32_USB_Device_Library/Core/Src/usbd_ctlreq.o
LOAD ./Middlewares/ST/STM32_USB_Device_Library/Core/Src/usbd_ioreq.o
LOAD ./Middlewares/Third_Party/FreeRTOS/Source/CMSIS_RTOS/cmsis_os.o
LOAD ./Middlewares/Third_Party/FreeRTOS/Source/croutine.o
LOAD ./Middlewares/Third_Party/FreeRTOS/Source/event_groups.o
LOAD ./Middlewares/Third_Party/FreeRTOS/Source/list.o
LOAD ./Middlewares/Third_Party/FreeRTOS/Source/queue.o
LOAD ./Middlewares/Third_Party/FreeRTOS/Source/stream_buffer.o
LOAD ./Middlewares/Third_Party/FreeRTOS/Source/tasks.o
LOAD ./Middlewares/Third_Party/FreeRTOS/Source/timers.o
LOAD ./Middlewares/Third_Party/FreeRTOS/Source/portable/GCC/ARM_CM4F/port.o
LOAD ./Middlewares/Third_Party/FreeRTOS/Source/portable/MemMang/heap_4.o
LOAD ./USB_DEVICE/App/usb_device.o
LOAD ./USB_DEVICE/App/usbd_cdc_if.o
LOAD ./USB_DEVICE/App/usbd_desc.o
LOAD ./USB_DEVICE/Target/usbd_conf.o
START GROUP
LOAD C:/ST/STM32CubeIDE_1.18.1/STM32CubeIDE/plugins/com.st.stm32cube.ide.mcu.externaltools.gnu-tools-for-stm32.13.3.rel1.win32_1.0.0.202411081344/tools/bin/../lib/gcc/arm-none-eabi/13.3.1/../../../../arm-none-eabi/lib/thumb/v7e-m+fp/hard\libc_nano.a
LOAD C:/ST/STM32CubeIDE_1.18.1/STM32CubeIDE/plugins/com.st.stm32cube.ide.mcu.externaltools.gnu-tools-for-stm32.13.3.rel1.win32_1.0.0.202411081344/tools/bin/../lib/gcc/arm-none-eabi/13.3.1/../../../../arm-none-eabi/lib/thumb/v7e-m+fp/hard\libm.a
END GROUP
START GROUP
LOAD C:/ST/STM32CubeIDE_1.18.1/STM32CubeIDE/plugins/com.st.stm32cube.ide.mcu.externaltools.gnu-tools-for-stm32.13.3.rel1.win32_1.0.0.202411081344/tools/bin/../lib/gcc/arm-none-eabi/13.3.1/thumb/v7e-m+fp/hard\libgcc.a
LOAD C:/ST/STM32CubeIDE_1.18.1/STM32CubeIDE/plugins/com.st.stm32cube.ide.mcu.externaltools.gnu-tools-for-stm32.13.3.rel1.win32_1.0.0.202411081344/tools/bin/../lib/gcc/arm-none-eabi/13.3.1/../../../../arm-none-eabi/lib/thumb/v7e-m+fp/hard\libc_nano.a
END GROUP
START GROUP
LOAD C:/ST/STM32CubeIDE_1.18.1/STM32CubeIDE/plugins/com.st.stm32cube.ide.mcu.externaltools.gnu-tools-for-stm32.13.3.rel1.win32_1.0.0.202411081344/tools/bin/../lib/gcc/arm-none-eabi/13.3.1/thumb/v7e-m+fp/hard\libgcc.a
LOAD C:/ST/STM32CubeIDE_1.18.1/STM32CubeIDE/plugins/com.st.stm32cube.ide.mcu.externaltools.gnu-tools-for-stm32.13.3.rel1.win32_1.0.0.202411081344/tools/bin/../lib/gcc/arm-none-eabi/13.3.1/../../../../arm-none-eabi/lib/thumb/v7e-m+fp/hard\libc_nano.a
LOAD C:/ST/STM32CubeIDE_1.18.1/STM32CubeIDE/plugins/com.st.stm32cube.ide.mcu.externaltools.gnu-tools-for-stm32.13.3.rel1.win32_1.0.0.202411081344/tools/bin/../lib/gcc/arm-none-eabi/13.3.1/../../../../arm-none-eabi/lib/thumb/v7e-m+fp/hard\libnosys.a
END GROUP
START GROUP
LOAD C:/ST/STM32CubeIDE_1.18.1/STM32CubeIDE/plugins/com.st.stm32cube.ide.mcu.externaltools.gnu-tools-for-stm32.13.3.rel1.win32_1.0.0.202411081344/tools/bin/../lib/gcc/arm-none-eabi/13.3.1/thumb/v7e-m+fp/hard\libgcc.a
LOAD C:/ST/STM32CubeIDE_1.18.1/STM32CubeIDE/plugins/com.st.stm32cube.ide.mcu.externaltools.gnu-tools-for-stm32.13.3.rel1.win32_1.0.0.202411081344/tools/bin/../lib/gcc/arm-none-eabi/13.3.1/../../../../arm-none-eabi/lib/thumb/v7e-m+fp/hard\libc_nano.a
LOAD C:/ST/STM32CubeIDE_1.18.1/STM32CubeIDE/plugins/com.st.stm32cube.ide.mcu.externaltools.gnu-tools-for-stm32.13.3.rel1.win32_1.0.0.202411081344/tools/bin/../lib/gcc/arm-none-eabi/13.3.1/../../../../arm-none-eabi/lib/thumb/v7e-m+fp/hard\libnosys.a
END GROUP
LOAD C:/ST/STM32CubeIDE_1.18.1/STM32CubeIDE/plugins/com.st.stm32cube.ide.mcu.externaltools.gnu-tools-for-stm32.13.3.rel1.win32_1.0.0.202411081344/tools/bin/../lib/gcc/arm-none-eabi/13.3.1/thumb/v7e-m+fp/hard/crtend.o
LOAD C:/ST/STM32CubeIDE_1.18.1/STM32CubeIDE/plugins/com.st.stm32cube.ide.mcu.externaltools.gnu-tools-for-stm32.13.3.rel1.win32_1.0.0.202411081344/tools/bin/../lib/gcc/arm-none-eabi/13.3.1/thumb/v7e-m+fp/hard/crtn.o
                0x20010000                        _estack = (ORIGIN (RAM) + LENGTH (RAM))
                0x00000200                        _Min_Heap_Size = 0x200
                0x00000400                        _Min_Stack_Size = 0x400

.isr_vector     0x08000000      0x194
                0x08000000                        . = ALIGN (0x4)
 *(.isr_vector)
 .isr_vector    0x08000000      0x194 ./Core/Startup/startup_stm32f401rctx.o
                0x08000000                g_pfnVectors
                0x08000194                        . = ALIGN (0x4)

.text           0x080001a0    0x1369c
                0x080001a0                        . = ALIGN (0x4)
 *(.text)
 .text          0x080001a0       0x40 C:/ST/STM32CubeIDE_1.18.1/STM32CubeIDE/plugins/com.st.stm32cube.ide.mcu.externaltools.gnu-tools-for-stm32.13.3.rel1.win32_1.0.0.202411081344/tools/bin/../lib/gcc/arm-none-eabi/13.3.1/thumb/v7e-m+fp/hard/crtbegin.o
 .text          0x080001e0       0xa0 C:/ST/STM32CubeIDE_1.18.1/STM32CubeIDE/plugins/com.st.stm32cube.ide.mcu.externaltools.gnu-tools-for-stm32.13.3.rel1.win32_1.0.0.202411081344/tools/bin/../lib/gcc/arm-none-eabi/13.3.1/../../../../arm-none-eabi/lib/thumb/v7e-m+fp/hard\libc_nano.a(libc_a-memchr.o)
                0x080001e0                memchr
 .text          0x08000280       0x10 C:/ST/STM32CubeIDE_1.18.1/STM32CubeIDE/plugins/com.st.stm32cube.ide.mcu.externaltools.gnu-tools-for-stm32.13.3.rel1.win32_1.0.0.202411081344/tools/bin/../lib/gcc/arm-none-eabi/13.3.1/../../../../arm-none-eabi/lib/thumb/v7e-m+fp/hard\libc_nano.a(libc_a-strlen.o)
                0x08000280                strlen
 .text          0x08000290      0x378 C:/ST/STM32CubeIDE_1.18.1/STM32CubeIDE/plugins/com.st.stm32cube.ide.mcu.externaltools.gnu-tools-for-stm32.13.3.rel1.win32_1.0.0.202411081344/tools/bin/../lib/gcc/arm-none-eabi/13.3.1/thumb/v7e-m+fp/hard\libgcc.a(_arm_addsubdf3.o)
                0x08000290                __aeabi_drsub
                0x08000298                __aeabi_dsub
                0x08000298                __subdf3
                0x0800029c                __aeabi_dadd
                0x0800029c                __adddf3
                0x08000514                __floatunsidf
                0x08000514                __aeabi_ui2d
                0x08000534                __floatsidf
                0x08000534                __aeabi_i2d
                0x08000558                __aeabi_f2d
                0x08000558                __extendsfdf2
                0x0800059c                __floatundidf
                0x0800059c                __aeabi_ul2d
                0x080005ac                __floatdidf
                0x080005ac                __aeabi_l2d
 .text          0x08000608      0x424 C:/ST/STM32CubeIDE_1.18.1/STM32CubeIDE/plugins/com.st.stm32cube.ide.mcu.externaltools.gnu-tools-for-stm32.13.3.rel1.win32_1.0.0.202411081344/tools/bin/../lib/gcc/arm-none-eabi/13.3.1/thumb/v7e-m+fp/hard\libgcc.a(_arm_muldivdf3.o)
                0x08000608                __aeabi_dmul
                0x08000608                __muldf3
                0x0800085c                __divdf3
                0x0800085c                __aeabi_ddiv
 .text          0x08000a2c      0x110 C:/ST/STM32CubeIDE_1.18.1/STM32CubeIDE/plugins/com.st.stm32cube.ide.mcu.externaltools.gnu-tools-for-stm32.13.3.rel1.win32_1.0.0.202411081344/tools/bin/../lib/gcc/arm-none-eabi/13.3.1/thumb/v7e-m+fp/hard\libgcc.a(_arm_cmpdf2.o)
                0x08000a2c                __gtdf2
                0x08000a2c                __gedf2
                0x08000a34                __ltdf2
                0x08000a34                __ledf2
                0x08000a3c                __nedf2
                0x08000a3c                __eqdf2
                0x08000a3c                __cmpdf2
                0x08000ab8                __aeabi_cdrcmple
                0x08000ac8                __aeabi_cdcmpeq
                0x08000ac8                __aeabi_cdcmple
                0x08000ad8                __aeabi_dcmpeq
                0x08000aec                __aeabi_dcmplt
                0x08000b00                __aeabi_dcmple
                0x08000b14                __aeabi_dcmpge
                0x08000b28                __aeabi_dcmpgt
 .text          0x08000b3c       0x2c C:/ST/STM32CubeIDE_1.18.1/STM32CubeIDE/plugins/com.st.stm32cube.ide.mcu.externaltools.gnu-tools-for-stm32.13.3.rel1.win32_1.0.0.202411081344/tools/bin/../lib/gcc/arm-none-eabi/13.3.1/thumb/v7e-m+fp/hard\libgcc.a(_arm_unorddf2.o)
                0x08000b3c                __unorddf2
                0x08000b3c                __aeabi_dcmpun
 .text          0x08000b68       0x50 C:/ST/STM32CubeIDE_1.18.1/STM32CubeIDE/plugins/com.st.stm32cube.ide.mcu.externaltools.gnu-tools-for-stm32.13.3.rel1.win32_1.0.0.202411081344/tools/bin/../lib/gcc/arm-none-eabi/13.3.1/thumb/v7e-m+fp/hard\libgcc.a(_arm_fixdfsi.o)
                0x08000b68                __aeabi_d2iz
                0x08000b68                __fixdfsi
 .text          0x08000bb8       0x40 C:/ST/STM32CubeIDE_1.18.1/STM32CubeIDE/plugins/com.st.stm32cube.ide.mcu.externaltools.gnu-tools-for-stm32.13.3.rel1.win32_1.0.0.202411081344/tools/bin/../lib/gcc/arm-none-eabi/13.3.1/thumb/v7e-m+fp/hard\libgcc.a(_arm_fixunsdfsi.o)
                0x08000bb8                __aeabi_d2uiz
                0x08000bb8                __fixunsdfsi
 .text          0x08000bf8       0x30 C:/ST/STM32CubeIDE_1.18.1/STM32CubeIDE/plugins/com.st.stm32cube.ide.mcu.externaltools.gnu-tools-for-stm32.13.3.rel1.win32_1.0.0.202411081344/tools/bin/../lib/gcc/arm-none-eabi/13.3.1/thumb/v7e-m+fp/hard\libgcc.a(_aeabi_uldivmod.o)
                0x08000bf8                __aeabi_uldivmod
 .text          0x08000c28       0x30 C:/ST/STM32CubeIDE_1.18.1/STM32CubeIDE/plugins/com.st.stm32cube.ide.mcu.externaltools.gnu-tools-for-stm32.13.3.rel1.win32_1.0.0.202411081344/tools/bin/../lib/gcc/arm-none-eabi/13.3.1/thumb/v7e-m+fp/hard\libgcc.a(_fixdfdi.o)
                0x08000c28                __fixdfdi
                0x08000c28                __aeabi_d2lz
 .text          0x08000c58       0x3c C:/ST/STM32CubeIDE_1.18.1/STM32CubeIDE/plugins/com.st.stm32cube.ide.mcu.externaltools.gnu-tools-for-stm32.13.3.rel1.win32_1.0.0.202411081344/tools/bin/../lib/gcc/arm-none-eabi/13.3.1/thumb/v7e-m+fp/hard\libgcc.a(_fixunsdfdi.o)
                0x08000c58                __fixunsdfdi
                0x08000c58                __aeabi_d2ulz
 .text          0x08000c94      0x2f8 C:/ST/STM32CubeIDE_1.18.1/STM32CubeIDE/plugins/com.st.stm32cube.ide.mcu.externaltools.gnu-tools-for-stm32.13.3.rel1.win32_1.0.0.202411081344/tools/bin/../lib/gcc/arm-none-eabi/13.3.1/thumb/v7e-m+fp/hard\libgcc.a(_udivmoddi4.o)
                0x08000c94                __udivmoddi4
 .text          0x08000f8c        0x4 C:/ST/STM32CubeIDE_1.18.1/STM32CubeIDE/plugins/com.st.stm32cube.ide.mcu.externaltools.gnu-tools-for-stm32.13.3.rel1.win32_1.0.0.202411081344/tools/bin/../lib/gcc/arm-none-eabi/13.3.1/thumb/v7e-m+fp/hard\libgcc.a(_dvmd_tls.o)
                0x08000f8c                __aeabi_idiv0
                0x08000f8c                __aeabi_ldiv0
 *(.text*)
 .text.sendATCommand
                0x08000f90      0x108 ./Core/Src/SIM868.o
                0x08000f90                sendATCommand
 .text.SIM868_Init
                0x08001098      0x19c ./Core/Src/SIM868.o
                0x08001098                SIM868_Init
 .text.SIM868_check_signal
                0x08001234      0x1c0 ./Core/Src/SIM868.o
                0x08001234                SIM868_check_signal
 .text.SIM868_GetGPSLocation
                0x080013f4      0x2fc ./Core/Src/SIM868.o
                0x080013f4                SIM868_GetGPSLocation
 .text.SIM868_sendPostData
                0x080016f0      0x2ac ./Core/Src/SIM868.o
                0x080016f0                SIM868_sendPostData
 .text.sendMQTTPacket
                0x0800199c       0xbc ./Core/Src/SIM868.o
                0x0800199c                sendMQTTPacket
 .text.LoRa_gotoMode
                0x08001a58       0xc2 ./Core/Src/SX1278.o
                0x08001a58                LoRa_gotoMode
 .text.LoRa_readReg
                0x08001b1a       0x7c ./Core/Src/SX1278.o
                0x08001b1a                LoRa_readReg
 .text.LoRa_writeReg
                0x08001b96       0x7c ./Core/Src/SX1278.o
                0x08001b96                LoRa_writeReg
 .text.LoRa_setLowDaraRateOptimization
                0x08001c12       0x4a ./Core/Src/SX1278.o
                0x08001c12                LoRa_setLowDaraRateOptimization
 .text.LoRa_setAutoLDO
                0x08001c5c       0x6c ./Core/Src/SX1278.o
                0x08001c5c                LoRa_setAutoLDO
 .text.LoRa_setFrequency
                0x08001cc8       0x60 ./Core/Src/SX1278.o
                0x08001cc8                LoRa_setFrequency
 .text.LoRa_setSpreadingFactor
                0x08001d28       0x64 ./Core/Src/SX1278.o
                0x08001d28                LoRa_setSpreadingFactor
 .text.LoRa_setPower
                0x08001d8c       0x26 ./Core/Src/SX1278.o
                0x08001d8c                LoRa_setPower
 *fill*         0x08001db2        0x2 
 .text.LoRa_setOCP
                0x08001db4       0x7c ./Core/Src/SX1278.o
                0x08001db4                LoRa_setOCP
 .text.LoRa_setTOMsb_setCRCon
                0x08001e30       0x36 ./Core/Src/SX1278.o
                0x08001e30                LoRa_setTOMsb_setCRCon
 .text.LoRa_read
                0x08001e66       0x34 ./Core/Src/SX1278.o
                0x08001e66                LoRa_read
 .text.LoRa_write
                0x08001e9a       0x3a ./Core/Src/SX1278.o
                0x08001e9a                LoRa_write
 .text.LoRa_BurstWrite
                0x08001ed4       0x8e ./Core/Src/SX1278.o
                0x08001ed4                LoRa_BurstWrite
 .text.LoRa_isvalid
                0x08001f62       0x16 ./Core/Src/SX1278.o
                0x08001f62                LoRa_isvalid
 .text.LoRa_transmit
                0x08001f78       0xb0 ./Core/Src/SX1278.o
                0x08001f78                LoRa_transmit
 .text.LoRa_startReceiving
                0x08002028       0x18 ./Core/Src/SX1278.o
                0x08002028                LoRa_startReceiving
 .text.LoRa_receive
                0x08002040       0xc0 ./Core/Src/SX1278.o
                0x08002040                LoRa_receive
 .text.LoRa_init
                0x08002100      0x14e ./Core/Src/SX1278.o
                0x08002100                LoRa_init
 *fill*         0x0800224e        0x2 
 .text.receive_ack_TX
                0x08002250       0xf4 ./Core/Src/ack_handler.o
                0x08002250                receive_ack_TX
 .text.sendMessageAndWaitForAck_TX
                0x08002344      0x218 ./Core/Src/ack_handler.o
                0x08002344                sendMessageAndWaitForAck_TX
 .text.send_ack_RX
                0x0800255c       0x68 ./Core/Src/ack_handler.o
                0x0800255c                send_ack_RX
 .text.receiveAndsendACK_RX
                0x080025c4      0x1e0 ./Core/Src/ack_handler.o
                0x080025c4                receiveAndsendACK_RX
 .text.Calculate_CRC
                0x080027a4      0x100 ./Core/Src/crc_calculator.o
                0x080027a4                Calculate_CRC
 .text.vApplicationGetIdleTaskMemory
                0x080028a4       0x34 ./Core/Src/freertos.o
                0x080028a4                vApplicationGetIdleTaskMemory
 .text.LoRa_Init
                0x080028d8       0xec ./Core/Src/lora_config.o
                0x080028d8                LoRa_Init
 .text.main     0x080029c4      0x194 ./Core/Src/main.o
                0x080029c4                main
 .text.SystemClock_Config
                0x08002b58       0xd8 ./Core/Src/main.o
                0x08002b58                SystemClock_Config
 .text.MX_CRC_Init
                0x08002c30       0x28 ./Core/Src/main.o
 .text.MX_I2C1_Init
                0x08002c58       0x5c ./Core/Src/main.o
 .text.MX_SPI1_Init
                0x08002cb4       0x6c ./Core/Src/main.o
 .text.MX_USART1_UART_Init
                0x08002d20       0x54 ./Core/Src/main.o
 .text.MX_USART2_Init
                0x08002d74       0x58 ./Core/Src/main.o
 .text.MX_GPIO_Init
                0x08002dcc      0x144 ./Core/Src/main.o
 .text.HAL_GPIO_EXTI_Callback
                0x08002f10       0x30 ./Core/Src/main.o
                0x08002f10                HAL_GPIO_EXTI_Callback
 .text.MPU6050_Task
                0x08002f40       0x28 ./Core/Src/main.o
                0x08002f40                MPU6050_Task
 .text.Decode_Task
                0x08002f68       0x10 ./Core/Src/main.o
                0x08002f68                Decode_Task
 .text.MQTT_Publish_Task
                0x08002f78       0x10 ./Core/Src/main.o
                0x08002f78                MQTT_Publish_Task
 .text.GPS_Task
                0x08002f88       0x60 ./Core/Src/main.o
                0x08002f88                GPS_Task
 .text.Signal_Detection
                0x08002fe8       0x34 ./Core/Src/main.o
                0x08002fe8                Signal_Detection
 .text.Sender_Task
                0x0800301c       0xc8 ./Core/Src/main.o
                0x0800301c                Sender_Task
 .text.LoRa_Receive_Task
                0x080030e4       0x30 ./Core/Src/main.o
                0x080030e4                LoRa_Receive_Task
 .text.HAL_TIM_PeriodElapsedCallback
                0x08003114       0x24 ./Core/Src/main.o
                0x08003114                HAL_TIM_PeriodElapsedCallback
 .text.Error_Handler
                0x08003138        0xc ./Core/Src/main.o
                0x08003138                Error_Handler
 .text.MPU6050_Init
                0x08003144       0xae ./Core/Src/mpu_6050.o
                0x08003144                MPU6050_Init
 *fill*         0x080031f2        0x6 
 .text.MPU6050_Read_All
                0x080031f8      0x3dc ./Core/Src/mpu_6050.o
                0x080031f8                MPU6050_Read_All
 .text.Kalman_getAngle
                0x080035d4      0x2b6 ./Core/Src/mpu_6050.o
                0x080035d4                Kalman_getAngle
 *fill*         0x0800388a        0x2 
 .text.set_last_read_angle_data
                0x0800388c       0x48 ./Core/Src/mpu_6050_task.o
                0x0800388c                set_last_read_angle_data
 *fill*         0x080038d4        0x4 
 .text.MPU6050_Data
                0x080038d8      0x124 ./Core/Src/mpu_6050_task.o
                0x080038d8                MPU6050_Data
 .text.HAL_MspInit
                0x080039fc       0x58 ./Core/Src/stm32f4xx_hal_msp.o
                0x080039fc                HAL_MspInit
 .text.HAL_CRC_MspInit
                0x08003a54       0x44 ./Core/Src/stm32f4xx_hal_msp.o
                0x08003a54                HAL_CRC_MspInit
 .text.HAL_I2C_MspInit
                0x08003a98       0x90 ./Core/Src/stm32f4xx_hal_msp.o
                0x08003a98                HAL_I2C_MspInit
 .text.HAL_SPI_MspInit
                0x08003b28       0x90 ./Core/Src/stm32f4xx_hal_msp.o
                0x08003b28                HAL_SPI_MspInit
 .text.HAL_UART_MspInit
                0x08003bb8       0x90 ./Core/Src/stm32f4xx_hal_msp.o
                0x08003bb8                HAL_UART_MspInit
 .text.HAL_USART_MspInit
                0x08003c48       0x90 ./Core/Src/stm32f4xx_hal_msp.o
                0x08003c48                HAL_USART_MspInit
 .text.HAL_InitTick
                0x08003cd8       0xf8 ./Core/Src/stm32f4xx_hal_timebase_tim.o
                0x08003cd8                HAL_InitTick
 .text.NMI_Handler
                0x08003dd0        0x8 ./Core/Src/stm32f4xx_it.o
                0x08003dd0                NMI_Handler
 .text.HardFault_Handler
                0x08003dd8        0x8 ./Core/Src/stm32f4xx_it.o
                0x08003dd8                HardFault_Handler
 .text.MemManage_Handler
                0x08003de0        0x8 ./Core/Src/stm32f4xx_it.o
                0x08003de0                MemManage_Handler
 .text.BusFault_Handler
                0x08003de8        0x8 ./Core/Src/stm32f4xx_it.o
                0x08003de8                BusFault_Handler
 .text.UsageFault_Handler
                0x08003df0        0x8 ./Core/Src/stm32f4xx_it.o
                0x08003df0                UsageFault_Handler
 .text.DebugMon_Handler
                0x08003df8        0xe ./Core/Src/stm32f4xx_it.o
                0x08003df8                DebugMon_Handler
 .text.EXTI2_IRQHandler
                0x08003e06        0xe ./Core/Src/stm32f4xx_it.o
                0x08003e06                EXTI2_IRQHandler
 .text.TIM3_IRQHandler
                0x08003e14       0x14 ./Core/Src/stm32f4xx_it.o
                0x08003e14                TIM3_IRQHandler
 .text.OTG_FS_IRQHandler
                0x08003e28       0x14 ./Core/Src/stm32f4xx_it.o
                0x08003e28                OTG_FS_IRQHandler
 .text._getpid  0x08003e3c       0x10 ./Core/Src/syscalls.o
                0x08003e3c                _getpid
 .text._kill    0x08003e4c       0x20 ./Core/Src/syscalls.o
                0x08003e4c                _kill
 .text._exit    0x08003e6c       0x16 ./Core/Src/syscalls.o
                0x08003e6c                _exit
 .text._read    0x08003e82       0x3a ./Core/Src/syscalls.o
                0x08003e82                _read
 .text._write   0x08003ebc       0x38 ./Core/Src/syscalls.o
                0x08003ebc                _write
 .text._close   0x08003ef4       0x18 ./Core/Src/syscalls.o
                0x08003ef4                _close
 .text._fstat   0x08003f0c       0x20 ./Core/Src/syscalls.o
                0x08003f0c                _fstat
 .text._isatty  0x08003f2c       0x16 ./Core/Src/syscalls.o
                0x08003f2c                _isatty
 .text._lseek   0x08003f42       0x1a ./Core/Src/syscalls.o
                0x08003f42                _lseek
 .text._sbrk    0x08003f5c       0x6c ./Core/Src/sysmem.o
                0x08003f5c                _sbrk
 .text.SystemInit
                0x08003fc8       0x24 ./Core/Src/system_stm32f4xx.o
                0x08003fc8                SystemInit
 .text.Reset_Handler
                0x08003fec       0x50 ./Core/Startup/startup_stm32f401rctx.o
                0x08003fec                Reset_Handler
 .text.Default_Handler
                0x0800403c        0x2 ./Core/Startup/startup_stm32f401rctx.o
                0x0800403c                RTC_Alarm_IRQHandler
                0x0800403c                SPI4_IRQHandler
                0x0800403c                TIM1_CC_IRQHandler
                0x0800403c                DMA2_Stream5_IRQHandler
                0x0800403c                DMA1_Stream5_IRQHandler
                0x0800403c                PVD_IRQHandler
                0x0800403c                SDIO_IRQHandler
                0x0800403c                TAMP_STAMP_IRQHandler
                0x0800403c                EXTI3_IRQHandler
                0x0800403c                TIM1_UP_TIM10_IRQHandler
                0x0800403c                I2C3_ER_IRQHandler
                0x0800403c                EXTI0_IRQHandler
                0x0800403c                I2C2_EV_IRQHandler
                0x0800403c                DMA1_Stream2_IRQHandler
                0x0800403c                FPU_IRQHandler
                0x0800403c                DMA2_Stream2_IRQHandler
                0x0800403c                SPI1_IRQHandler
                0x0800403c                TIM1_BRK_TIM9_IRQHandler
                0x0800403c                DMA2_Stream3_IRQHandler
                0x0800403c                USART6_IRQHandler
                0x0800403c                DMA2_Stream0_IRQHandler
                0x0800403c                TIM4_IRQHandler
                0x0800403c                I2C1_EV_IRQHandler
                0x0800403c                DMA1_Stream6_IRQHandler
                0x0800403c                DMA1_Stream1_IRQHandler
                0x0800403c                RCC_IRQHandler
                0x0800403c                Default_Handler
                0x0800403c                EXTI15_10_IRQHandler
                0x0800403c                ADC_IRQHandler
                0x0800403c                DMA1_Stream7_IRQHandler
                0x0800403c                TIM5_IRQHandler
                0x0800403c                DMA2_Stream7_IRQHandler
                0x0800403c                I2C3_EV_IRQHandler
                0x0800403c                EXTI9_5_IRQHandler
                0x0800403c                RTC_WKUP_IRQHandler
                0x0800403c                SPI2_IRQHandler
                0x0800403c                DMA1_Stream0_IRQHandler
                0x0800403c                EXTI4_IRQHandler
                0x0800403c                WWDG_IRQHandler
                0x0800403c                TIM2_IRQHandler
                0x0800403c                OTG_FS_WKUP_IRQHandler
                0x0800403c                TIM1_TRG_COM_TIM11_IRQHandler
                0x0800403c                EXTI1_IRQHandler
                0x0800403c                USART2_IRQHandler
                0x0800403c                I2C2_ER_IRQHandler
                0x0800403c                DMA2_Stream1_IRQHandler
                0x0800403c                FLASH_IRQHandler
                0x0800403c                DMA2_Stream4_IRQHandler
                0x0800403c                USART1_IRQHandler
                0x0800403c                SPI3_IRQHandler
                0x0800403c                DMA1_Stream4_IRQHandler
                0x0800403c                I2C1_ER_IRQHandler
                0x0800403c                DMA2_Stream6_IRQHandler
                0x0800403c                DMA1_Stream3_IRQHandler
 *fill*         0x0800403e        0x2 
 .text.HAL_Init
                0x08004040       0x44 ./Drivers/STM32F4xx_HAL_Driver/Src/stm32f4xx_hal.o
                0x08004040                HAL_Init
 .text.HAL_IncTick
                0x08004084       0x28 ./Drivers/STM32F4xx_HAL_Driver/Src/stm32f4xx_hal.o
                0x08004084                HAL_IncTick
 .text.HAL_GetTick
                0x080040ac       0x18 ./Drivers/STM32F4xx_HAL_Driver/Src/stm32f4xx_hal.o
                0x080040ac                HAL_GetTick
 .text.HAL_Delay
                0x080040c4       0x48 ./Drivers/STM32F4xx_HAL_Driver/Src/stm32f4xx_hal.o
                0x080040c4                HAL_Delay
 .text.__NVIC_SetPriorityGrouping
                0x0800410c       0x48 ./Drivers/STM32F4xx_HAL_Driver/Src/stm32f4xx_hal_cortex.o
 .text.__NVIC_GetPriorityGrouping
                0x08004154       0x1c ./Drivers/STM32F4xx_HAL_Driver/Src/stm32f4xx_hal_cortex.o
 .text.__NVIC_EnableIRQ
                0x08004170       0x3c ./Drivers/STM32F4xx_HAL_Driver/Src/stm32f4xx_hal_cortex.o
 .text.__NVIC_SetPriority
                0x080041ac       0x54 ./Drivers/STM32F4xx_HAL_Driver/Src/stm32f4xx_hal_cortex.o
 .text.NVIC_EncodePriority
                0x08004200       0x66 ./Drivers/STM32F4xx_HAL_Driver/Src/stm32f4xx_hal_cortex.o
 .text.HAL_NVIC_SetPriorityGrouping
                0x08004266       0x16 ./Drivers/STM32F4xx_HAL_Driver/Src/stm32f4xx_hal_cortex.o
                0x08004266                HAL_NVIC_SetPriorityGrouping
 .text.HAL_NVIC_SetPriority
                0x0800427c       0x38 ./Drivers/STM32F4xx_HAL_Driver/Src/stm32f4xx_hal_cortex.o
                0x0800427c                HAL_NVIC_SetPriority
 .text.HAL_NVIC_EnableIRQ
                0x080042b4       0x1c ./Drivers/STM32F4xx_HAL_Driver/Src/stm32f4xx_hal_cortex.o
                0x080042b4                HAL_NVIC_EnableIRQ
 .text.HAL_CRC_Init
                0x080042d0       0x38 ./Drivers/STM32F4xx_HAL_Driver/Src/stm32f4xx_hal_crc.o
                0x080042d0                HAL_CRC_Init
 .text.HAL_CRC_Calculate
                0x08004308       0x66 ./Drivers/STM32F4xx_HAL_Driver/Src/stm32f4xx_hal_crc.o
                0x08004308                HAL_CRC_Calculate
 *fill*         0x0800436e        0x2 
 .text.HAL_GPIO_Init
                0x08004370      0x308 ./Drivers/STM32F4xx_HAL_Driver/Src/stm32f4xx_hal_gpio.o
                0x08004370                HAL_GPIO_Init
 .text.HAL_GPIO_WritePin
                0x08004678       0x32 ./Drivers/STM32F4xx_HAL_Driver/Src/stm32f4xx_hal_gpio.o
                0x08004678                HAL_GPIO_WritePin
 *fill*         0x080046aa        0x2 
 .text.HAL_GPIO_EXTI_IRQHandler
                0x080046ac       0x30 ./Drivers/STM32F4xx_HAL_Driver/Src/stm32f4xx_hal_gpio.o
                0x080046ac                HAL_GPIO_EXTI_IRQHandler
 .text.HAL_I2C_Init
                0x080046dc      0x288 ./Drivers/STM32F4xx_HAL_Driver/Src/stm32f4xx_hal_i2c.o
                0x080046dc                HAL_I2C_Init
 .text.HAL_I2C_Mem_Write
                0x08004964      0x1f4 ./Drivers/STM32F4xx_HAL_Driver/Src/stm32f4xx_hal_i2c.o
                0x08004964                HAL_I2C_Mem_Write
 .text.HAL_I2C_Mem_Read
                0x08004b58      0x464 ./Drivers/STM32F4xx_HAL_Driver/Src/stm32f4xx_hal_i2c.o
                0x08004b58                HAL_I2C_Mem_Read
 .text.I2C_RequestMemoryWrite
                0x08004fbc      0x12c ./Drivers/STM32F4xx_HAL_Driver/Src/stm32f4xx_hal_i2c.o
 .text.I2C_RequestMemoryRead
                0x080050e8      0x1d0 ./Drivers/STM32F4xx_HAL_Driver/Src/stm32f4xx_hal_i2c.o
 .text.I2C_WaitOnFlagUntilTimeout
                0x080052b8       0xf4 ./Drivers/STM32F4xx_HAL_Driver/Src/stm32f4xx_hal_i2c.o
 .text.I2C_WaitOnMasterAddressFlagUntilTimeout
                0x080053ac      0x140 ./Drivers/STM32F4xx_HAL_Driver/Src/stm32f4xx_hal_i2c.o
 .text.I2C_WaitOnTXEFlagUntilTimeout
                0x080054ec       0x90 ./Drivers/STM32F4xx_HAL_Driver/Src/stm32f4xx_hal_i2c.o
 .text.I2C_WaitOnBTFFlagUntilTimeout
                0x0800557c       0x90 ./Drivers/STM32F4xx_HAL_Driver/Src/stm32f4xx_hal_i2c.o
 .text.I2C_WaitOnRXNEFlagUntilTimeout
                0x0800560c       0xba ./Drivers/STM32F4xx_HAL_Driver/Src/stm32f4xx_hal_i2c.o
 .text.I2C_IsAcknowledgeFailed
                0x080056c6       0x5e ./Drivers/STM32F4xx_HAL_Driver/Src/stm32f4xx_hal_i2c.o
 .text.HAL_PCD_Init
                0x08005724      0x21e ./Drivers/STM32F4xx_HAL_Driver/Src/stm32f4xx_hal_pcd.o
                0x08005724                HAL_PCD_Init
 .text.HAL_PCD_Start
                0x08005942       0x6a ./Drivers/STM32F4xx_HAL_Driver/Src/stm32f4xx_hal_pcd.o
                0x08005942                HAL_PCD_Start
 .text.HAL_PCD_IRQHandler
                0x080059ac      0x942 ./Drivers/STM32F4xx_HAL_Driver/Src/stm32f4xx_hal_pcd.o
                0x080059ac                HAL_PCD_IRQHandler
 .text.HAL_PCD_SetAddress
                0x080062ee       0x48 ./Drivers/STM32F4xx_HAL_Driver/Src/stm32f4xx_hal_pcd.o
                0x080062ee                HAL_PCD_SetAddress
 .text.HAL_PCD_EP_Open
                0x08006336       0xd4 ./Drivers/STM32F4xx_HAL_Driver/Src/stm32f4xx_hal_pcd.o
                0x08006336                HAL_PCD_EP_Open
 .text.HAL_PCD_EP_Close
                0x0800640a       0x94 ./Drivers/STM32F4xx_HAL_Driver/Src/stm32f4xx_hal_pcd.o
                0x0800640a                HAL_PCD_EP_Close
 .text.HAL_PCD_EP_Receive
                0x0800649e       0x76 ./Drivers/STM32F4xx_HAL_Driver/Src/stm32f4xx_hal_pcd.o
                0x0800649e                HAL_PCD_EP_Receive
 .text.HAL_PCD_EP_GetRxCount
                0x08006514       0x30 ./Drivers/STM32F4xx_HAL_Driver/Src/stm32f4xx_hal_pcd.o
                0x08006514                HAL_PCD_EP_GetRxCount
 .text.HAL_PCD_EP_Transmit
                0x08006544       0x74 ./Drivers/STM32F4xx_HAL_Driver/Src/stm32f4xx_hal_pcd.o
                0x08006544                HAL_PCD_EP_Transmit
 .text.HAL_PCD_EP_SetStall
                0x080065b8       0xc6 ./Drivers/STM32F4xx_HAL_Driver/Src/stm32f4xx_hal_pcd.o
                0x080065b8                HAL_PCD_EP_SetStall
 .text.HAL_PCD_EP_ClrStall
                0x0800667e       0xac ./Drivers/STM32F4xx_HAL_Driver/Src/stm32f4xx_hal_pcd.o
                0x0800667e                HAL_PCD_EP_ClrStall
 .text.HAL_PCD_EP_Abort
                0x0800672a       0x62 ./Drivers/STM32F4xx_HAL_Driver/Src/stm32f4xx_hal_pcd.o
                0x0800672a                HAL_PCD_EP_Abort
 .text.PCD_WriteEmptyTxFifo
                0x0800678c      0x118 ./Drivers/STM32F4xx_HAL_Driver/Src/stm32f4xx_hal_pcd.o
 .text.PCD_EP_OutXfrComplete_int
                0x080068a4      0x1d0 ./Drivers/STM32F4xx_HAL_Driver/Src/stm32f4xx_hal_pcd.o
 .text.PCD_EP_OutSetupPacket_int
                0x08006a74       0x8c ./Drivers/STM32F4xx_HAL_Driver/Src/stm32f4xx_hal_pcd.o
 .text.HAL_PCDEx_SetTxFiFo
                0x08006b00       0x8e ./Drivers/STM32F4xx_HAL_Driver/Src/stm32f4xx_hal_pcd_ex.o
                0x08006b00                HAL_PCDEx_SetTxFiFo
 .text.HAL_PCDEx_SetRxFiFo
                0x08006b8e       0x22 ./Drivers/STM32F4xx_HAL_Driver/Src/stm32f4xx_hal_pcd_ex.o
                0x08006b8e                HAL_PCDEx_SetRxFiFo
 .text.HAL_PCDEx_LPM_Callback
                0x08006bb0       0x18 ./Drivers/STM32F4xx_HAL_Driver/Src/stm32f4xx_hal_pcd_ex.o
                0x08006bb0                HAL_PCDEx_LPM_Callback
 .text.HAL_RCC_OscConfig
                0x08006bc8      0x4f0 ./Drivers/STM32F4xx_HAL_Driver/Src/stm32f4xx_hal_rcc.o
                0x08006bc8                HAL_RCC_OscConfig
 .text.HAL_RCC_ClockConfig
                0x080070b8      0x1cc ./Drivers/STM32F4xx_HAL_Driver/Src/stm32f4xx_hal_rcc.o
                0x080070b8                HAL_RCC_ClockConfig
 .text.HAL_RCC_GetSysClockFreq
                0x08007284      0x18c ./Drivers/STM32F4xx_HAL_Driver/Src/stm32f4xx_hal_rcc.o
                0x08007284                HAL_RCC_GetSysClockFreq
 .text.HAL_RCC_GetHCLKFreq
                0x08007410       0x18 ./Drivers/STM32F4xx_HAL_Driver/Src/stm32f4xx_hal_rcc.o
                0x08007410                HAL_RCC_GetHCLKFreq
 .text.HAL_RCC_GetPCLK1Freq
                0x08007428       0x28 ./Drivers/STM32F4xx_HAL_Driver/Src/stm32f4xx_hal_rcc.o
                0x08007428                HAL_RCC_GetPCLK1Freq
 .text.HAL_RCC_GetPCLK2Freq
                0x08007450       0x28 ./Drivers/STM32F4xx_HAL_Driver/Src/stm32f4xx_hal_rcc.o
                0x08007450                HAL_RCC_GetPCLK2Freq
 .text.HAL_RCC_GetClockConfig
                0x08007478       0x64 ./Drivers/STM32F4xx_HAL_Driver/Src/stm32f4xx_hal_rcc.o
                0x08007478                HAL_RCC_GetClockConfig
 .text.HAL_SPI_Init
                0x080074dc      0x112 ./Drivers/STM32F4xx_HAL_Driver/Src/stm32f4xx_hal_spi.o
                0x080074dc                HAL_SPI_Init
 .text.HAL_SPI_Transmit
                0x080075ee      0x288 ./Drivers/STM32F4xx_HAL_Driver/Src/stm32f4xx_hal_spi.o
                0x080075ee                HAL_SPI_Transmit
 .text.HAL_SPI_Receive
                0x08007876      0x232 ./Drivers/STM32F4xx_HAL_Driver/Src/stm32f4xx_hal_spi.o
                0x08007876                HAL_SPI_Receive
 .text.HAL_SPI_TransmitReceive
                0x08007aa8      0x352 ./Drivers/STM32F4xx_HAL_Driver/Src/stm32f4xx_hal_spi.o
                0x08007aa8                HAL_SPI_TransmitReceive
 .text.HAL_SPI_GetState
                0x08007dfa       0x1c ./Drivers/STM32F4xx_HAL_Driver/Src/stm32f4xx_hal_spi.o
                0x08007dfa                HAL_SPI_GetState
 *fill*         0x08007e16        0x2 
 .text.SPI_WaitFlagStateUntilTimeout
                0x08007e18      0x110 ./Drivers/STM32F4xx_HAL_Driver/Src/stm32f4xx_hal_spi.o
 .text.SPI_EndRxTransaction
                0x08007f28       0xca ./Drivers/STM32F4xx_HAL_Driver/Src/stm32f4xx_hal_spi.o
 *fill*         0x08007ff2        0x2 
 .text.SPI_EndRxTxTransaction
                0x08007ff4       0xa8 ./Drivers/STM32F4xx_HAL_Driver/Src/stm32f4xx_hal_spi.o
 .text.HAL_TIM_Base_Init
                0x0800809c       0x9e ./Drivers/STM32F4xx_HAL_Driver/Src/stm32f4xx_hal_tim.o
                0x0800809c                HAL_TIM_Base_Init
 .text.HAL_TIM_Base_MspInit
                0x0800813a       0x14 ./Drivers/STM32F4xx_HAL_Driver/Src/stm32f4xx_hal_tim.o
                0x0800813a                HAL_TIM_Base_MspInit
 *fill*         0x0800814e        0x2 
 .text.HAL_TIM_Base_Start_IT
                0x08008150       0xc4 ./Drivers/STM32F4xx_HAL_Driver/Src/stm32f4xx_hal_tim.o
                0x08008150                HAL_TIM_Base_Start_IT
 .text.HAL_TIM_IRQHandler
                0x08008214      0x1e0 ./Drivers/STM32F4xx_HAL_Driver/Src/stm32f4xx_hal_tim.o
                0x08008214                HAL_TIM_IRQHandler
 .text.HAL_TIM_OC_DelayElapsedCallback
                0x080083f4       0x14 ./Drivers/STM32F4xx_HAL_Driver/Src/stm32f4xx_hal_tim.o
                0x080083f4                HAL_TIM_OC_DelayElapsedCallback
 .text.HAL_TIM_IC_CaptureCallback
                0x08008408       0x14 ./Drivers/STM32F4xx_HAL_Driver/Src/stm32f4xx_hal_tim.o
                0x08008408                HAL_TIM_IC_CaptureCallback
 .text.HAL_TIM_PWM_PulseFinishedCallback
                0x0800841c       0x14 ./Drivers/STM32F4xx_HAL_Driver/Src/stm32f4xx_hal_tim.o
                0x0800841c                HAL_TIM_PWM_PulseFinishedCallback
 .text.HAL_TIM_TriggerCallback
                0x08008430       0x14 ./Drivers/STM32F4xx_HAL_Driver/Src/stm32f4xx_hal_tim.o
                0x08008430                HAL_TIM_TriggerCallback
 .text.TIM_Base_SetConfig
                0x08008444      0x10c ./Drivers/STM32F4xx_HAL_Driver/Src/stm32f4xx_hal_tim.o
                0x08008444                TIM_Base_SetConfig
 .text.HAL_TIMEx_CommutCallback
                0x08008550       0x14 ./Drivers/STM32F4xx_HAL_Driver/Src/stm32f4xx_hal_tim_ex.o
                0x08008550                HAL_TIMEx_CommutCallback
 .text.HAL_TIMEx_BreakCallback
                0x08008564       0x14 ./Drivers/STM32F4xx_HAL_Driver/Src/stm32f4xx_hal_tim_ex.o
                0x08008564                HAL_TIMEx_BreakCallback
 .text.HAL_UART_Init
                0x08008578       0xa0 ./Drivers/STM32F4xx_HAL_Driver/Src/stm32f4xx_hal_uart.o
                0x08008578                HAL_UART_Init
 .text.HAL_UART_Transmit
                0x08008618      0x116 ./Drivers/STM32F4xx_HAL_Driver/Src/stm32f4xx_hal_uart.o
                0x08008618                HAL_UART_Transmit
 .text.HAL_UART_Receive
                0x0800872e      0x12e ./Drivers/STM32F4xx_HAL_Driver/Src/stm32f4xx_hal_uart.o
                0x0800872e                HAL_UART_Receive
 .text.UART_WaitOnFlagUntilTimeout
                0x0800885c       0xb2 ./Drivers/STM32F4xx_HAL_Driver/Src/stm32f4xx_hal_uart.o
 .text.UART_EndRxTransfer
                0x0800890e       0xc6 ./Drivers/STM32F4xx_HAL_Driver/Src/stm32f4xx_hal_uart.o
 .text.UART_SetConfig
                0x080089d4      0x4e8 ./Drivers/STM32F4xx_HAL_Driver/Src/stm32f4xx_hal_uart.o
 .text.HAL_USART_Init
                0x08008ebc       0x82 ./Drivers/STM32F4xx_HAL_Driver/Src/stm32f4xx_hal_usart.o
                0x08008ebc                HAL_USART_Init
 *fill*         0x08008f3e        0x2 
 .text.USART_SetConfig
                0x08008f40      0x530 ./Drivers/STM32F4xx_HAL_Driver/Src/stm32f4xx_hal_usart.o
 .text.USB_CoreInit
                0x08009470       0xc8 ./Drivers/STM32F4xx_HAL_Driver/Src/stm32f4xx_ll_usb.o
                0x08009470                USB_CoreInit
 .text.USB_SetTurnaroundTime
                0x08009538      0x144 ./Drivers/STM32F4xx_HAL_Driver/Src/stm32f4xx_ll_usb.o
                0x08009538                USB_SetTurnaroundTime
 .text.USB_EnableGlobalInt
                0x0800967c       0x22 ./Drivers/STM32F4xx_HAL_Driver/Src/stm32f4xx_ll_usb.o
                0x0800967c                USB_EnableGlobalInt
 .text.USB_DisableGlobalInt
                0x0800969e       0x22 ./Drivers/STM32F4xx_HAL_Driver/Src/stm32f4xx_ll_usb.o
                0x0800969e                USB_DisableGlobalInt
 .text.USB_SetCurrentMode
                0x080096c0       0x98 ./Drivers/STM32F4xx_HAL_Driver/Src/stm32f4xx_ll_usb.o
                0x080096c0                USB_SetCurrentMode
 .text.USB_DevInit
                0x08009758      0x2c8 ./Drivers/STM32F4xx_HAL_Driver/Src/stm32f4xx_ll_usb.o
                0x08009758                USB_DevInit
 .text.USB_FlushTxFifo
                0x08009a20       0x64 ./Drivers/STM32F4xx_HAL_Driver/Src/stm32f4xx_ll_usb.o
                0x08009a20                USB_FlushTxFifo
 .text.USB_FlushRxFifo
                0x08009a84       0x5c ./Drivers/STM32F4xx_HAL_Driver/Src/stm32f4xx_ll_usb.o
                0x08009a84                USB_FlushRxFifo
 .text.USB_SetDevSpeed
                0x08009ae0       0x32 ./Drivers/STM32F4xx_HAL_Driver/Src/stm32f4xx_ll_usb.o
                0x08009ae0                USB_SetDevSpeed
 .text.USB_GetDevSpeed
                0x08009b12       0x4a ./Drivers/STM32F4xx_HAL_Driver/Src/stm32f4xx_ll_usb.o
                0x08009b12                USB_GetDevSpeed
 .text.USB_ActivateEndpoint
                0x08009b5c      0x10e ./Drivers/STM32F4xx_HAL_Driver/Src/stm32f4xx_ll_usb.o
                0x08009b5c                USB_ActivateEndpoint
 *fill*         0x08009c6a        0x2 
 .text.USB_DeactivateEndpoint
                0x08009c6c      0x1b8 ./Drivers/STM32F4xx_HAL_Driver/Src/stm32f4xx_ll_usb.o
                0x08009c6c                USB_DeactivateEndpoint
 .text.USB_EPStartXfer
                0x08009e24      0x53c ./Drivers/STM32F4xx_HAL_Driver/Src/stm32f4xx_ll_usb.o
                0x08009e24                USB_EPStartXfer
 .text.USB_EPStopXfer
                0x0800a360      0x154 ./Drivers/STM32F4xx_HAL_Driver/Src/stm32f4xx_ll_usb.o
                0x0800a360                USB_EPStopXfer
 .text.USB_WritePacket
                0x0800a4b4       0x7c ./Drivers/STM32F4xx_HAL_Driver/Src/stm32f4xx_ll_usb.o
                0x0800a4b4                USB_WritePacket
 .text.USB_ReadPacket
                0x0800a530       0xb0 ./Drivers/STM32F4xx_HAL_Driver/Src/stm32f4xx_ll_usb.o
                0x0800a530                USB_ReadPacket
 .text.USB_EPSetStall
                0x0800a5e0       0xdc ./Drivers/STM32F4xx_HAL_Driver/Src/stm32f4xx_ll_usb.o
                0x0800a5e0                USB_EPSetStall
 .text.USB_EPClearStall
                0x0800a6bc       0xcc ./Drivers/STM32F4xx_HAL_Driver/Src/stm32f4xx_ll_usb.o
                0x0800a6bc                USB_EPClearStall
 .text.USB_SetDevAddress
                0x0800a788       0x4c ./Drivers/STM32F4xx_HAL_Driver/Src/stm32f4xx_ll_usb.o
                0x0800a788                USB_SetDevAddress
 .text.USB_DevConnect
                0x0800a7d4       0x42 ./Drivers/STM32F4xx_HAL_Driver/Src/stm32f4xx_ll_usb.o
                0x0800a7d4                USB_DevConnect
 .text.USB_DevDisconnect
                0x0800a816       0x42 ./Drivers/STM32F4xx_HAL_Driver/Src/stm32f4xx_ll_usb.o
                0x0800a816                USB_DevDisconnect
 .text.USB_ReadInterrupts
                0x0800a858       0x26 ./Drivers/STM32F4xx_HAL_Driver/Src/stm32f4xx_ll_usb.o
                0x0800a858                USB_ReadInterrupts
 .text.USB_ReadDevAllOutEpInterrupt
                0x0800a87e       0x34 ./Drivers/STM32F4xx_HAL_Driver/Src/stm32f4xx_ll_usb.o
                0x0800a87e                USB_ReadDevAllOutEpInterrupt
 .text.USB_ReadDevAllInEpInterrupt
                0x0800a8b2       0x34 ./Drivers/STM32F4xx_HAL_Driver/Src/stm32f4xx_ll_usb.o
                0x0800a8b2                USB_ReadDevAllInEpInterrupt
 .text.USB_ReadDevOutEPInterrupt
                0x0800a8e6       0x3c ./Drivers/STM32F4xx_HAL_Driver/Src/stm32f4xx_ll_usb.o
                0x0800a8e6                USB_ReadDevOutEPInterrupt
 .text.USB_ReadDevInEPInterrupt
                0x0800a922       0x5c ./Drivers/STM32F4xx_HAL_Driver/Src/stm32f4xx_ll_usb.o
                0x0800a922                USB_ReadDevInEPInterrupt
 .text.USB_GetMode
                0x0800a97e       0x1c ./Drivers/STM32F4xx_HAL_Driver/Src/stm32f4xx_ll_usb.o
                0x0800a97e                USB_GetMode
 .text.USB_ActivateSetup
                0x0800a99a       0x46 ./Drivers/STM32F4xx_HAL_Driver/Src/stm32f4xx_ll_usb.o
                0x0800a99a                USB_ActivateSetup
 .text.USB_EP0_OutStart
                0x0800a9e0       0xbc ./Drivers/STM32F4xx_HAL_Driver/Src/stm32f4xx_ll_usb.o
                0x0800a9e0                USB_EP0_OutStart
 .text.USB_CoreReset
                0x0800aa9c       0x70 ./Drivers/STM32F4xx_HAL_Driver/Src/stm32f4xx_ll_usb.o
 .text.USBD_CDC_Init
                0x0800ab0c      0x1f0 ./Middlewares/ST/STM32_USB_Device_Library/Class/CDC/Src/usbd_cdc.o
 .text.USBD_CDC_DeInit
                0x0800acfc      0x104 ./Middlewares/ST/STM32_USB_Device_Library/Class/CDC/Src/usbd_cdc.o
 .text.USBD_CDC_Setup
                0x0800ae00      0x1b8 ./Middlewares/ST/STM32_USB_Device_Library/Class/CDC/Src/usbd_cdc.o
 .text.USBD_CDC_DataIn
                0x0800afb8       0xfe ./Middlewares/ST/STM32_USB_Device_Library/Class/CDC/Src/usbd_cdc.o
 .text.USBD_CDC_DataOut
                0x0800b0b6       0x70 ./Middlewares/ST/STM32_USB_Device_Library/Class/CDC/Src/usbd_cdc.o
 .text.USBD_CDC_EP0_RxReady
                0x0800b126       0x74 ./Middlewares/ST/STM32_USB_Device_Library/Class/CDC/Src/usbd_cdc.o
 *fill*         0x0800b19a        0x2 
 .text.USBD_CDC_GetFSCfgDesc
                0x0800b19c       0x70 ./Middlewares/ST/STM32_USB_Device_Library/Class/CDC/Src/usbd_cdc.o
 .text.USBD_CDC_GetHSCfgDesc
                0x0800b20c       0x70 ./Middlewares/ST/STM32_USB_Device_Library/Class/CDC/Src/usbd_cdc.o
 .text.USBD_CDC_GetOtherSpeedCfgDesc
                0x0800b27c       0x70 ./Middlewares/ST/STM32_USB_Device_Library/Class/CDC/Src/usbd_cdc.o
 .text.USBD_CDC_GetDeviceQualifierDescriptor
                0x0800b2ec       0x20 ./Middlewares/ST/STM32_USB_Device_Library/Class/CDC/Src/usbd_cdc.o
                0x0800b2ec                USBD_CDC_GetDeviceQualifierDescriptor
 .text.USBD_CDC_RegisterInterface
                0x0800b30c       0x34 ./Middlewares/ST/STM32_USB_Device_Library/Class/CDC/Src/usbd_cdc.o
                0x0800b30c                USBD_CDC_RegisterInterface
 .text.USBD_CDC_SetTxBuffer
                0x0800b340       0x44 ./Middlewares/ST/STM32_USB_Device_Library/Class/CDC/Src/usbd_cdc.o
                0x0800b340                USBD_CDC_SetTxBuffer
 .text.USBD_CDC_SetRxBuffer
                0x0800b384       0x3a ./Middlewares/ST/STM32_USB_Device_Library/Class/CDC/Src/usbd_cdc.o
                0x0800b384                USBD_CDC_SetRxBuffer
 *fill*         0x0800b3be        0x2 
 .text.USBD_CDC_TransmitPacket
                0x0800b3c0       0x80 ./Middlewares/ST/STM32_USB_Device_Library/Class/CDC/Src/usbd_cdc.o
                0x0800b3c0                USBD_CDC_TransmitPacket
 .text.USBD_CDC_ReceivePacket
                0x0800b440       0x6c ./Middlewares/ST/STM32_USB_Device_Library/Class/CDC/Src/usbd_cdc.o
                0x0800b440                USBD_CDC_ReceivePacket
 .text.USBD_Init
                0x0800b4ac       0x60 ./Middlewares/ST/STM32_USB_Device_Library/Core/Src/usbd_core.o
                0x0800b4ac                USBD_Init
 .text.USBD_RegisterClass
                0x0800b50c       0x6c ./Middlewares/ST/STM32_USB_Device_Library/Core/Src/usbd_core.o
                0x0800b50c                USBD_RegisterClass
 .text.USBD_Start
                0x0800b578       0x18 ./Middlewares/ST/STM32_USB_Device_Library/Core/Src/usbd_core.o
                0x0800b578                USBD_Start
 .text.USBD_RunTestMode
                0x0800b590       0x16 ./Middlewares/ST/STM32_USB_Device_Library/Core/Src/usbd_core.o
                0x0800b590                USBD_RunTestMode
 .text.USBD_SetClassConfig
                0x0800b5a6       0x38 ./Middlewares/ST/STM32_USB_Device_Library/Core/Src/usbd_core.o
                0x0800b5a6                USBD_SetClassConfig
 .text.USBD_ClrClassConfig
                0x0800b5de       0x34 ./Middlewares/ST/STM32_USB_Device_Library/Core/Src/usbd_core.o
                0x0800b5de                USBD_ClrClassConfig
 .text.USBD_LL_SetupStage
                0x0800b612       0xaa ./Middlewares/ST/STM32_USB_Device_Library/Core/Src/usbd_core.o
                0x0800b612                USBD_LL_SetupStage
 .text.USBD_LL_DataOutStage
                0x0800b6bc      0x178 ./Middlewares/ST/STM32_USB_Device_Library/Core/Src/usbd_core.o
                0x0800b6bc                USBD_LL_DataOutStage
 .text.USBD_LL_DataInStage
                0x0800b834      0x176 ./Middlewares/ST/STM32_USB_Device_Library/Core/Src/usbd_core.o
                0x0800b834                USBD_LL_DataInStage
 .text.USBD_LL_Reset
                0x0800b9aa       0xa6 ./Middlewares/ST/STM32_USB_Device_Library/Core/Src/usbd_core.o
                0x0800b9aa                USBD_LL_Reset
 .text.USBD_LL_SetSpeed
                0x0800ba50       0x20 ./Middlewares/ST/STM32_USB_Device_Library/Core/Src/usbd_core.o
                0x0800ba50                USBD_LL_SetSpeed
 .text.USBD_LL_Suspend
                0x0800ba70       0x38 ./Middlewares/ST/STM32_USB_Device_Library/Core/Src/usbd_core.o
                0x0800ba70                USBD_LL_Suspend
 .text.USBD_LL_Resume
                0x0800baa8       0x30 ./Middlewares/ST/STM32_USB_Device_Library/Core/Src/usbd_core.o
                0x0800baa8                USBD_LL_Resume
 .text.USBD_LL_SOF
                0x0800bad8       0x40 ./Middlewares/ST/STM32_USB_Device_Library/Core/Src/usbd_core.o
                0x0800bad8                USBD_LL_SOF
 .text.USBD_LL_IsoINIncomplete
                0x0800bb18       0x64 ./Middlewares/ST/STM32_USB_Device_Library/Core/Src/usbd_core.o
                0x0800bb18                USBD_LL_IsoINIncomplete
 .text.USBD_LL_IsoOUTIncomplete
                0x0800bb7c       0x64 ./Middlewares/ST/STM32_USB_Device_Library/Core/Src/usbd_core.o
                0x0800bb7c                USBD_LL_IsoOUTIncomplete
 .text.USBD_LL_DevConnected
                0x0800bbe0       0x16 ./Middlewares/ST/STM32_USB_Device_Library/Core/Src/usbd_core.o
                0x0800bbe0                USBD_LL_DevConnected
 .text.USBD_LL_DevDisconnected
                0x0800bbf6       0x46 ./Middlewares/ST/STM32_USB_Device_Library/Core/Src/usbd_core.o
                0x0800bbf6                USBD_LL_DevDisconnected
 .text.USBD_CoreFindIF
                0x0800bc3c       0x1a ./Middlewares/ST/STM32_USB_Device_Library/Core/Src/usbd_core.o
                0x0800bc3c                USBD_CoreFindIF
 .text.USBD_CoreFindEP
                0x0800bc56       0x1a ./Middlewares/ST/STM32_USB_Device_Library/Core/Src/usbd_core.o
                0x0800bc56                USBD_CoreFindEP
 .text.USBD_GetEpDesc
                0x0800bc70       0x70 ./Middlewares/ST/STM32_USB_Device_Library/Core/Src/usbd_core.o
                0x0800bc70                USBD_GetEpDesc
 .text.USBD_GetNextDesc
                0x0800bce0       0x38 ./Middlewares/ST/STM32_USB_Device_Library/Core/Src/usbd_core.o
                0x0800bce0                USBD_GetNextDesc
 .text.SWAPBYTE
                0x0800bd18       0x3e ./Middlewares/ST/STM32_USB_Device_Library/Core/Src/usbd_ctlreq.o
 *fill*         0x0800bd56        0x2 
 .text.USBD_StdDevReq
                0x0800bd58       0xe4 ./Middlewares/ST/STM32_USB_Device_Library/Core/Src/usbd_ctlreq.o
                0x0800bd58                USBD_StdDevReq
 .text.USBD_StdItfReq
                0x0800be3c       0xd8 ./Middlewares/ST/STM32_USB_Device_Library/Core/Src/usbd_ctlreq.o
                0x0800be3c                USBD_StdItfReq
 .text.USBD_StdEPReq
                0x0800bf14      0x33e ./Middlewares/ST/STM32_USB_Device_Library/Core/Src/usbd_ctlreq.o
                0x0800bf14                USBD_StdEPReq
 *fill*         0x0800c252        0x2 
 .text.USBD_GetDescriptor
                0x0800c254      0x2d4 ./Middlewares/ST/STM32_USB_Device_Library/Core/Src/usbd_ctlreq.o
 .text.USBD_SetAddress
                0x0800c528       0x88 ./Middlewares/ST/STM32_USB_Device_Library/Core/Src/usbd_ctlreq.o
 .text.USBD_SetConfig
                0x0800c5b0      0x154 ./Middlewares/ST/STM32_USB_Device_Library/Core/Src/usbd_ctlreq.o
 .text.USBD_GetConfig
                0x0800c704       0x6c ./Middlewares/ST/STM32_USB_Device_Library/Core/Src/usbd_ctlreq.o
 .text.USBD_GetStatus
                0x0800c770       0x68 ./Middlewares/ST/STM32_USB_Device_Library/Core/Src/usbd_ctlreq.o
 .text.USBD_SetFeature
                0x0800c7d8       0x52 ./Middlewares/ST/STM32_USB_Device_Library/Core/Src/usbd_ctlreq.o
 .text.USBD_ClrFeature
                0x0800c82a       0x44 ./Middlewares/ST/STM32_USB_Device_Library/Core/Src/usbd_ctlreq.o
 .text.USBD_ParseSetupRequest
                0x0800c86e       0x74 ./Middlewares/ST/STM32_USB_Device_Library/Core/Src/usbd_ctlreq.o
                0x0800c86e                USBD_ParseSetupRequest
 .text.USBD_CtlError
                0x0800c8e2       0x22 ./Middlewares/ST/STM32_USB_Device_Library/Core/Src/usbd_ctlreq.o
                0x0800c8e2                USBD_CtlError
 .text.USBD_GetString
                0x0800c904       0xa4 ./Middlewares/ST/STM32_USB_Device_Library/Core/Src/usbd_ctlreq.o
                0x0800c904                USBD_GetString
 .text.USBD_GetLen
                0x0800c9a8       0x34 ./Middlewares/ST/STM32_USB_Device_Library/Core/Src/usbd_ctlreq.o
 .text.USBD_CtlSendData
                0x0800c9dc       0x3c ./Middlewares/ST/STM32_USB_Device_Library/Core/Src/usbd_ioreq.o
                0x0800c9dc                USBD_CtlSendData
 .text.USBD_CtlContinueSendData
                0x0800ca18       0x22 ./Middlewares/ST/STM32_USB_Device_Library/Core/Src/usbd_ioreq.o
                0x0800ca18                USBD_CtlContinueSendData
 .text.USBD_CtlPrepareRx
                0x0800ca3a       0x42 ./Middlewares/ST/STM32_USB_Device_Library/Core/Src/usbd_ioreq.o
                0x0800ca3a                USBD_CtlPrepareRx
 .text.USBD_CtlContinueRx
                0x0800ca7c       0x22 ./Middlewares/ST/STM32_USB_Device_Library/Core/Src/usbd_ioreq.o
                0x0800ca7c                USBD_CtlContinueRx
 .text.USBD_CtlSendStatus
                0x0800ca9e       0x26 ./Middlewares/ST/STM32_USB_Device_Library/Core/Src/usbd_ioreq.o
                0x0800ca9e                USBD_CtlSendStatus
 .text.USBD_CtlReceiveStatus
                0x0800cac4       0x26 ./Middlewares/ST/STM32_USB_Device_Library/Core/Src/usbd_ioreq.o
                0x0800cac4                USBD_CtlReceiveStatus
 .text.makeFreeRtosPriority
                0x0800caea       0x30 ./Middlewares/Third_Party/FreeRTOS/Source/CMSIS_RTOS/cmsis_os.o
 .text.osKernelStart
                0x0800cb1a        0xe ./Middlewares/Third_Party/FreeRTOS/Source/CMSIS_RTOS/cmsis_os.o
                0x0800cb1a                osKernelStart
 .text.osThreadCreate
                0x0800cb28       0x98 ./Middlewares/Third_Party/FreeRTOS/Source/CMSIS_RTOS/cmsis_os.o
                0x0800cb28                osThreadCreate
 .text.osDelay  0x0800cbc0       0x28 ./Middlewares/Third_Party/FreeRTOS/Source/CMSIS_RTOS/cmsis_os.o
                0x0800cbc0                osDelay
 .text.vListInitialise
                0x0800cbe8       0x40 ./Middlewares/Third_Party/FreeRTOS/Source/list.o
                0x0800cbe8                vListInitialise
 .text.vListInitialiseItem
                0x0800cc28       0x1a ./Middlewares/Third_Party/FreeRTOS/Source/list.o
                0x0800cc28                vListInitialiseItem
 .text.vListInsertEnd
                0x0800cc42       0x48 ./Middlewares/Third_Party/FreeRTOS/Source/list.o
                0x0800cc42                vListInsertEnd
 .text.vListInsert
                0x0800cc8a       0x72 ./Middlewares/Third_Party/FreeRTOS/Source/list.o
                0x0800cc8a                vListInsert
 .text.uxListRemove
                0x0800ccfc       0x54 ./Middlewares/Third_Party/FreeRTOS/Source/list.o
                0x0800ccfc                uxListRemove
 .text.xTaskCreateStatic
                0x0800cd50       0xc0 ./Middlewares/Third_Party/FreeRTOS/Source/tasks.o
                0x0800cd50                xTaskCreateStatic
 .text.xTaskCreate
                0x0800ce10       0x8a ./Middlewares/Third_Party/FreeRTOS/Source/tasks.o
                0x0800ce10                xTaskCreate
 .text.prvInitialiseNewTask
                0x0800ce9a      0x110 ./Middlewares/Third_Party/FreeRTOS/Source/tasks.o
 *fill*         0x0800cfaa        0x2 
 .text.prvAddNewTaskToReadyList
                0x0800cfac       0xd4 ./Middlewares/Third_Party/FreeRTOS/Source/tasks.o
 .text.vTaskDelay
                0x0800d080       0x6c ./Middlewares/Third_Party/FreeRTOS/Source/tasks.o
                0x0800d080                vTaskDelay
 .text.vTaskStartScheduler
                0x0800d0ec       0xc4 ./Middlewares/Third_Party/FreeRTOS/Source/tasks.o
                0x0800d0ec                vTaskStartScheduler
 .text.vTaskSuspendAll
                0x0800d1b0       0x1c ./Middlewares/Third_Party/FreeRTOS/Source/tasks.o
                0x0800d1b0                vTaskSuspendAll
 .text.xTaskResumeAll
                0x0800d1cc      0x13c ./Middlewares/Third_Party/FreeRTOS/Source/tasks.o
                0x0800d1cc                xTaskResumeAll
 .text.xTaskIncrementTick
                0x0800d308      0x174 ./Middlewares/Third_Party/FreeRTOS/Source/tasks.o
                0x0800d308                xTaskIncrementTick
 .text.vTaskSwitchContext
                0x0800d47c       0xb8 ./Middlewares/Third_Party/FreeRTOS/Source/tasks.o
                0x0800d47c                vTaskSwitchContext
 .text.prvIdleTask
                0x0800d534       0x30 ./Middlewares/Third_Party/FreeRTOS/Source/tasks.o
 .text.prvInitialiseTaskLists
                0x0800d564       0x80 ./Middlewares/Third_Party/FreeRTOS/Source/tasks.o
 .text.prvCheckTasksWaitingTermination
                0x0800d5e4       0x5c ./Middlewares/Third_Party/FreeRTOS/Source/tasks.o
 .text.prvDeleteTCB
                0x0800d640       0x60 ./Middlewares/Third_Party/FreeRTOS/Source/tasks.o
 .text.prvResetNextTaskUnblockTime
                0x0800d6a0       0x40 ./Middlewares/Third_Party/FreeRTOS/Source/tasks.o
 .text.ulTaskNotifyTake
                0x0800d6e0       0x90 ./Middlewares/Third_Party/FreeRTOS/Source/tasks.o
                0x0800d6e0                ulTaskNotifyTake
 .text.vTaskNotifyGiveFromISR
                0x0800d770      0x128 ./Middlewares/Third_Party/FreeRTOS/Source/tasks.o
                0x0800d770                vTaskNotifyGiveFromISR
 .text.prvAddCurrentTaskToDelayedList
                0x0800d898       0xcc ./Middlewares/Third_Party/FreeRTOS/Source/tasks.o
 .text.pxPortInitialiseStack
                0x0800d964       0x68 ./Middlewares/Third_Party/FreeRTOS/Source/portable/GCC/ARM_CM4F/port.o
                0x0800d964                pxPortInitialiseStack
 .text.prvTaskExitError
                0x0800d9cc       0x5c ./Middlewares/Third_Party/FreeRTOS/Source/portable/GCC/ARM_CM4F/port.o
 *fill*         0x0800da28        0x8 
 .text.SVC_Handler
                0x0800da30       0x28 ./Middlewares/Third_Party/FreeRTOS/Source/portable/GCC/ARM_CM4F/port.o
                0x0800da30                SVC_Handler
 .text.prvPortStartFirstTask
                0x0800da58       0x28 ./Middlewares/Third_Party/FreeRTOS/Source/portable/GCC/ARM_CM4F/port.o
 .text.xPortStartScheduler
                0x0800da80      0x148 ./Middlewares/Third_Party/FreeRTOS/Source/portable/GCC/ARM_CM4F/port.o
                0x0800da80                xPortStartScheduler
 .text.vPortEnterCritical
                0x0800dbc8       0x64 ./Middlewares/Third_Party/FreeRTOS/Source/portable/GCC/ARM_CM4F/port.o
                0x0800dbc8                vPortEnterCritical
 .text.vPortExitCritical
                0x0800dc2c       0x54 ./Middlewares/Third_Party/FreeRTOS/Source/portable/GCC/ARM_CM4F/port.o
                0x0800dc2c                vPortExitCritical
 .text.PendSV_Handler
                0x0800dc80       0x68 ./Middlewares/Third_Party/FreeRTOS/Source/portable/GCC/ARM_CM4F/port.o
                0x0800dc80                PendSV_Handler
 .text.SysTick_Handler
                0x0800dce8       0x44 ./Middlewares/Third_Party/FreeRTOS/Source/portable/GCC/ARM_CM4F/port.o
                0x0800dce8                SysTick_Handler
 .text.vPortSetupTimerInterrupt
                0x0800dd2c       0x48 ./Middlewares/Third_Party/FreeRTOS/Source/portable/GCC/ARM_CM4F/port.o
                0x0800dd2c                vPortSetupTimerInterrupt
 .text.vPortEnableVFP
                0x0800dd74       0x14 ./Middlewares/Third_Party/FreeRTOS/Source/portable/GCC/ARM_CM4F/port.o
 .text.vPortValidateInterruptPriority
                0x0800dd88       0x84 ./Middlewares/Third_Party/FreeRTOS/Source/portable/GCC/ARM_CM4F/port.o
                0x0800dd88                vPortValidateInterruptPriority
 .text.pvPortMalloc
                0x0800de0c      0x19c ./Middlewares/Third_Party/FreeRTOS/Source/portable/MemMang/heap_4.o
                0x0800de0c                pvPortMalloc
 .text.vPortFree
                0x0800dfa8       0xc8 ./Middlewares/Third_Party/FreeRTOS/Source/portable/MemMang/heap_4.o
                0x0800dfa8                vPortFree
 .text.prvHeapInit
                0x0800e070       0xc4 ./Middlewares/Third_Party/FreeRTOS/Source/portable/MemMang/heap_4.o
 .text.prvInsertBlockIntoFreeList
                0x0800e134       0xb4 ./Middlewares/Third_Party/FreeRTOS/Source/portable/MemMang/heap_4.o
 .text.MX_USB_DEVICE_Init
                0x0800e1e8       0x60 ./USB_DEVICE/App/usb_device.o
                0x0800e1e8                MX_USB_DEVICE_Init
 .text.CDC_Init_FS
                0x0800e248       0x28 ./USB_DEVICE/App/usbd_cdc_if.o
 .text.CDC_DeInit_FS
                0x0800e270       0x10 ./USB_DEVICE/App/usbd_cdc_if.o
 .text.CDC_Control_FS
                0x0800e280       0xbc ./USB_DEVICE/App/usbd_cdc_if.o
 .text.CDC_Receive_FS
                0x0800e33c       0x28 ./USB_DEVICE/App/usbd_cdc_if.o
 .text.CDC_Transmit_FS
                0x0800e364       0x4c ./USB_DEVICE/App/usbd_cdc_if.o
                0x0800e364                CDC_Transmit_FS
 .text.CDC_TransmitCplt_FS
                0x0800e3b0       0x22 ./USB_DEVICE/App/usbd_cdc_if.o
 *fill*         0x0800e3d2        0x2 
 .text.USBD_FS_DeviceDescriptor
                0x0800e3d4       0x24 ./USB_DEVICE/App/usbd_desc.o
                0x0800e3d4                USBD_FS_DeviceDescriptor
 .text.USBD_FS_LangIDStrDescriptor
                0x0800e3f8       0x24 ./USB_DEVICE/App/usbd_desc.o
                0x0800e3f8                USBD_FS_LangIDStrDescriptor
 .text.USBD_FS_ProductStrDescriptor
                0x0800e41c       0x3c ./USB_DEVICE/App/usbd_desc.o
                0x0800e41c                USBD_FS_ProductStrDescriptor
 .text.USBD_FS_ManufacturerStrDescriptor
                0x0800e458       0x28 ./USB_DEVICE/App/usbd_desc.o
                0x0800e458                USBD_FS_ManufacturerStrDescriptor
 .text.USBD_FS_SerialStrDescriptor
                0x0800e480       0x24 ./USB_DEVICE/App/usbd_desc.o
                0x0800e480                USBD_FS_SerialStrDescriptor
 .text.USBD_FS_ConfigStrDescriptor
                0x0800e4a4       0x3c ./USB_DEVICE/App/usbd_desc.o
                0x0800e4a4                USBD_FS_ConfigStrDescriptor
 .text.USBD_FS_InterfaceStrDescriptor
                0x0800e4e0       0x3c ./USB_DEVICE/App/usbd_desc.o
                0x0800e4e0                USBD_FS_InterfaceStrDescriptor
 .text.Get_SerialNum
                0x0800e51c       0x58 ./USB_DEVICE/App/usbd_desc.o
 .text.IntToUnicode
                0x0800e574       0x7e ./USB_DEVICE/App/usbd_desc.o
 *fill*         0x0800e5f2        0x2 
 .text.HAL_PCD_MspInit
                0x0800e5f4       0xa8 ./USB_DEVICE/Target/usbd_conf.o
                0x0800e5f4                HAL_PCD_MspInit
 .text.HAL_PCD_SetupStageCallback
                0x0800e69c       0x24 ./USB_DEVICE/Target/usbd_conf.o
                0x0800e69c                HAL_PCD_SetupStageCallback
 .text.HAL_PCD_DataOutStageCallback
                0x0800e6c0       0x36 ./USB_DEVICE/Target/usbd_conf.o
                0x0800e6c0                HAL_PCD_DataOutStageCallback
 .text.HAL_PCD_DataInStageCallback
                0x0800e6f6       0x34 ./USB_DEVICE/Target/usbd_conf.o
                0x0800e6f6                HAL_PCD_DataInStageCallback
 .text.HAL_PCD_SOFCallback
                0x0800e72a       0x1c ./USB_DEVICE/Target/usbd_conf.o
                0x0800e72a                HAL_PCD_SOFCallback
 .text.HAL_PCD_ResetCallback
                0x0800e746       0x3c ./USB_DEVICE/Target/usbd_conf.o
                0x0800e746                HAL_PCD_ResetCallback
 *fill*         0x0800e782        0x2 
 .text.HAL_PCD_SuspendCallback
                0x0800e784       0x4c ./USB_DEVICE/Target/usbd_conf.o
                0x0800e784                HAL_PCD_SuspendCallback
 .text.HAL_PCD_ResumeCallback
                0x0800e7d0       0x1c ./USB_DEVICE/Target/usbd_conf.o
                0x0800e7d0                HAL_PCD_ResumeCallback
 .text.HAL_PCD_ISOOUTIncompleteCallback
                0x0800e7ec       0x24 ./USB_DEVICE/Target/usbd_conf.o
                0x0800e7ec                HAL_PCD_ISOOUTIncompleteCallback
 .text.HAL_PCD_ISOINIncompleteCallback
                0x0800e810       0x24 ./USB_DEVICE/Target/usbd_conf.o
                0x0800e810                HAL_PCD_ISOINIncompleteCallback
 .text.HAL_PCD_ConnectCallback
                0x0800e834       0x1c ./USB_DEVICE/Target/usbd_conf.o
                0x0800e834                HAL_PCD_ConnectCallback
 .text.HAL_PCD_DisconnectCallback
                0x0800e850       0x1c ./USB_DEVICE/Target/usbd_conf.o
                0x0800e850                HAL_PCD_DisconnectCallback
 .text.USBD_LL_Init
                0x0800e86c       0x98 ./USB_DEVICE/Target/usbd_conf.o
                0x0800e86c                USBD_LL_Init
 .text.USBD_LL_Start
                0x0800e904       0x36 ./USB_DEVICE/Target/usbd_conf.o
                0x0800e904                USBD_LL_Start
 .text.USBD_LL_OpenEP
                0x0800e93a       0x4c ./USB_DEVICE/Target/usbd_conf.o
                0x0800e93a                USBD_LL_OpenEP
 .text.USBD_LL_CloseEP
                0x0800e986       0x3e ./USB_DEVICE/Target/usbd_conf.o
                0x0800e986                USBD_LL_CloseEP
 .text.USBD_LL_StallEP
                0x0800e9c4       0x3e ./USB_DEVICE/Target/usbd_conf.o
                0x0800e9c4                USBD_LL_StallEP
 .text.USBD_LL_ClearStallEP
                0x0800ea02       0x3e ./USB_DEVICE/Target/usbd_conf.o
                0x0800ea02                USBD_LL_ClearStallEP
 .text.USBD_LL_IsStallEP
                0x0800ea40       0x58 ./USB_DEVICE/Target/usbd_conf.o
                0x0800ea40                USBD_LL_IsStallEP
 .text.USBD_LL_SetUSBAddress
                0x0800ea98       0x3e ./USB_DEVICE/Target/usbd_conf.o
                0x0800ea98                USBD_LL_SetUSBAddress
 .text.USBD_LL_Transmit
                0x0800ead6       0x42 ./USB_DEVICE/Target/usbd_conf.o
                0x0800ead6                USBD_LL_Transmit
 .text.USBD_LL_PrepareReceive
                0x0800eb18       0x42 ./USB_DEVICE/Target/usbd_conf.o
                0x0800eb18                USBD_LL_PrepareReceive
 .text.USBD_LL_GetRxDataSize
                0x0800eb5a       0x26 ./USB_DEVICE/Target/usbd_conf.o
                0x0800eb5a                USBD_LL_GetRxDataSize
 .text.USBD_static_malloc
                0x0800eb80       0x1c ./USB_DEVICE/Target/usbd_conf.o
                0x0800eb80                USBD_static_malloc
 .text.USBD_static_free
                0x0800eb9c       0x14 ./USB_DEVICE/Target/usbd_conf.o
                0x0800eb9c                USBD_static_free
 .text.USBD_Get_USB_Status
                0x0800ebb0       0x58 ./USB_DEVICE/Target/usbd_conf.o
                0x0800ebb0                USBD_Get_USB_Status
 .text.atof     0x0800ec08        0x6 C:/ST/STM32CubeIDE_1.18.1/STM32CubeIDE/plugins/com.st.stm32cube.ide.mcu.externaltools.gnu-tools-for-stm32.13.3.rel1.win32_1.0.0.202411081344/tools/bin/../lib/gcc/arm-none-eabi/13.3.1/../../../../arm-none-eabi/lib/thumb/v7e-m+fp/hard\libc_nano.a(libc_a-atof.o)
                0x0800ec08                atof
 .text.atoi     0x0800ec0e        0x8 C:/ST/STM32CubeIDE_1.18.1/STM32CubeIDE/plugins/com.st.stm32cube.ide.mcu.externaltools.gnu-tools-for-stm32.13.3.rel1.win32_1.0.0.202411081344/tools/bin/../lib/gcc/arm-none-eabi/13.3.1/../../../../arm-none-eabi/lib/thumb/v7e-m+fp/hard\libc_nano.a(libc_a-atoi.o)
                0x0800ec0e                atoi
 .text.sulp     0x0800ec16       0x3c C:/ST/STM32CubeIDE_1.18.1/STM32CubeIDE/plugins/com.st.stm32cube.ide.mcu.externaltools.gnu-tools-for-stm32.13.3.rel1.win32_1.0.0.202411081344/tools/bin/../lib/gcc/arm-none-eabi/13.3.1/../../../../arm-none-eabi/lib/thumb/v7e-m+fp/hard\libc_nano.a(libc_a-strtod.o)
 *fill*         0x0800ec52        0x6 
 .text._strtod_l
                0x0800ec58      0xbc8 C:/ST/STM32CubeIDE_1.18.1/STM32CubeIDE/plugins/com.st.stm32cube.ide.mcu.externaltools.gnu-tools-for-stm32.13.3.rel1.win32_1.0.0.202411081344/tools/bin/../lib/gcc/arm-none-eabi/13.3.1/../../../../arm-none-eabi/lib/thumb/v7e-m+fp/hard\libc_nano.a(libc_a-strtod.o)
                0x0800ec58                _strtod_l
 .text.strtod   0x0800f820       0x18 C:/ST/STM32CubeIDE_1.18.1/STM32CubeIDE/plugins/com.st.stm32cube.ide.mcu.externaltools.gnu-tools-for-stm32.13.3.rel1.win32_1.0.0.202411081344/tools/bin/../lib/gcc/arm-none-eabi/13.3.1/../../../../arm-none-eabi/lib/thumb/v7e-m+fp/hard\libc_nano.a(libc_a-strtod.o)
                0x0800f820                strtod
 .text._strtol_l.isra.0
                0x0800f838       0xf4 C:/ST/STM32CubeIDE_1.18.1/STM32CubeIDE/plugins/com.st.stm32cube.ide.mcu.externaltools.gnu-tools-for-stm32.13.3.rel1.win32_1.0.0.202411081344/tools/bin/../lib/gcc/arm-none-eabi/13.3.1/../../../../arm-none-eabi/lib/thumb/v7e-m+fp/hard\libc_nano.a(libc_a-strtol.o)
 .text.strtol   0x0800f92c       0x14 C:/ST/STM32CubeIDE_1.18.1/STM32CubeIDE/plugins/com.st.stm32cube.ide.mcu.externaltools.gnu-tools-for-stm32.13.3.rel1.win32_1.0.0.202411081344/tools/bin/../lib/gcc/arm-none-eabi/13.3.1/../../../../arm-none-eabi/lib/thumb/v7e-m+fp/hard\libc_nano.a(libc_a-strtol.o)
                0x0800f92c                strtol
 .text._strtoul_l.isra.0
                0x0800f940       0xdc C:/ST/STM32CubeIDE_1.18.1/STM32CubeIDE/plugins/com.st.stm32cube.ide.mcu.externaltools.gnu-tools-for-stm32.13.3.rel1.win32_1.0.0.202411081344/tools/bin/../lib/gcc/arm-none-eabi/13.3.1/../../../../arm-none-eabi/lib/thumb/v7e-m+fp/hard\libc_nano.a(libc_a-strtoul.o)
 .text.strtoul  0x0800fa1c       0x14 C:/ST/STM32CubeIDE_1.18.1/STM32CubeIDE/plugins/com.st.stm32cube.ide.mcu.externaltools.gnu-tools-for-stm32.13.3.rel1.win32_1.0.0.202411081344/tools/bin/../lib/gcc/arm-none-eabi/13.3.1/../../../../arm-none-eabi/lib/thumb/v7e-m+fp/hard\libc_nano.a(libc_a-strtoul.o)
                0x0800fa1c                strtoul
 .text.__cvt    0x0800fa30       0xca C:/ST/STM32CubeIDE_1.18.1/STM32CubeIDE/plugins/com.st.stm32cube.ide.mcu.externaltools.gnu-tools-for-stm32.13.3.rel1.win32_1.0.0.202411081344/tools/bin/../lib/gcc/arm-none-eabi/13.3.1/../../../../arm-none-eabi/lib/thumb/v7e-m+fp/hard\libc_nano.a(libc_a-nano-vfprintf_float.o)
                0x0800fa30                __cvt
 .text.__exponent
                0x0800fafa       0x74 C:/ST/STM32CubeIDE_1.18.1/STM32CubeIDE/plugins/com.st.stm32cube.ide.mcu.externaltools.gnu-tools-for-stm32.13.3.rel1.win32_1.0.0.202411081344/tools/bin/../lib/gcc/arm-none-eabi/13.3.1/../../../../arm-none-eabi/lib/thumb/v7e-m+fp/hard\libc_nano.a(libc_a-nano-vfprintf_float.o)
                0x0800fafa                __exponent
 *fill*         0x0800fb6e        0x2 
 .text._printf_float
                0x0800fb70      0x454 C:/ST/STM32CubeIDE_1.18.1/STM32CubeIDE/plugins/com.st.stm32cube.ide.mcu.externaltools.gnu-tools-for-stm32.13.3.rel1.win32_1.0.0.202411081344/tools/bin/../lib/gcc/arm-none-eabi/13.3.1/../../../../arm-none-eabi/lib/thumb/v7e-m+fp/hard\libc_nano.a(libc_a-nano-vfprintf_float.o)
                0x0800fb70                _printf_float
 .text._printf_common
                0x0800ffc4       0xda C:/ST/STM32CubeIDE_1.18.1/STM32CubeIDE/plugins/com.st.stm32cube.ide.mcu.externaltools.gnu-tools-for-stm32.13.3.rel1.win32_1.0.0.202411081344/tools/bin/../lib/gcc/arm-none-eabi/13.3.1/../../../../arm-none-eabi/lib/thumb/v7e-m+fp/hard\libc_nano.a(libc_a-nano-vfprintf_i.o)
                0x0800ffc4                _printf_common
 *fill*         0x0801009e        0x2 
 .text._printf_i
                0x080100a0      0x23c C:/ST/STM32CubeIDE_1.18.1/STM32CubeIDE/plugins/com.st.stm32cube.ide.mcu.externaltools.gnu-tools-for-stm32.13.3.rel1.win32_1.0.0.202411081344/tools/bin/../lib/gcc/arm-none-eabi/13.3.1/../../../../arm-none-eabi/lib/thumb/v7e-m+fp/hard\libc_nano.a(libc_a-nano-vfprintf_i.o)
                0x080100a0                _printf_i
 .text.std      0x080102dc       0x6c C:/ST/STM32CubeIDE_1.18.1/STM32CubeIDE/plugins/com.st.stm32cube.ide.mcu.externaltools.gnu-tools-for-stm32.13.3.rel1.win32_1.0.0.202411081344/tools/bin/../lib/gcc/arm-none-eabi/13.3.1/../../../../arm-none-eabi/lib/thumb/v7e-m+fp/hard\libc_nano.a(libc_a-findfp.o)
 .text.stdio_exit_handler
                0x08010348       0x18 C:/ST/STM32CubeIDE_1.18.1/STM32CubeIDE/plugins/com.st.stm32cube.ide.mcu.externaltools.gnu-tools-for-stm32.13.3.rel1.win32_1.0.0.202411081344/tools/bin/../lib/gcc/arm-none-eabi/13.3.1/../../../../arm-none-eabi/lib/thumb/v7e-m+fp/hard\libc_nano.a(libc_a-findfp.o)
 .text.cleanup_stdio
                0x08010360       0x40 C:/ST/STM32CubeIDE_1.18.1/STM32CubeIDE/plugins/com.st.stm32cube.ide.mcu.externaltools.gnu-tools-for-stm32.13.3.rel1.win32_1.0.0.202411081344/tools/bin/../lib/gcc/arm-none-eabi/13.3.1/../../../../arm-none-eabi/lib/thumb/v7e-m+fp/hard\libc_nano.a(libc_a-findfp.o)
 .text.global_stdio_init.part.0
                0x080103a0       0x3c C:/ST/STM32CubeIDE_1.18.1/STM32CubeIDE/plugins/com.st.stm32cube.ide.mcu.externaltools.gnu-tools-for-stm32.13.3.rel1.win32_1.0.0.202411081344/tools/bin/../lib/gcc/arm-none-eabi/13.3.1/../../../../arm-none-eabi/lib/thumb/v7e-m+fp/hard\libc_nano.a(libc_a-findfp.o)
 .text.__sfp_lock_acquire
                0x080103dc        0xc C:/ST/STM32CubeIDE_1.18.1/STM32CubeIDE/plugins/com.st.stm32cube.ide.mcu.externaltools.gnu-tools-for-stm32.13.3.rel1.win32_1.0.0.202411081344/tools/bin/../lib/gcc/arm-none-eabi/13.3.1/../../../../arm-none-eabi/lib/thumb/v7e-m+fp/hard\libc_nano.a(libc_a-findfp.o)
                0x080103dc                __sfp_lock_acquire
 .text.__sfp_lock_release
                0x080103e8        0xc C:/ST/STM32CubeIDE_1.18.1/STM32CubeIDE/plugins/com.st.stm32cube.ide.mcu.externaltools.gnu-tools-for-stm32.13.3.rel1.win32_1.0.0.202411081344/tools/bin/../lib/gcc/arm-none-eabi/13.3.1/../../../../arm-none-eabi/lib/thumb/v7e-m+fp/hard\libc_nano.a(libc_a-findfp.o)
                0x080103e8                __sfp_lock_release
 .text.__sinit  0x080103f4       0x30 C:/ST/STM32CubeIDE_1.18.1/STM32CubeIDE/plugins/com.st.stm32cube.ide.mcu.externaltools.gnu-tools-for-stm32.13.3.rel1.win32_1.0.0.202411081344/tools/bin/../lib/gcc/arm-none-eabi/13.3.1/../../../../arm-none-eabi/lib/thumb/v7e-m+fp/hard\libc_nano.a(libc_a-findfp.o)
                0x080103f4                __sinit
 .text._fwalk_sglue
                0x08010424       0x3c C:/ST/STM32CubeIDE_1.18.1/STM32CubeIDE/plugins/com.st.stm32cube.ide.mcu.externaltools.gnu-tools-for-stm32.13.3.rel1.win32_1.0.0.202411081344/tools/bin/../lib/gcc/arm-none-eabi/13.3.1/../../../../arm-none-eabi/lib/thumb/v7e-m+fp/hard\libc_nano.a(libc_a-fwalk.o)
                0x08010424                _fwalk_sglue
 .text.snprintf
                0x08010460       0x6c C:/ST/STM32CubeIDE_1.18.1/STM32CubeIDE/plugins/com.st.stm32cube.ide.mcu.externaltools.gnu-tools-for-stm32.13.3.rel1.win32_1.0.0.202411081344/tools/bin/../lib/gcc/arm-none-eabi/13.3.1/../../../../arm-none-eabi/lib/thumb/v7e-m+fp/hard\libc_nano.a(libc_a-snprintf.o)
                0x08010460                sniprintf
                0x08010460                snprintf
 .text.sprintf  0x080104cc       0x44 C:/ST/STM32CubeIDE_1.18.1/STM32CubeIDE/plugins/com.st.stm32cube.ide.mcu.externaltools.gnu-tools-for-stm32.13.3.rel1.win32_1.0.0.202411081344/tools/bin/../lib/gcc/arm-none-eabi/13.3.1/../../../../arm-none-eabi/lib/thumb/v7e-m+fp/hard\libc_nano.a(libc_a-sprintf.o)
                0x080104cc                siprintf
                0x080104cc                sprintf
 .text.__sread  0x08010510       0x22 C:/ST/STM32CubeIDE_1.18.1/STM32CubeIDE/plugins/com.st.stm32cube.ide.mcu.externaltools.gnu-tools-for-stm32.13.3.rel1.win32_1.0.0.202411081344/tools/bin/../lib/gcc/arm-none-eabi/13.3.1/../../../../arm-none-eabi/lib/thumb/v7e-m+fp/hard\libc_nano.a(libc_a-stdio.o)
                0x08010510                __sread
 .text.__swrite
                0x08010532       0x38 C:/ST/STM32CubeIDE_1.18.1/STM32CubeIDE/plugins/com.st.stm32cube.ide.mcu.externaltools.gnu-tools-for-stm32.13.3.rel1.win32_1.0.0.202411081344/tools/bin/../lib/gcc/arm-none-eabi/13.3.1/../../../../arm-none-eabi/lib/thumb/v7e-m+fp/hard\libc_nano.a(libc_a-stdio.o)
                0x08010532                __swrite
 .text.__sseek  0x0801056a       0x24 C:/ST/STM32CubeIDE_1.18.1/STM32CubeIDE/plugins/com.st.stm32cube.ide.mcu.externaltools.gnu-tools-for-stm32.13.3.rel1.win32_1.0.0.202411081344/tools/bin/../lib/gcc/arm-none-eabi/13.3.1/../../../../arm-none-eabi/lib/thumb/v7e-m+fp/hard\libc_nano.a(libc_a-stdio.o)
                0x0801056a                __sseek
 .text.__sclose
                0x0801058e        0x8 C:/ST/STM32CubeIDE_1.18.1/STM32CubeIDE/plugins/com.st.stm32cube.ide.mcu.externaltools.gnu-tools-for-stm32.13.3.rel1.win32_1.0.0.202411081344/tools/bin/../lib/gcc/arm-none-eabi/13.3.1/../../../../arm-none-eabi/lib/thumb/v7e-m+fp/hard\libc_nano.a(libc_a-stdio.o)
                0x0801058e                __sclose
 .text.memset   0x08010596       0x10 C:/ST/STM32CubeIDE_1.18.1/STM32CubeIDE/plugins/com.st.stm32cube.ide.mcu.externaltools.gnu-tools-for-stm32.13.3.rel1.win32_1.0.0.202411081344/tools/bin/../lib/gcc/arm-none-eabi/13.3.1/../../../../arm-none-eabi/lib/thumb/v7e-m+fp/hard\libc_nano.a(libc_a-memset.o)
                0x08010596                memset
 .text.strncmp  0x080105a6       0x24 C:/ST/STM32CubeIDE_1.18.1/STM32CubeIDE/plugins/com.st.stm32cube.ide.mcu.externaltools.gnu-tools-for-stm32.13.3.rel1.win32_1.0.0.202411081344/tools/bin/../lib/gcc/arm-none-eabi/13.3.1/../../../../arm-none-eabi/lib/thumb/v7e-m+fp/hard\libc_nano.a(libc_a-strncmp.o)
                0x080105a6                strncmp
 .text.strncpy  0x080105ca       0x26 C:/ST/STM32CubeIDE_1.18.1/STM32CubeIDE/plugins/com.st.stm32cube.ide.mcu.externaltools.gnu-tools-for-stm32.13.3.rel1.win32_1.0.0.202411081344/tools/bin/../lib/gcc/arm-none-eabi/13.3.1/../../../../arm-none-eabi/lib/thumb/v7e-m+fp/hard\libc_nano.a(libc_a-strncpy.o)
                0x080105ca                strncpy
 .text.strtok   0x080105f0       0x68 C:/ST/STM32CubeIDE_1.18.1/STM32CubeIDE/plugins/com.st.stm32cube.ide.mcu.externaltools.gnu-tools-for-stm32.13.3.rel1.win32_1.0.0.202411081344/tools/bin/../lib/gcc/arm-none-eabi/13.3.1/../../../../arm-none-eabi/lib/thumb/v7e-m+fp/hard\libc_nano.a(libc_a-strtok.o)
                0x080105f0                strtok
 .text.__strtok_r
                0x08010658       0x50 C:/ST/STM32CubeIDE_1.18.1/STM32CubeIDE/plugins/com.st.stm32cube.ide.mcu.externaltools.gnu-tools-for-stm32.13.3.rel1.win32_1.0.0.202411081344/tools/bin/../lib/gcc/arm-none-eabi/13.3.1/../../../../arm-none-eabi/lib/thumb/v7e-m+fp/hard\libc_nano.a(libc_a-strtok_r.o)
                0x08010658                __strtok_r
 .text.strtok_r
                0x080106a8        0x6 C:/ST/STM32CubeIDE_1.18.1/STM32CubeIDE/plugins/com.st.stm32cube.ide.mcu.externaltools.gnu-tools-for-stm32.13.3.rel1.win32_1.0.0.202411081344/tools/bin/../lib/gcc/arm-none-eabi/13.3.1/../../../../arm-none-eabi/lib/thumb/v7e-m+fp/hard\libc_nano.a(libc_a-strtok_r.o)
                0x080106a8                strtok_r
 .text.strstr   0x080106ae       0x2c C:/ST/STM32CubeIDE_1.18.1/STM32CubeIDE/plugins/com.st.stm32cube.ide.mcu.externaltools.gnu-tools-for-stm32.13.3.rel1.win32_1.0.0.202411081344/tools/bin/../lib/gcc/arm-none-eabi/13.3.1/../../../../arm-none-eabi/lib/thumb/v7e-m+fp/hard\libc_nano.a(libc_a-strstr.o)
                0x080106ae                strstr
 *fill*         0x080106da        0x2 
 .text._localeconv_r
                0x080106dc        0x8 C:/ST/STM32CubeIDE_1.18.1/STM32CubeIDE/plugins/com.st.stm32cube.ide.mcu.externaltools.gnu-tools-for-stm32.13.3.rel1.win32_1.0.0.202411081344/tools/bin/../lib/gcc/arm-none-eabi/13.3.1/../../../../arm-none-eabi/lib/thumb/v7e-m+fp/hard\libc_nano.a(libc_a-localeconv.o)
                0x080106dc                _localeconv_r
 .text._close_r
                0x080106e4       0x20 C:/ST/STM32CubeIDE_1.18.1/STM32CubeIDE/plugins/com.st.stm32cube.ide.mcu.externaltools.gnu-tools-for-stm32.13.3.rel1.win32_1.0.0.202411081344/tools/bin/../lib/gcc/arm-none-eabi/13.3.1/../../../../arm-none-eabi/lib/thumb/v7e-m+fp/hard\libc_nano.a(libc_a-closer.o)
                0x080106e4                _close_r
 .text._lseek_r
                0x08010704       0x24 C:/ST/STM32CubeIDE_1.18.1/STM32CubeIDE/plugins/com.st.stm32cube.ide.mcu.externaltools.gnu-tools-for-stm32.13.3.rel1.win32_1.0.0.202411081344/tools/bin/../lib/gcc/arm-none-eabi/13.3.1/../../../../arm-none-eabi/lib/thumb/v7e-m+fp/hard\libc_nano.a(libc_a-lseekr.o)
                0x08010704                _lseek_r
 .text._read_r  0x08010728       0x24 C:/ST/STM32CubeIDE_1.18.1/STM32CubeIDE/plugins/com.st.stm32cube.ide.mcu.externaltools.gnu-tools-for-stm32.13.3.rel1.win32_1.0.0.202411081344/tools/bin/../lib/gcc/arm-none-eabi/13.3.1/../../../../arm-none-eabi/lib/thumb/v7e-m+fp/hard\libc_nano.a(libc_a-readr.o)
                0x08010728                _read_r
 .text._write_r
                0x0801074c       0x24 C:/ST/STM32CubeIDE_1.18.1/STM32CubeIDE/plugins/com.st.stm32cube.ide.mcu.externaltools.gnu-tools-for-stm32.13.3.rel1.win32_1.0.0.202411081344/tools/bin/../lib/gcc/arm-none-eabi/13.3.1/../../../../arm-none-eabi/lib/thumb/v7e-m+fp/hard\libc_nano.a(libc_a-writer.o)
                0x0801074c                _write_r
 .text.__errno  0x08010770        0xc C:/ST/STM32CubeIDE_1.18.1/STM32CubeIDE/plugins/com.st.stm32cube.ide.mcu.externaltools.gnu-tools-for-stm32.13.3.rel1.win32_1.0.0.202411081344/tools/bin/../lib/gcc/arm-none-eabi/13.3.1/../../../../arm-none-eabi/lib/thumb/v7e-m+fp/hard\libc_nano.a(libc_a-errno.o)
                0x08010770                __errno
 .text.__libc_init_array
                0x0801077c       0x48 C:/ST/STM32CubeIDE_1.18.1/STM32CubeIDE/plugins/com.st.stm32cube.ide.mcu.externaltools.gnu-tools-for-stm32.13.3.rel1.win32_1.0.0.202411081344/tools/bin/../lib/gcc/arm-none-eabi/13.3.1/../../../../arm-none-eabi/lib/thumb/v7e-m+fp/hard\libc_nano.a(libc_a-init.o)
                0x0801077c                __libc_init_array
 .text.__retarget_lock_init_recursive
                0x080107c4        0x2 C:/ST/STM32CubeIDE_1.18.1/STM32CubeIDE/plugins/com.st.stm32cube.ide.mcu.externaltools.gnu-tools-for-stm32.13.3.rel1.win32_1.0.0.202411081344/tools/bin/../lib/gcc/arm-none-eabi/13.3.1/../../../../arm-none-eabi/lib/thumb/v7e-m+fp/hard\libc_nano.a(libc_a-lock.o)
                0x080107c4                __retarget_lock_init_recursive
 .text.__retarget_lock_acquire_recursive
                0x080107c6        0x2 C:/ST/STM32CubeIDE_1.18.1/STM32CubeIDE/plugins/com.st.stm32cube.ide.mcu.externaltools.gnu-tools-for-stm32.13.3.rel1.win32_1.0.0.202411081344/tools/bin/../lib/gcc/arm-none-eabi/13.3.1/../../../../arm-none-eabi/lib/thumb/v7e-m+fp/hard\libc_nano.a(libc_a-lock.o)
                0x080107c6                __retarget_lock_acquire_recursive
 .text.__retarget_lock_release_recursive
                0x080107c8        0x2 C:/ST/STM32CubeIDE_1.18.1/STM32CubeIDE/plugins/com.st.stm32cube.ide.mcu.externaltools.gnu-tools-for-stm32.13.3.rel1.win32_1.0.0.202411081344/tools/bin/../lib/gcc/arm-none-eabi/13.3.1/../../../../arm-none-eabi/lib/thumb/v7e-m+fp/hard\libc_nano.a(libc_a-lock.o)
                0x080107c8                __retarget_lock_release_recursive
 .text.memcpy   0x080107ca       0x1c C:/ST/STM32CubeIDE_1.18.1/STM32CubeIDE/plugins/com.st.stm32cube.ide.mcu.externaltools.gnu-tools-for-stm32.13.3.rel1.win32_1.0.0.202411081344/tools/bin/../lib/gcc/arm-none-eabi/13.3.1/../../../../arm-none-eabi/lib/thumb/v7e-m+fp/hard\libc_nano.a(libc_a-memcpy-stub.o)
                0x080107ca                memcpy
 *fill*         0x080107e6        0x2 
 .text.nan      0x080107e8       0x10 C:/ST/STM32CubeIDE_1.18.1/STM32CubeIDE/plugins/com.st.stm32cube.ide.mcu.externaltools.gnu-tools-for-stm32.13.3.rel1.win32_1.0.0.202411081344/tools/bin/../lib/gcc/arm-none-eabi/13.3.1/../../../../arm-none-eabi/lib/thumb/v7e-m+fp/hard\libc_nano.a(libm_a-s_nan.o)
                0x080107e8                nan
 .text.__assert_func
                0x080107f8       0x3c C:/ST/STM32CubeIDE_1.18.1/STM32CubeIDE/plugins/com.st.stm32cube.ide.mcu.externaltools.gnu-tools-for-stm32.13.3.rel1.win32_1.0.0.202411081344/tools/bin/../lib/gcc/arm-none-eabi/13.3.1/../../../../arm-none-eabi/lib/thumb/v7e-m+fp/hard\libc_nano.a(libc_a-assert.o)
                0x080107f8                __assert_func
 .text.quorem   0x08010834      0x110 C:/ST/STM32CubeIDE_1.18.1/STM32CubeIDE/plugins/com.st.stm32cube.ide.mcu.externaltools.gnu-tools-for-stm32.13.3.rel1.win32_1.0.0.202411081344/tools/bin/../lib/gcc/arm-none-eabi/13.3.1/../../../../arm-none-eabi/lib/thumb/v7e-m+fp/hard\libc_nano.a(libc_a-dtoa.o)
 *fill*         0x08010944        0x4 
 .text._dtoa_r  0x08010948      0xba0 C:/ST/STM32CubeIDE_1.18.1/STM32CubeIDE/plugins/com.st.stm32cube.ide.mcu.externaltools.gnu-tools-for-stm32.13.3.rel1.win32_1.0.0.202411081344/tools/bin/../lib/gcc/arm-none-eabi/13.3.1/../../../../arm-none-eabi/lib/thumb/v7e-m+fp/hard\libc_nano.a(libc_a-dtoa.o)
                0x08010948                _dtoa_r
 .text._free_r  0x080114e8       0x94 C:/ST/STM32CubeIDE_1.18.1/STM32CubeIDE/plugins/com.st.stm32cube.ide.mcu.externaltools.gnu-tools-for-stm32.13.3.rel1.win32_1.0.0.202411081344/tools/bin/../lib/gcc/arm-none-eabi/13.3.1/../../../../arm-none-eabi/lib/thumb/v7e-m+fp/hard\libc_nano.a(libc_a-freer.o)
                0x080114e8                _free_r
 .text.rshift   0x0801157c       0xa4 C:/ST/STM32CubeIDE_1.18.1/STM32CubeIDE/plugins/com.st.stm32cube.ide.mcu.externaltools.gnu-tools-for-stm32.13.3.rel1.win32_1.0.0.202411081344/tools/bin/../lib/gcc/arm-none-eabi/13.3.1/../../../../arm-none-eabi/lib/thumb/v7e-m+fp/hard\libc_nano.a(libc_a-gdtoa-gethex.o)
 .text.__hexdig_fun
                0x08011620       0x2a C:/ST/STM32CubeIDE_1.18.1/STM32CubeIDE/plugins/com.st.stm32cube.ide.mcu.externaltools.gnu-tools-for-stm32.13.3.rel1.win32_1.0.0.202411081344/tools/bin/../lib/gcc/arm-none-eabi/13.3.1/../../../../arm-none-eabi/lib/thumb/v7e-m+fp/hard\libc_nano.a(libc_a-gdtoa-gethex.o)
                0x08011620                __hexdig_fun
 *fill*         0x0801164a        0x2 
 .text.__gethex
                0x0801164c      0x420 C:/ST/STM32CubeIDE_1.18.1/STM32CubeIDE/plugins/com.st.stm32cube.ide.mcu.externaltools.gnu-tools-for-stm32.13.3.rel1.win32_1.0.0.202411081344/tools/bin/../lib/gcc/arm-none-eabi/13.3.1/../../../../arm-none-eabi/lib/thumb/v7e-m+fp/hard\libc_nano.a(libc_a-gdtoa-gethex.o)
                0x0801164c                __gethex
 .text.L_shift  0x08011a6c       0x24 C:/ST/STM32CubeIDE_1.18.1/STM32CubeIDE/plugins/com.st.stm32cube.ide.mcu.externaltools.gnu-tools-for-stm32.13.3.rel1.win32_1.0.0.202411081344/tools/bin/../lib/gcc/arm-none-eabi/13.3.1/../../../../arm-none-eabi/lib/thumb/v7e-m+fp/hard\libc_nano.a(libc_a-gdtoa-hexnan.o)
 .text.__match  0x08011a90       0x28 C:/ST/STM32CubeIDE_1.18.1/STM32CubeIDE/plugins/com.st.stm32cube.ide.mcu.externaltools.gnu-tools-for-stm32.13.3.rel1.win32_1.0.0.202411081344/tools/bin/../lib/gcc/arm-none-eabi/13.3.1/../../../../arm-none-eabi/lib/thumb/v7e-m+fp/hard\libc_nano.a(libc_a-gdtoa-hexnan.o)
                0x08011a90                __match
 .text.__hexnan
                0x08011ab8      0x136 C:/ST/STM32CubeIDE_1.18.1/STM32CubeIDE/plugins/com.st.stm32cube.ide.mcu.externaltools.gnu-tools-for-stm32.13.3.rel1.win32_1.0.0.202411081344/tools/bin/../lib/gcc/arm-none-eabi/13.3.1/../../../../arm-none-eabi/lib/thumb/v7e-m+fp/hard\libc_nano.a(libc_a-gdtoa-hexnan.o)
                0x08011ab8                __hexnan
 *fill*         0x08011bee        0x2 
 .text.malloc   0x08011bf0       0x10 C:/ST/STM32CubeIDE_1.18.1/STM32CubeIDE/plugins/com.st.stm32cube.ide.mcu.externaltools.gnu-tools-for-stm32.13.3.rel1.win32_1.0.0.202411081344/tools/bin/../lib/gcc/arm-none-eabi/13.3.1/../../../../arm-none-eabi/lib/thumb/v7e-m+fp/hard\libc_nano.a(libc_a-malloc.o)
                0x08011bf0                malloc
 .text.sbrk_aligned
                0x08011c00       0x44 C:/ST/STM32CubeIDE_1.18.1/STM32CubeIDE/plugins/com.st.stm32cube.ide.mcu.externaltools.gnu-tools-for-stm32.13.3.rel1.win32_1.0.0.202411081344/tools/bin/../lib/gcc/arm-none-eabi/13.3.1/../../../../arm-none-eabi/lib/thumb/v7e-m+fp/hard\libc_nano.a(libc_a-mallocr.o)
 .text._malloc_r
                0x08011c44      0x100 C:/ST/STM32CubeIDE_1.18.1/STM32CubeIDE/plugins/com.st.stm32cube.ide.mcu.externaltools.gnu-tools-for-stm32.13.3.rel1.win32_1.0.0.202411081344/tools/bin/../lib/gcc/arm-none-eabi/13.3.1/../../../../arm-none-eabi/lib/thumb/v7e-m+fp/hard\libc_nano.a(libc_a-mallocr.o)
                0x08011c44                _malloc_r
 .text.__ascii_mbtowc
                0x08011d44       0x24 C:/ST/STM32CubeIDE_1.18.1/STM32CubeIDE/plugins/com.st.stm32cube.ide.mcu.externaltools.gnu-tools-for-stm32.13.3.rel1.win32_1.0.0.202411081344/tools/bin/../lib/gcc/arm-none-eabi/13.3.1/../../../../arm-none-eabi/lib/thumb/v7e-m+fp/hard\libc_nano.a(libc_a-mbtowc_r.o)
                0x08011d44                __ascii_mbtowc
 .text.__malloc_lock
                0x08011d68        0xc C:/ST/STM32CubeIDE_1.18.1/STM32CubeIDE/plugins/com.st.stm32cube.ide.mcu.externaltools.gnu-tools-for-stm32.13.3.rel1.win32_1.0.0.202411081344/tools/bin/../lib/gcc/arm-none-eabi/13.3.1/../../../../arm-none-eabi/lib/thumb/v7e-m+fp/hard\libc_nano.a(libc_a-mlock.o)
                0x08011d68                __malloc_lock
 .text.__malloc_unlock
                0x08011d74        0xc C:/ST/STM32CubeIDE_1.18.1/STM32CubeIDE/plugins/com.st.stm32cube.ide.mcu.externaltools.gnu-tools-for-stm32.13.3.rel1.win32_1.0.0.202411081344/tools/bin/../lib/gcc/arm-none-eabi/13.3.1/../../../../arm-none-eabi/lib/thumb/v7e-m+fp/hard\libc_nano.a(libc_a-mlock.o)
                0x08011d74                __malloc_unlock
 .text._Balloc  0x08011d80       0x80 C:/ST/STM32CubeIDE_1.18.1/STM32CubeIDE/plugins/com.st.stm32cube.ide.mcu.externaltools.gnu-tools-for-stm32.13.3.rel1.win32_1.0.0.202411081344/tools/bin/../lib/gcc/arm-none-eabi/13.3.1/../../../../arm-none-eabi/lib/thumb/v7e-m+fp/hard\libc_nano.a(libc_a-mprec.o)
                0x08011d80                _Balloc
 .text._Bfree   0x08011e00       0x44 C:/ST/STM32CubeIDE_1.18.1/STM32CubeIDE/plugins/com.st.stm32cube.ide.mcu.externaltools.gnu-tools-for-stm32.13.3.rel1.win32_1.0.0.202411081344/tools/bin/../lib/gcc/arm-none-eabi/13.3.1/../../../../arm-none-eabi/lib/thumb/v7e-m+fp/hard\libc_nano.a(libc_a-mprec.o)
                0x08011e00                _Bfree
 .text.__multadd
                0x08011e44       0x8c C:/ST/STM32CubeIDE_1.18.1/STM32CubeIDE/plugins/com.st.stm32cube.ide.mcu.externaltools.gnu-tools-for-stm32.13.3.rel1.win32_1.0.0.202411081344/tools/bin/../lib/gcc/arm-none-eabi/13.3.1/../../../../arm-none-eabi/lib/thumb/v7e-m+fp/hard\libc_nano.a(libc_a-mprec.o)
                0x08011e44                __multadd