Archive member included to satisfy reference by file (symbol)

C:/ST/STM32CubeIDE_1.16.1/STM32CubeIDE/plugins/com.st.stm32cube.ide.mcu.externaltools.gnu-tools-for-stm32.12.3.rel1.win32_1.0.200.202406191623/tools/bin/../lib/gcc/arm-none-eabi/12.3.1/../../../../arm-none-eabi/lib/thumb/v7e-m+fp/hard\libc_nano.a(libc_a-exit.o)
                              C:/ST/STM32CubeIDE_1.16.1/STM32CubeIDE/plugins/com.st.stm32cube.ide.mcu.externaltools.gnu-tools-for-stm32.12.3.rel1.win32_1.0.200.202406191623/tools/bin/../lib/gcc/arm-none-eabi/12.3.1/../../../../arm-none-eabi/lib/thumb/v7e-m+fp/hard/crt0.o (exit)
C:/ST/STM32CubeIDE_1.16.1/STM32CubeIDE/plugins/com.st.stm32cube.ide.mcu.externaltools.gnu-tools-for-stm32.12.3.rel1.win32_1.0.200.202406191623/tools/bin/../lib/gcc/arm-none-eabi/12.3.1/../../../../arm-none-eabi/lib/thumb/v7e-m+fp/hard\libc_nano.a(libc_a-findfp.o)
                              C:/ST/STM32CubeIDE_1.16.1/STM32CubeIDE/plugins/com.st.stm32cube.ide.mcu.externaltools.gnu-tools-for-stm32.12.3.rel1.win32_1.0.200.202406191623/tools/bin/../lib/gcc/arm-none-eabi/12.3.1/../../../../arm-none-eabi/lib/thumb/v7e-m+fp/hard\libc_nano.a(libc_a-exit.o) (__stdio_exit_handler)
C:/ST/STM32CubeIDE_1.16.1/STM32CubeIDE/plugins/com.st.stm32cube.ide.mcu.externaltools.gnu-tools-for-stm32.12.3.rel1.win32_1.0.200.202406191623/tools/bin/../lib/gcc/arm-none-eabi/12.3.1/../../../../arm-none-eabi/lib/thumb/v7e-m+fp/hard\libc_nano.a(libc_a-fwalk.o)
                              C:/ST/STM32CubeIDE_1.16.1/STM32CubeIDE/plugins/com.st.stm32cube.ide.mcu.externaltools.gnu-tools-for-stm32.12.3.rel1.win32_1.0.200.202406191623/tools/bin/../lib/gcc/arm-none-eabi/12.3.1/../../../../arm-none-eabi/lib/thumb/v7e-m+fp/hard\libc_nano.a(libc_a-findfp.o) (_fwalk_sglue)
C:/ST/STM32CubeIDE_1.16.1/STM32CubeIDE/plugins/com.st.stm32cube.ide.mcu.externaltools.gnu-tools-for-stm32.12.3.rel1.win32_1.0.200.202406191623/tools/bin/../lib/gcc/arm-none-eabi/12.3.1/../../../../arm-none-eabi/lib/thumb/v7e-m+fp/hard\libc_nano.a(libc_a-snprintf.o)
                              ./Core/Src/ack_handler.o (snprintf)
C:/ST/STM32CubeIDE_1.16.1/STM32CubeIDE/plugins/com.st.stm32cube.ide.mcu.externaltools.gnu-tools-for-stm32.12.3.rel1.win32_1.0.200.202406191623/tools/bin/../lib/gcc/arm-none-eabi/12.3.1/../../../../arm-none-eabi/lib/thumb/v7e-m+fp/hard\libc_nano.a(libc_a-sprintf.o)
                              ./Core/Src/ack_handler.o (sprintf)
C:/ST/STM32CubeIDE_1.16.1/STM32CubeIDE/plugins/com.st.stm32cube.ide.mcu.externaltools.gnu-tools-for-stm32.12.3.rel1.win32_1.0.200.202406191623/tools/bin/../lib/gcc/arm-none-eabi/12.3.1/../../../../arm-none-eabi/lib/thumb/v7e-m+fp/hard\libc_nano.a(libc_a-stdio.o)
                              C:/ST/STM32CubeIDE_1.16.1/STM32CubeIDE/plugins/com.st.stm32cube.ide.mcu.externaltools.gnu-tools-for-stm32.12.3.rel1.win32_1.0.200.202406191623/tools/bin/../lib/gcc/arm-none-eabi/12.3.1/../../../../arm-none-eabi/lib/thumb/v7e-m+fp/hard\libc_nano.a(libc_a-findfp.o) (__sread)
C:/ST/STM32CubeIDE_1.16.1/STM32CubeIDE/plugins/com.st.stm32cube.ide.mcu.externaltools.gnu-tools-for-stm32.12.3.rel1.win32_1.0.200.202406191623/tools/bin/../lib/gcc/arm-none-eabi/12.3.1/../../../../arm-none-eabi/lib/thumb/v7e-m+fp/hard\libc_nano.a(libc_a-memset.o)
                              C:/ST/STM32CubeIDE_1.16.1/STM32CubeIDE/plugins/com.st.stm32cube.ide.mcu.externaltools.gnu-tools-for-stm32.12.3.rel1.win32_1.0.200.202406191623/tools/bin/../lib/gcc/arm-none-eabi/12.3.1/../../../../arm-none-eabi/lib/thumb/v7e-m+fp/hard/crt0.o (memset)
C:/ST/STM32CubeIDE_1.16.1/STM32CubeIDE/plugins/com.st.stm32cube.ide.mcu.externaltools.gnu-tools-for-stm32.12.3.rel1.win32_1.0.200.202406191623/tools/bin/../lib/gcc/arm-none-eabi/12.3.1/../../../../arm-none-eabi/lib/thumb/v7e-m+fp/hard\libc_nano.a(libc_a-closer.o)
                              C:/ST/STM32CubeIDE_1.16.1/STM32CubeIDE/plugins/com.st.stm32cube.ide.mcu.externaltools.gnu-tools-for-stm32.12.3.rel1.win32_1.0.200.202406191623/tools/bin/../lib/gcc/arm-none-eabi/12.3.1/../../../../arm-none-eabi/lib/thumb/v7e-m+fp/hard\libc_nano.a(libc_a-stdio.o) (_close_r)
C:/ST/STM32CubeIDE_1.16.1/STM32CubeIDE/plugins/com.st.stm32cube.ide.mcu.externaltools.gnu-tools-for-stm32.12.3.rel1.win32_1.0.200.202406191623/tools/bin/../lib/gcc/arm-none-eabi/12.3.1/../../../../arm-none-eabi/lib/thumb/v7e-m+fp/hard\libc_nano.a(libc_a-reent.o)
                              C:/ST/STM32CubeIDE_1.16.1/STM32CubeIDE/plugins/com.st.stm32cube.ide.mcu.externaltools.gnu-tools-for-stm32.12.3.rel1.win32_1.0.200.202406191623/tools/bin/../lib/gcc/arm-none-eabi/12.3.1/../../../../arm-none-eabi/lib/thumb/v7e-m+fp/hard\libc_nano.a(libc_a-closer.o) (errno)
C:/ST/STM32CubeIDE_1.16.1/STM32CubeIDE/plugins/com.st.stm32cube.ide.mcu.externaltools.gnu-tools-for-stm32.12.3.rel1.win32_1.0.200.202406191623/tools/bin/../lib/gcc/arm-none-eabi/12.3.1/../../../../arm-none-eabi/lib/thumb/v7e-m+fp/hard\libc_nano.a(libc_a-impure.o)
[...]
Memory Configuration

Name             Origin             Length             Attributes
RAM              0x20000000         0x00010000         xrw
FLASH            0x08000000         0x00040000         xr
*default*        0x00000000         0xffffffff

Linker script and memory map

LOAD C:/ST/STM32CubeIDE_1.16.1/STM32CubeIDE/plugins/com.st.stm32cube.ide.mcu.externaltools.gnu-tools-for-stm32.12.3.rel1.win32_1.0.200.202406191623/tools/bin/../lib/gcc/arm-none-eabi/12.3.1/thumb/v7e-m+fp/hard/crti.o
LOAD C:/ST/STM32CubeIDE_1.16.1/STM32CubeIDE/plugins/com.st.stm32cube.ide.mcu.externaltools.gnu-tools-for-stm32.12.3.rel1.win32_1.0.200.202406191623/tools/bin/../lib/gcc/arm-none-eabi/12.3.1/thumb/v7e-m+fp/hard/crtbegin.o
LOAD C:/ST/STM32CubeIDE_1.16.1/STM32CubeIDE/plugins/com.st.stm32cube.ide.mcu.externaltools.gnu-tools-for-stm32.12.3.rel1.win32_1.0.200.202406191623/tools/bin/../lib/gcc/arm-none-eabi/12.3.1/../../../../arm-none-eabi/lib/thumb/v7e-m+fp/hard/crt0.o
LOAD ./Core/Src/SX1278.o
LOAD ./Core/Src/ack_handler.o
LOAD ./Core/Src/crc_calculator.o
LOAD ./Core/Src/lora_config.o
LOAD ./Core/Src/main.o
LOAD ./Core/Src/stm32f4xx_hal_msp.o
LOAD ./Core/Src/stm32f4xx_it.o
LOAD ./Core/Src/syscalls.o
LOAD ./Core/Src/sysmem.o
LOAD ./Core/Src/system_stm32f4xx.o
LOAD ./Core/Startup/startup_stm32f401rctx.o
LOAD ./Drivers/STM32F4xx_HAL_Driver/stm32f4xx_hal.o
LOAD ./Drivers/STM32F4xx_HAL_Driver/stm32f4xx_hal_cortex.o
LOAD ./Drivers/STM32F4xx_HAL_Driver/stm32f4xx_hal_crc.o
LOAD ./Drivers/STM32F4xx_HAL_Driver/stm32f4xx_hal_dma.o
LOAD ./Drivers/STM32F4xx_HAL_Driver/stm32f4xx_hal_dma_ex.o
LOAD ./Drivers/STM32F4xx_HAL_Driver/stm32f4xx_hal_exti.o
LOAD ./Drivers/STM32F4xx_HAL_Driver/stm32f4xx_hal_flash.o
LOAD ./Drivers/STM32F4xx_HAL_Driver/stm32f4xx_hal_flash_ex.o
LOAD ./Drivers/STM32F4xx_HAL_Driver/stm32f4xx_hal_flash_ramfunc.o
LOAD ./Drivers/STM32F4xx_HAL_Driver/stm32f4xx_hal_gpio.o
LOAD ./Drivers/STM32F4xx_HAL_Driver/stm32f4xx_hal_pcd.o
LOAD ./Drivers/STM32F4xx_HAL_Driver/stm32f4xx_hal_pcd_ex.o
LOAD ./Drivers/STM32F4xx_HAL_Driver/stm32f4xx_hal_pwr.o
LOAD ./Drivers/STM32F4xx_HAL_Driver/stm32f4xx_hal_pwr_ex.o
LOAD ./Drivers/STM32F4xx_HAL_Driver/stm32f4xx_hal_rcc.o
LOAD ./Drivers/STM32F4xx_HAL_Driver/stm32f4xx_hal_rcc_ex.o
LOAD ./Drivers/STM32F4xx_HAL_Driver/stm32f4xx_hal_spi.o
LOAD ./Drivers/STM32F4xx_HAL_Driver/stm32f4xx_hal_tim.o
LOAD ./Drivers/STM32F4xx_HAL_Driver/stm32f4xx_hal_tim_ex.o
LOAD ./Drivers/STM32F4xx_HAL_Driver/stm32f4xx_hal_usart.o
LOAD ./Drivers/STM32F4xx_HAL_Driver/stm32f4xx_ll_usb.o
LOAD ./Middlewares/USB_Device_Library/usbd_cdc.o
LOAD ./Middlewares/USB_Device_Library/usbd_core.o
LOAD ./Middlewares/USB_Device_Library/usbd_ctlreq.o
LOAD ./Middlewares/USB_Device_Library/usbd_ioreq.o
LOAD ./USB_DEVICE/App/usb_device.o
LOAD ./USB_DEVICE/App/usbd_cdc_if.o
LOAD ./USB_DEVICE/App/usbd_desc.o
LOAD ./USB_DEVICE/Target/usbd_conf.o
START GROUP
LOAD C:/ST/STM32CubeIDE_1.16.1/STM32CubeIDE/plugins/com.st.stm32cube.ide.mcu.externaltools.gnu-tools-for-stm32.12.3.rel1.win32_1.0.200.202406191623/tools/bin/../lib/gcc/arm-none-eabi/12.3.1/../../../../arm-none-eabi/lib/thumb/v7e-m+fp/hard\libc_nano.a
LOAD C:/ST/STM32CubeIDE_1.16.1/STM32CubeIDE/plugins/com.st.stm32cube.ide.mcu.externaltools.gnu-tools-for-stm32.12.3.rel1.win32_1.0.200.202406191623/tools/bin/../lib/gcc/arm-none-eabi/12.3.1/../../../../arm-none-eabi/lib/thumb/v7e-m+fp/hard\libm.a
END GROUP
START GROUP
LOAD C:/ST/STM32CubeIDE_1.16.1/STM32CubeIDE/plugins/com.st.stm32cube.ide.mcu.externaltools.gnu-tools-for-stm32.12.3.rel1.win32_1.0.200.202406191623/tools/bin/../lib/gcc/arm-none-eabi/12.3.1/thumb/v7e-m+fp/hard\libgcc.a
LOAD C:/ST/STM32CubeIDE_1.16.1/STM32CubeIDE/plugins/com.st.stm32cube.ide.mcu.externaltools.gnu-tools-for-stm32.12.3.rel1.win32_1.0.200.202406191623/tools/bin/../lib/gcc/arm-none-eabi/12.3.1/../../../../arm-none-eabi/lib/thumb/v7e-m+fp/hard\libc_nano.a
END GROUP
START GROUP
LOAD C:/ST/STM32CubeIDE_1.16.1/STM32CubeIDE/plugins/com.st.stm32cube.ide.mcu.externaltools.gnu-tools-for-stm32.12.3.rel1.win32_1.0.200.202406191623/tools/bin/../lib/gcc/arm-none-eabi/12.3.1/thumb/v7e-m+fp/hard\libgcc.a
LOAD C:/ST/STM32CubeIDE_1.16.1/STM32CubeIDE/plugins/com.st.stm32cube.ide.mcu.externaltools.gnu-tools-for-stm32.12.3.rel1.win32_1.0.200.202406191623/tools/bin/../lib/gcc/arm-none-eabi/12.3.1/../../../../arm-none-eabi/lib/thumb/v7e-m+fp/hard\libc_nano.a
LOAD C:/ST/STM32CubeIDE_1.16.1/STM32CubeIDE/plugins/com.st.stm32cube.ide.mcu.externaltools.gnu-tools-for-stm32.12.3.rel1.win32_1.0.200.202406191623/tools/bin/../lib/gcc/arm-none-eabi/12.3.1/../../../../arm-none-eabi/lib/thumb/v7e-m+fp/hard\libnosys.a
END GROUP
START GROUP
LOAD C:/ST/STM32CubeIDE_1.16.1/STM32CubeIDE/plugins/com.st.stm32cube.ide.mcu.externaltools.gnu-tools-for-stm32.12.3.rel1.win32_1.0.200.202406191623/tools/bin/../lib/gcc/arm-none-eabi/12.3.1/thumb/v7e-m+fp/hard\libgcc.a
LOAD C:/ST/STM32CubeIDE_1.16.1/STM32CubeIDE/plugins/com.st.stm32cube.ide.mcu.externaltools.gnu-tools-for-stm32.12.3.rel1.win32_1.0.200.202406191623/tools/bin/../lib/gcc/arm-none-eabi/12.3.1/../../../../arm-none-eabi/lib/thumb/v7e-m+fp/hard\libc_nano.a
LOAD C:/ST/STM32CubeIDE_1.16.1/STM32CubeIDE/plugins/com.st.stm32cube.ide.mcu.externaltools.gnu-tools-for-stm32.12.3.rel1.win32_1.0.200.202406191623/tools/bin/../lib/gcc/arm-none-eabi/12.3.1/../../../../arm-none-eabi/lib/thumb/v7e-m+fp/hard\libnosys.a
END GROUP
LOAD C:/ST/STM32CubeIDE_1.16.1/STM32CubeIDE/plugins/com.st.stm32cube.ide.mcu.externaltools.gnu-tools-for-stm32.12.3.rel1.win32_1.0.200.202406191623/tools/bin/../lib/gcc/arm-none-eabi/12.3.1/thumb/v7e-m+fp/hard/crtend.o
LOAD C:/ST/STM32CubeIDE_1.16.1/STM32CubeIDE/plugins/com.st.stm32cube.ide.mcu.externaltools.gnu-tools-for-stm32.12.3.rel1.win32_1.0.200.202406191623/tools/bin/../lib/gcc/arm-none-eabi/12.3.1/thumb/v7e-m+fp/hard/crtn.o
                0x20010000                        _estack = (ORIGIN (RAM) + LENGTH (RAM))
                0x00000200                        _Min_Heap_Size = 0x200
                0x00000400                        _Min_Stack_Size = 0x400

.isr_vector     0x08000000      0x194
                0x08000000                        . = ALIGN (0x4)
 *(.isr_vector)
 .isr_vector    0x08000000      0x194 ./Core/Startup/startup_stm32f401rctx.o
                0x08000000                g_pfnVectors
                0x08000194                        . = ALIGN (0x4)

.text           0x080001a0     0x9f80
                0x080001a0                        . = ALIGN (0x4)
 *(.text)
 .text          0x080001a0       0x40 C:/ST/STM32CubeIDE_1.16.1/STM32CubeIDE/plugins/com.st.stm32cube.ide.mcu.externaltools.gnu-tools-for-stm32.12.3.rel1.win32_1.0.200.202406191623/tools/bin/../lib/gcc/arm-none-eabi/12.3.1/thumb/v7e-m+fp/hard/crtbegin.o
 .text          0x080001e0       0x10 C:/ST/STM32CubeIDE_1.16.1/STM32CubeIDE/plugins/com.st.stm32cube.ide.mcu.externaltools.gnu-tools-for-stm32.12.3.rel1.win32_1.0.200.202406191623/tools/bin/../lib/gcc/arm-none-eabi/12.3.1/../../../../arm-none-eabi/lib/thumb/v7e-m+fp/hard\libc_nano.a(libc_a-strlen.o)
                0x080001e0                strlen
 .text          0x080001f0       0xa0 C:/ST/STM32CubeIDE_1.16.1/STM32CubeIDE/plugins/com.st.stm32cube.ide.mcu.externaltools.gnu-tools-for-stm32.12.3.rel1.win32_1.0.200.202406191623/tools/bin/../lib/gcc/arm-none-eabi/12.3.1/../../../../arm-none-eabi/lib/thumb/v7e-m+fp/hard\libc_nano.a(libc_a-memchr.o)
                0x080001f0                memchr
 .text          0x08000290      0x378 C:/ST/STM32CubeIDE_1.16.1/STM32CubeIDE/plugins/com.st.stm32cube.ide.mcu.externaltools.gnu-tools-for-stm32.12.3.rel1.win32_1.0.200.202406191623/tools/bin/../lib/gcc/arm-none-eabi/12.3.1/thumb/v7e-m+fp/hard\libgcc.a(_arm_addsubdf3.o)
                0x08000290                __aeabi_drsub
                0x08000298                __aeabi_dsub
                0x08000298                __subdf3
                0x0800029c                __aeabi_dadd
                0x0800029c                __adddf3
                0x08000514                __floatunsidf
                0x08000514                __aeabi_ui2d
                0x08000534                __floatsidf
                0x08000534                __aeabi_i2d
                0x08000558                __aeabi_f2d
                0x08000558                __extendsfdf2
                0x0800059c                __floatundidf
                0x0800059c                __aeabi_ul2d
                0x080005ac                __floatdidf
                0x080005ac                __aeabi_l2d
 .text          0x08000608      0x424 C:/ST/STM32CubeIDE_1.16.1/STM32CubeIDE/plugins/com.st.stm32cube.ide.mcu.externaltools.gnu-tools-for-stm32.12.3.rel1.win32_1.0.200.202406191623/tools/bin/../lib/gcc/arm-none-eabi/12.3.1/thumb/v7e-m+fp/hard\libgcc.a(_arm_muldivdf3.o)
                0x08000608                __aeabi_dmul
                0x08000608                __muldf3
                0x0800085c                __divdf3
                0x0800085c                __aeabi_ddiv
 .text          0x08000a2c       0x50 C:/ST/STM32CubeIDE_1.16.1/STM32CubeIDE/plugins/com.st.stm32cube.ide.mcu.externaltools.gnu-tools-for-stm32.12.3.rel1.win32_1.0.200.202406191623/tools/bin/../lib/gcc/arm-none-eabi/12.3.1/thumb/v7e-m+fp/hard\libgcc.a(_arm_fixdfsi.o)
                0x08000a2c                __aeabi_d2iz
                0x08000a2c                __fixdfsi
 .text          0x08000a7c       0x30 C:/ST/STM32CubeIDE_1.16.1/STM32CubeIDE/plugins/com.st.stm32cube.ide.mcu.externaltools.gnu-tools-for-stm32.12.3.rel1.win32_1.0.200.202406191623/tools/bin/../lib/gcc/arm-none-eabi/12.3.1/thumb/v7e-m+fp/hard\libgcc.a(_aeabi_uldivmod.o)
                0x08000a7c                __aeabi_uldivmod
 .text          0x08000aac      0x2bc C:/ST/STM32CubeIDE_1.16.1/STM32CubeIDE/plugins/com.st.stm32cube.ide.mcu.externaltools.gnu-tools-for-stm32.12.3.rel1.win32_1.0.200.202406191623/tools/bin/../lib/gcc/arm-none-eabi/12.3.1/thumb/v7e-m+fp/hard\libgcc.a(_udivmoddi4.o)
                0x08000aac                __udivmoddi4
 .text          0x08000d68        0x4 C:/ST/STM32CubeIDE_1.16.1/STM32CubeIDE/plugins/com.st.stm32cube.ide.mcu.externaltools.gnu-tools-for-stm32.12.3.rel1.win32_1.0.200.202406191623/tools/bin/../lib/gcc/arm-none-eabi/12.3.1/thumb/v7e-m+fp/hard\libgcc.a(_dvmd_tls.o)
                0x08000d68                __aeabi_idiv0
                0x08000d68                __aeabi_ldiv0
 *(.text*)
 .text.LoRa_gotoMode
                0x08000d6c       0xc2 ./Core/Src/SX1278.o
                0x08000d6c                LoRa_gotoMode
 .text.LoRa_readReg
                0x08000e2e       0x7c ./Core/Src/SX1278.o
                0x08000e2e                LoRa_readReg
 .text.LoRa_writeReg
                0x08000eaa       0x7c ./Core/Src/SX1278.o
                0x08000eaa                LoRa_writeReg
 .text.LoRa_setLowDaraRateOptimization
                0x08000f26       0x4a ./Core/Src/SX1278.o
                0x08000f26                LoRa_setLowDaraRateOptimization
 .text.LoRa_setAutoLDO
                0x08000f70       0x6c ./Core/Src/SX1278.o
                0x08000f70                LoRa_setAutoLDO
 .text.LoRa_setFrequency
                0x08000fdc       0x60 ./Core/Src/SX1278.o
                0x08000fdc                LoRa_setFrequency
 .text.LoRa_setSpreadingFactor
                0x0800103c       0x64 ./Core/Src/SX1278.o
                0x0800103c                LoRa_setSpreadingFactor
 .text.LoRa_setPower
                0x080010a0       0x26 ./Core/Src/SX1278.o
                0x080010a0                LoRa_setPower
 *fill*         0x080010c6        0x2 
 .text.LoRa_setOCP
                0x080010c8       0x7c ./Core/Src/SX1278.o
                0x080010c8                LoRa_setOCP
 .text.LoRa_setTOMsb_setCRCon
                0x08001144       0x36 ./Core/Src/SX1278.o
                0x08001144                LoRa_setTOMsb_setCRCon
 .text.LoRa_read
                0x0800117a       0x34 ./Core/Src/SX1278.o
                0x0800117a                LoRa_read
 .text.LoRa_write
                0x080011ae       0x3a ./Core/Src/SX1278.o
                0x080011ae                LoRa_write
 .text.LoRa_BurstWrite
                0x080011e8       0x8e ./Core/Src/SX1278.o
                0x080011e8                LoRa_BurstWrite
 .text.LoRa_isvalid
                0x08001276       0x16 ./Core/Src/SX1278.o
                0x08001276                LoRa_isvalid
 .text.LoRa_transmit
                0x0800128c       0xb0 ./Core/Src/SX1278.o
                0x0800128c                LoRa_transmit
 .text.LoRa_receive
                0x0800133c       0xc0 ./Core/Src/SX1278.o
                0x0800133c                LoRa_receive
 .text.LoRa_init
                0x080013fc      0x14e ./Core/Src/SX1278.o
                0x080013fc                LoRa_init
 *fill*         0x0800154a        0x2 
 .text.receive_ack
                0x0800154c      0x140 ./Core/Src/ack_handler.o
                0x0800154c                receive_ack
 .text.sendMessageAndWaitForAck
                0x0800168c       0xfc ./Core/Src/ack_handler.o
                0x0800168c                sendMessageAndWaitForAck
 .text.Calculate_CRC
                0x08001788      0x100 ./Core/Src/crc_calculator.o
                0x08001788                Calculate_CRC
 .text.LoRa_Init
                0x08001888       0xc4 ./Core/Src/lora_config.o
                0x08001888                LoRa_Init
 .text.main     0x0800194c      0x1a4 ./Core/Src/main.o
                0x0800194c                main
 .text.SystemClock_Config
                0x08001af0       0xd8 ./Core/Src/main.o
                0x08001af0                SystemClock_Config
 .text.MX_CRC_Init
                0x08001bc8       0x28 ./Core/Src/main.o
 .text.MX_SPI1_Init
                0x08001bf0       0x6c ./Core/Src/main.o
 .text.MX_USART2_Init
                0x08001c5c       0x58 ./Core/Src/main.o
 .text.MX_GPIO_Init
                0x08001cb4       0xfc ./Core/Src/main.o
 .text.Error_Handler
                0x08001db0        0xc ./Core/Src/main.o
                0x08001db0                Error_Handler
 .text.HAL_MspInit
                0x08001dbc       0x50 ./Core/Src/stm32f4xx_hal_msp.o
                0x08001dbc                HAL_MspInit
 .text.HAL_CRC_MspInit
                0x08001e0c       0x44 ./Core/Src/stm32f4xx_hal_msp.o
                0x08001e0c                HAL_CRC_MspInit
 .text.HAL_SPI_MspInit
                0x08001e50       0x90 ./Core/Src/stm32f4xx_hal_msp.o
                0x08001e50                HAL_SPI_MspInit
 .text.HAL_USART_MspInit
                0x08001ee0       0x90 ./Core/Src/stm32f4xx_hal_msp.o
                0x08001ee0                HAL_USART_MspInit
 .text.NMI_Handler
                0x08001f70        0x8 ./Core/Src/stm32f4xx_it.o
                0x08001f70                NMI_Handler
 .text.HardFault_Handler
                0x08001f78        0x8 ./Core/Src/stm32f4xx_it.o
                0x08001f78                HardFault_Handler
 .text.MemManage_Handler
                0x08001f80        0x8 ./Core/Src/stm32f4xx_it.o
                0x08001f80                MemManage_Handler
 .text.BusFault_Handler
                0x08001f88        0x8 ./Core/Src/stm32f4xx_it.o
                0x08001f88                BusFault_Handler
 .text.UsageFault_Handler
                0x08001f90        0x8 ./Core/Src/stm32f4xx_it.o
                0x08001f90                UsageFault_Handler
 .text.SVC_Handler
                0x08001f98        0xe ./Core/Src/stm32f4xx_it.o
                0x08001f98                SVC_Handler
 .text.DebugMon_Handler
                0x08001fa6        0xe ./Core/Src/stm32f4xx_it.o
                0x08001fa6                DebugMon_Handler
 .text.PendSV_Handler
                0x08001fb4        0xe ./Core/Src/stm32f4xx_it.o
                0x08001fb4                PendSV_Handler
 .text.SysTick_Handler
                0x08001fc2        0xc ./Core/Src/stm32f4xx_it.o
                0x08001fc2                SysTick_Handler
 .text.EXTI2_IRQHandler
                0x08001fce        0xe ./Core/Src/stm32f4xx_it.o
                0x08001fce                EXTI2_IRQHandler
 .text.OTG_FS_IRQHandler
                0x08001fdc       0x14 ./Core/Src/stm32f4xx_it.o
                0x08001fdc                OTG_FS_IRQHandler
 .text._sbrk    0x08001ff0       0x6c ./Core/Src/sysmem.o
                0x08001ff0                _sbrk
 .text.SystemInit
                0x0800205c       0x24 ./Core/Src/system_stm32f4xx.o
                0x0800205c                SystemInit
 .text.Reset_Handler
                0x08002080       0x50 ./Core/Startup/startup_stm32f401rctx.o
                0x08002080                Reset_Handler
 .text.Default_Handler
                0x080020d0        0x2 ./Core/Startup/startup_stm32f401rctx.o
                0x080020d0                RTC_Alarm_IRQHandler
                0x080020d0                SPI4_IRQHandler
                0x080020d0                TIM1_CC_IRQHandler
                0x080020d0                DMA2_Stream5_IRQHandler
                0x080020d0                DMA1_Stream5_IRQHandler
                0x080020d0                PVD_IRQHandler
                0x080020d0                SDIO_IRQHandler
                0x080020d0                TAMP_STAMP_IRQHandler
                0x080020d0                EXTI3_IRQHandler
                0x080020d0                TIM1_UP_TIM10_IRQHandler
                0x080020d0                I2C3_ER_IRQHandler
                0x080020d0                EXTI0_IRQHandler
                0x080020d0                I2C2_EV_IRQHandler
                0x080020d0                DMA1_Stream2_IRQHandler
                0x080020d0                FPU_IRQHandler
                0x080020d0                DMA2_Stream2_IRQHandler
                0x080020d0                SPI1_IRQHandler
                0x080020d0                TIM1_BRK_TIM9_IRQHandler
                0x080020d0                DMA2_Stream3_IRQHandler
                0x080020d0                USART6_IRQHandler
                0x080020d0                DMA2_Stream0_IRQHandler
                0x080020d0                TIM4_IRQHandler
                0x080020d0                I2C1_EV_IRQHandler
                0x080020d0                DMA1_Stream6_IRQHandler
                0x080020d0                DMA1_Stream1_IRQHandler
                0x080020d0                TIM3_IRQHandler
                0x080020d0                RCC_IRQHandler
                0x080020d0                Default_Handler
                0x080020d0                EXTI15_10_IRQHandler
                0x080020d0                ADC_IRQHandler
                0x080020d0                DMA1_Stream7_IRQHandler
                0x080020d0                TIM5_IRQHandler
                0x080020d0                DMA2_Stream7_IRQHandler
                0x080020d0                I2C3_EV_IRQHandler
                0x080020d0                EXTI9_5_IRQHandler
                0x080020d0                RTC_WKUP_IRQHandler
                0x080020d0                SPI2_IRQHandler
                0x080020d0                DMA1_Stream0_IRQHandler
                0x080020d0                EXTI4_IRQHandler
                0x080020d0                WWDG_IRQHandler
                0x080020d0                TIM2_IRQHandler
                0x080020d0                OTG_FS_WKUP_IRQHandler
                0x080020d0                TIM1_TRG_COM_TIM11_IRQHandler
                0x080020d0                EXTI1_IRQHandler
                0x080020d0                USART2_IRQHandler
                0x080020d0                I2C2_ER_IRQHandler
                0x080020d0                DMA2_Stream1_IRQHandler
                0x080020d0                FLASH_IRQHandler
                0x080020d0                DMA2_Stream4_IRQHandler
                0x080020d0                USART1_IRQHandler
                0x080020d0                SPI3_IRQHandler
                0x080020d0                DMA1_Stream4_IRQHandler
                0x080020d0                I2C1_ER_IRQHandler
                0x080020d0                DMA2_Stream6_IRQHandler
                0x080020d0                DMA1_Stream3_IRQHandler
 *fill*         0x080020d2        0x2 
 .text.HAL_Init
                0x080020d4       0x44 ./Drivers/STM32F4xx_HAL_Driver/stm32f4xx_hal.o
                0x080020d4                HAL_Init
 .text.HAL_InitTick
                0x08002118       0x60 ./Drivers/STM32F4xx_HAL_Driver/stm32f4xx_hal.o
                0x08002118                HAL_InitTick
 .text.HAL_IncTick
                0x08002178       0x28 ./Drivers/STM32F4xx_HAL_Driver/stm32f4xx_hal.o
                0x08002178                HAL_IncTick
 .text.HAL_GetTick
                0x080021a0       0x18 ./Drivers/STM32F4xx_HAL_Driver/stm32f4xx_hal.o
                0x080021a0                HAL_GetTick
 .text.HAL_Delay
                0x080021b8       0x48 ./Drivers/STM32F4xx_HAL_Driver/stm32f4xx_hal.o
                0x080021b8                HAL_Delay
 .text.__NVIC_SetPriorityGrouping
                0x08002200       0x48 ./Drivers/STM32F4xx_HAL_Driver/stm32f4xx_hal_cortex.o
 .text.__NVIC_GetPriorityGrouping
                0x08002248       0x1c ./Drivers/STM32F4xx_HAL_Driver/stm32f4xx_hal_cortex.o
 .text.__NVIC_EnableIRQ
                0x08002264       0x3c ./Drivers/STM32F4xx_HAL_Driver/stm32f4xx_hal_cortex.o
 .text.__NVIC_SetPriority
                0x080022a0       0x54 ./Drivers/STM32F4xx_HAL_Driver/stm32f4xx_hal_cortex.o
 .text.NVIC_EncodePriority
                0x080022f4       0x66 ./Drivers/STM32F4xx_HAL_Driver/stm32f4xx_hal_cortex.o
 *fill*         0x0800235a        0x2 
 .text.SysTick_Config
                0x0800235c       0x44 ./Drivers/STM32F4xx_HAL_Driver/stm32f4xx_hal_cortex.o
 .text.HAL_NVIC_SetPriorityGrouping
                0x080023a0       0x16 ./Drivers/STM32F4xx_HAL_Driver/stm32f4xx_hal_cortex.o
                0x080023a0                HAL_NVIC_SetPriorityGrouping
 .text.HAL_NVIC_SetPriority
                0x080023b6       0x38 ./Drivers/STM32F4xx_HAL_Driver/stm32f4xx_hal_cortex.o
                0x080023b6                HAL_NVIC_SetPriority
 .text.HAL_NVIC_EnableIRQ
                0x080023ee       0x1c ./Drivers/STM32F4xx_HAL_Driver/stm32f4xx_hal_cortex.o
                0x080023ee                HAL_NVIC_EnableIRQ
 .text.HAL_SYSTICK_Config
                0x0800240a       0x18 ./Drivers/STM32F4xx_HAL_Driver/stm32f4xx_hal_cortex.o
                0x0800240a                HAL_SYSTICK_Config
 .text.HAL_CRC_Init
                0x08002422       0x38 ./Drivers/STM32F4xx_HAL_Driver/stm32f4xx_hal_crc.o
                0x08002422                HAL_CRC_Init
 .text.HAL_CRC_Calculate
                0x0800245a       0x66 ./Drivers/STM32F4xx_HAL_Driver/stm32f4xx_hal_crc.o
                0x0800245a                HAL_CRC_Calculate
 .text.HAL_GPIO_Init
                0x080024c0      0x308 ./Drivers/STM32F4xx_HAL_Driver/stm32f4xx_hal_gpio.o
                0x080024c0                HAL_GPIO_Init
 .text.HAL_GPIO_WritePin
                0x080027c8       0x32 ./Drivers/STM32F4xx_HAL_Driver/stm32f4xx_hal_gpio.o
                0x080027c8                HAL_GPIO_WritePin
 *fill*         0x080027fa        0x2 
 .text.HAL_GPIO_EXTI_IRQHandler
                0x080027fc       0x30 ./Drivers/STM32F4xx_HAL_Driver/stm32f4xx_hal_gpio.o
                0x080027fc                HAL_GPIO_EXTI_IRQHandler
 .text.HAL_GPIO_EXTI_Callback
                0x0800282c       0x16 ./Drivers/STM32F4xx_HAL_Driver/stm32f4xx_hal_gpio.o
                0x0800282c                HAL_GPIO_EXTI_Callback
 .text.HAL_PCD_Init
                0x08002842      0x21e ./Drivers/STM32F4xx_HAL_Driver/stm32f4xx_hal_pcd.o
                0x08002842                HAL_PCD_Init
 .text.HAL_PCD_Start
                0x08002a60       0x6a ./Drivers/STM32F4xx_HAL_Driver/stm32f4xx_hal_pcd.o
                0x08002a60                HAL_PCD_Start
 .text.HAL_PCD_IRQHandler
                0x08002aca      0x942 ./Drivers/STM32F4xx_HAL_Driver/stm32f4xx_hal_pcd.o
                0x08002aca                HAL_PCD_IRQHandler
 .text.HAL_PCD_SetAddress
                0x0800340c       0x48 ./Drivers/STM32F4xx_HAL_Driver/stm32f4xx_hal_pcd.o
                0x0800340c                HAL_PCD_SetAddress
 .text.HAL_PCD_EP_Open
                0x08003454       0xd4 ./Drivers/STM32F4xx_HAL_Driver/stm32f4xx_hal_pcd.o
                0x08003454                HAL_PCD_EP_Open
 .text.HAL_PCD_EP_Close
                0x08003528       0x94 ./Drivers/STM32F4xx_HAL_Driver/stm32f4xx_hal_pcd.o
                0x08003528                HAL_PCD_EP_Close
 .text.HAL_PCD_EP_Receive
                0x080035bc       0x76 ./Drivers/STM32F4xx_HAL_Driver/stm32f4xx_hal_pcd.o
                0x080035bc                HAL_PCD_EP_Receive
 .text.HAL_PCD_EP_GetRxCount
                0x08003632       0x30 ./Drivers/STM32F4xx_HAL_Driver/stm32f4xx_hal_pcd.o
                0x08003632                HAL_PCD_EP_GetRxCount
 .text.HAL_PCD_EP_Transmit
                0x08003662       0x74 ./Drivers/STM32F4xx_HAL_Driver/stm32f4xx_hal_pcd.o
                0x08003662                HAL_PCD_EP_Transmit
 .text.HAL_PCD_EP_SetStall
                0x080036d6       0xc6 ./Drivers/STM32F4xx_HAL_Driver/stm32f4xx_hal_pcd.o
                0x080036d6                HAL_PCD_EP_SetStall
 .text.HAL_PCD_EP_ClrStall
                0x0800379c       0xac ./Drivers/STM32F4xx_HAL_Driver/stm32f4xx_hal_pcd.o
                0x0800379c                HAL_PCD_EP_ClrStall
 .text.HAL_PCD_EP_Abort
                0x08003848       0x62 ./Drivers/STM32F4xx_HAL_Driver/stm32f4xx_hal_pcd.o
                0x08003848                HAL_PCD_EP_Abort
 .text.PCD_WriteEmptyTxFifo
                0x080038aa      0x118 ./Drivers/STM32F4xx_HAL_Driver/stm32f4xx_hal_pcd.o
 *fill*         0x080039c2        0x2 
 .text.PCD_EP_OutXfrComplete_int
                0x080039c4      0x1d0 ./Drivers/STM32F4xx_HAL_Driver/stm32f4xx_hal_pcd.o
 .text.PCD_EP_OutSetupPacket_int
                0x08003b94       0x8c ./Drivers/STM32F4xx_HAL_Driver/stm32f4xx_hal_pcd.o
 .text.HAL_PCDEx_SetTxFiFo
                0x08003c20       0x8e ./Drivers/STM32F4xx_HAL_Driver/stm32f4xx_hal_pcd_ex.o
                0x08003c20                HAL_PCDEx_SetTxFiFo
 .text.HAL_PCDEx_SetRxFiFo
                0x08003cae       0x22 ./Drivers/STM32F4xx_HAL_Driver/stm32f4xx_hal_pcd_ex.o
                0x08003cae                HAL_PCDEx_SetRxFiFo
 .text.HAL_PCDEx_LPM_Callback
                0x08003cd0       0x18 ./Drivers/STM32F4xx_HAL_Driver/stm32f4xx_hal_pcd_ex.o
                0x08003cd0                HAL_PCDEx_LPM_Callback
 .text.HAL_RCC_OscConfig
                0x08003ce8      0x4f0 ./Drivers/STM32F4xx_HAL_Driver/stm32f4xx_hal_rcc.o
                0x08003ce8                HAL_RCC_OscConfig
 .text.HAL_RCC_ClockConfig
                0x080041d8      0x1cc ./Drivers/STM32F4xx_HAL_Driver/stm32f4xx_hal_rcc.o
                0x080041d8                HAL_RCC_ClockConfig
 .text.HAL_RCC_GetSysClockFreq
                0x080043a4      0x18c ./Drivers/STM32F4xx_HAL_Driver/stm32f4xx_hal_rcc.o
                0x080043a4                HAL_RCC_GetSysClockFreq
 .text.HAL_RCC_GetHCLKFreq
                0x08004530       0x18 ./Drivers/STM32F4xx_HAL_Driver/stm32f4xx_hal_rcc.o
                0x08004530                HAL_RCC_GetHCLKFreq
 .text.HAL_RCC_GetPCLK1Freq
                0x08004548       0x28 ./Drivers/STM32F4xx_HAL_Driver/stm32f4xx_hal_rcc.o
                0x08004548                HAL_RCC_GetPCLK1Freq
 .text.HAL_RCC_GetPCLK2Freq
                0x08004570       0x28 ./Drivers/STM32F4xx_HAL_Driver/stm32f4xx_hal_rcc.o
                0x08004570                HAL_RCC_GetPCLK2Freq
 .text.HAL_SPI_Init
                0x08004598      0x112 ./Drivers/STM32F4xx_HAL_Driver/stm32f4xx_hal_spi.o
                0x08004598                HAL_SPI_Init
 .text.HAL_SPI_Transmit
                0x080046aa      0x288 ./Drivers/STM32F4xx_HAL_Driver/stm32f4xx_hal_spi.o
                0x080046aa                HAL_SPI_Transmit
 .text.HAL_SPI_Receive
                0x08004932      0x232 ./Drivers/STM32F4xx_HAL_Driver/stm32f4xx_hal_spi.o
                0x08004932                HAL_SPI_Receive
 .text.HAL_SPI_TransmitReceive
                0x08004b64      0x352 ./Drivers/STM32F4xx_HAL_Driver/stm32f4xx_hal_spi.o
                0x08004b64                HAL_SPI_TransmitReceive
 .text.HAL_SPI_GetState
                0x08004eb6       0x1c ./Drivers/STM32F4xx_HAL_Driver/stm32f4xx_hal_spi.o
                0x08004eb6                HAL_SPI_GetState
 *fill*         0x08004ed2        0x2 
 .text.SPI_WaitFlagStateUntilTimeout
                0x08004ed4      0x110 ./Drivers/STM32F4xx_HAL_Driver/stm32f4xx_hal_spi.o
 .text.SPI_EndRxTransaction
                0x08004fe4       0xca ./Drivers/STM32F4xx_HAL_Driver/stm32f4xx_hal_spi.o
 *fill*         0x080050ae        0x2 
 .text.SPI_EndRxTxTransaction
                0x080050b0       0xa8 ./Drivers/STM32F4xx_HAL_Driver/stm32f4xx_hal_spi.o
 .text.HAL_USART_Init
                0x08005158       0x82 ./Drivers/STM32F4xx_HAL_Driver/stm32f4xx_hal_usart.o
                0x08005158                HAL_USART_Init
 *fill*         0x080051da        0x2 
 .text.USART_SetConfig
                0x080051dc      0x530 ./Drivers/STM32F4xx_HAL_Driver/stm32f4xx_hal_usart.o
 .text.USB_CoreInit
                0x0800570c       0xc8 ./Drivers/STM32F4xx_HAL_Driver/stm32f4xx_ll_usb.o
                0x0800570c                USB_CoreInit
 .text.USB_SetTurnaroundTime
                0x080057d4      0x144 ./Drivers/STM32F4xx_HAL_Driver/stm32f4xx_ll_usb.o
                0x080057d4                USB_SetTurnaroundTime
 .text.USB_EnableGlobalInt
                0x08005918       0x22 ./Drivers/STM32F4xx_HAL_Driver/stm32f4xx_ll_usb.o
                0x08005918                USB_EnableGlobalInt
 .text.USB_DisableGlobalInt
                0x0800593a       0x22 ./Drivers/STM32F4xx_HAL_Driver/stm32f4xx_ll_usb.o
                0x0800593a                USB_DisableGlobalInt
 .text.USB_SetCurrentMode
                0x0800595c       0x98 ./Drivers/STM32F4xx_HAL_Driver/stm32f4xx_ll_usb.o
                0x0800595c                USB_SetCurrentMode
 .text.USB_DevInit
                0x080059f4      0x2c8 ./Drivers/STM32F4xx_HAL_Driver/stm32f4xx_ll_usb.o
                0x080059f4                USB_DevInit
 .text.USB_FlushTxFifo
                0x08005cbc       0x64 ./Drivers/STM32F4xx_HAL_Driver/stm32f4xx_ll_usb.o
                0x08005cbc                USB_FlushTxFifo
 .text.USB_FlushRxFifo
                0x08005d20       0x5c ./Drivers/STM32F4xx_HAL_Driver/stm32f4xx_ll_usb.o
                0x08005d20                USB_FlushRxFifo
 .text.USB_SetDevSpeed
                0x08005d7c       0x32 ./Drivers/STM32F4xx_HAL_Driver/stm32f4xx_ll_usb.o
                0x08005d7c                USB_SetDevSpeed
 .text.USB_GetDevSpeed
                0x08005dae       0x4a ./Drivers/STM32F4xx_HAL_Driver/stm32f4xx_ll_usb.o
                0x08005dae                USB_GetDevSpeed
 .text.USB_ActivateEndpoint
                0x08005df8      0x10e ./Drivers/STM32F4xx_HAL_Driver/stm32f4xx_ll_usb.o
                0x08005df8                USB_ActivateEndpoint
 *fill*         0x08005f06        0x2 
 .text.USB_DeactivateEndpoint
                0x08005f08      0x1b8 ./Drivers/STM32F4xx_HAL_Driver/stm32f4xx_ll_usb.o
                0x08005f08                USB_DeactivateEndpoint
 .text.USB_EPStartXfer
                0x080060c0      0x53c ./Drivers/STM32F4xx_HAL_Driver/stm32f4xx_ll_usb.o
                0x080060c0                USB_EPStartXfer
 .text.USB_EPStopXfer
                0x080065fc      0x154 ./Drivers/STM32F4xx_HAL_Driver/stm32f4xx_ll_usb.o
                0x080065fc                USB_EPStopXfer
 .text.USB_WritePacket
                0x08006750       0x7c ./Drivers/STM32F4xx_HAL_Driver/stm32f4xx_ll_usb.o
                0x08006750                USB_WritePacket
 .text.USB_ReadPacket
                0x080067cc       0xb0 ./Drivers/STM32F4xx_HAL_Driver/stm32f4xx_ll_usb.o
                0x080067cc                USB_ReadPacket
 .text.USB_EPSetStall
                0x0800687c       0xdc ./Drivers/STM32F4xx_HAL_Driver/stm32f4xx_ll_usb.o
                0x0800687c                USB_EPSetStall
 .text.USB_EPClearStall
                0x08006958       0xcc ./Drivers/STM32F4xx_HAL_Driver/stm32f4xx_ll_usb.o
                0x08006958                USB_EPClearStall
 .text.USB_SetDevAddress
                0x08006a24       0x4c ./Drivers/STM32F4xx_HAL_Driver/stm32f4xx_ll_usb.o
                0x08006a24                USB_SetDevAddress
 .text.USB_DevConnect
                0x08006a70       0x42 ./Drivers/STM32F4xx_HAL_Driver/stm32f4xx_ll_usb.o
                0x08006a70                USB_DevConnect
 .text.USB_DevDisconnect
                0x08006ab2       0x42 ./Drivers/STM32F4xx_HAL_Driver/stm32f4xx_ll_usb.o
                0x08006ab2                USB_DevDisconnect
 .text.USB_ReadInterrupts
                0x08006af4       0x26 ./Drivers/STM32F4xx_HAL_Driver/stm32f4xx_ll_usb.o
                0x08006af4                USB_ReadInterrupts
 .text.USB_ReadDevAllOutEpInterrupt
                0x08006b1a       0x34 ./Drivers/STM32F4xx_HAL_Driver/stm32f4xx_ll_usb.o
                0x08006b1a                USB_ReadDevAllOutEpInterrupt
 .text.USB_ReadDevAllInEpInterrupt
                0x08006b4e       0x34 ./Drivers/STM32F4xx_HAL_Driver/stm32f4xx_ll_usb.o
                0x08006b4e                USB_ReadDevAllInEpInterrupt
 .text.USB_ReadDevOutEPInterrupt
                0x08006b82       0x3c ./Drivers/STM32F4xx_HAL_Driver/stm32f4xx_ll_usb.o
                0x08006b82                USB_ReadDevOutEPInterrupt
 .text.USB_ReadDevInEPInterrupt
                0x08006bbe       0x5c ./Drivers/STM32F4xx_HAL_Driver/stm32f4xx_ll_usb.o
                0x08006bbe                USB_ReadDevInEPInterrupt
 .text.USB_GetMode
                0x08006c1a       0x1c ./Drivers/STM32F4xx_HAL_Driver/stm32f4xx_ll_usb.o
                0x08006c1a                USB_GetMode
 .text.USB_ActivateSetup
                0x08006c36       0x46 ./Drivers/STM32F4xx_HAL_Driver/stm32f4xx_ll_usb.o
                0x08006c36                USB_ActivateSetup
 .text.USB_EP0_OutStart
                0x08006c7c       0xbc ./Drivers/STM32F4xx_HAL_Driver/stm32f4xx_ll_usb.o
                0x08006c7c                USB_EP0_OutStart
 .text.USB_CoreReset
                0x08006d38       0x62 ./Drivers/STM32F4xx_HAL_Driver/stm32f4xx_ll_usb.o
 *fill*         0x08006d9a        0x2 
 .text.USBD_CDC_Init
                0x08006d9c      0x1f0 ./Middlewares/USB_Device_Library/usbd_cdc.o
 .text.USBD_CDC_DeInit
                0x08006f8c      0x104 ./Middlewares/USB_Device_Library/usbd_cdc.o
 .text.USBD_CDC_Setup
                0x08007090      0x1b8 ./Middlewares/USB_Device_Library/usbd_cdc.o
 .text.USBD_CDC_DataIn
                0x08007248       0xfe ./Middlewares/USB_Device_Library/usbd_cdc.o
 .text.USBD_CDC_DataOut
                0x08007346       0x70 ./Middlewares/USB_Device_Library/usbd_cdc.o
 .text.USBD_CDC_EP0_RxReady
                0x080073b6       0x74 ./Middlewares/USB_Device_Library/usbd_cdc.o
 *fill*         0x0800742a        0x2 
 .text.USBD_CDC_GetFSCfgDesc
                0x0800742c       0x70 ./Middlewares/USB_Device_Library/usbd_cdc.o
 .text.USBD_CDC_GetHSCfgDesc
                0x0800749c       0x70 ./Middlewares/USB_Device_Library/usbd_cdc.o
 .text.USBD_CDC_GetOtherSpeedCfgDesc
                0x0800750c       0x70 ./Middlewares/USB_Device_Library/usbd_cdc.o
 .text.USBD_CDC_GetDeviceQualifierDescriptor
                0x0800757c       0x20 ./Middlewares/USB_Device_Library/usbd_cdc.o
                0x0800757c                USBD_CDC_GetDeviceQualifierDescriptor
 .text.USBD_CDC_RegisterInterface
                0x0800759c       0x34 ./Middlewares/USB_Device_Library/usbd_cdc.o
                0x0800759c                USBD_CDC_RegisterInterface
 .text.USBD_CDC_SetTxBuffer
                0x080075d0       0x44 ./Middlewares/USB_Device_Library/usbd_cdc.o
                0x080075d0                USBD_CDC_SetTxBuffer
 .text.USBD_CDC_SetRxBuffer
                0x08007614       0x3a ./Middlewares/USB_Device_Library/usbd_cdc.o
                0x08007614                USBD_CDC_SetRxBuffer
 *fill*         0x0800764e        0x2 
 .text.USBD_CDC_TransmitPacket
                0x08007650       0x80 ./Middlewares/USB_Device_Library/usbd_cdc.o
                0x08007650                USBD_CDC_TransmitPacket
 .text.USBD_CDC_ReceivePacket
                0x080076d0       0x6c ./Middlewares/USB_Device_Library/usbd_cdc.o
                0x080076d0                USBD_CDC_ReceivePacket
 .text.USBD_Init
                0x0800773c       0x60 ./Middlewares/USB_Device_Library/usbd_core.o
                0x0800773c                USBD_Init
 .text.USBD_RegisterClass
                0x0800779c       0x6c ./Middlewares/USB_Device_Library/usbd_core.o
                0x0800779c                USBD_RegisterClass
 .text.USBD_Start
                0x08007808       0x18 ./Middlewares/USB_Device_Library/usbd_core.o
                0x08007808                USBD_Start
 .text.USBD_RunTestMode
                0x08007820       0x16 ./Middlewares/USB_Device_Library/usbd_core.o
                0x08007820                USBD_RunTestMode
 .text.USBD_SetClassConfig
                0x08007836       0x38 ./Middlewares/USB_Device_Library/usbd_core.o
                0x08007836                USBD_SetClassConfig
 .text.USBD_ClrClassConfig
                0x0800786e       0x34 ./Middlewares/USB_Device_Library/usbd_core.o
                0x0800786e                USBD_ClrClassConfig
 .text.USBD_LL_SetupStage
                0x080078a2       0xaa ./Middlewares/USB_Device_Library/usbd_core.o
                0x080078a2                USBD_LL_SetupStage
 .text.USBD_LL_DataOutStage
                0x0800794c      0x166 ./Middlewares/USB_Device_Library/usbd_core.o
                0x0800794c                USBD_LL_DataOutStage
 .text.USBD_LL_DataInStage
                0x08007ab2      0x164 ./Middlewares/USB_Device_Library/usbd_core.o
                0x08007ab2                USBD_LL_DataInStage
 .text.USBD_LL_Reset
                0x08007c16       0xa4 ./Middlewares/USB_Device_Library/usbd_core.o
                0x08007c16                USBD_LL_Reset
 .text.USBD_LL_SetSpeed
                0x08007cba       0x20 ./Middlewares/USB_Device_Library/usbd_core.o
                0x08007cba                USBD_LL_SetSpeed
 .text.USBD_LL_Suspend
                0x08007cda       0x38 ./Middlewares/USB_Device_Library/usbd_core.o
                0x08007cda                USBD_LL_Suspend
 .text.USBD_LL_Resume
                0x08007d12       0x30 ./Middlewares/USB_Device_Library/usbd_core.o
                0x08007d12                USBD_LL_Resume
 .text.USBD_LL_SOF
                0x08007d42       0x40 ./Middlewares/USB_Device_Library/usbd_core.o
                0x08007d42                USBD_LL_SOF
 .text.USBD_LL_IsoINIncomplete
                0x08007d82       0x64 ./Middlewares/USB_Device_Library/usbd_core.o
                0x08007d82                USBD_LL_IsoINIncomplete
 .text.USBD_LL_IsoOUTIncomplete
                0x08007de6       0x64 ./Middlewares/USB_Device_Library/usbd_core.o
                0x08007de6                USBD_LL_IsoOUTIncomplete
 .text.USBD_LL_DevConnected
                0x08007e4a       0x16 ./Middlewares/USB_Device_Library/usbd_core.o
                0x08007e4a                USBD_LL_DevConnected
 .text.USBD_LL_DevDisconnected
                0x08007e60       0x46 ./Middlewares/USB_Device_Library/usbd_core.o
                0x08007e60                USBD_LL_DevDisconnected
 .text.USBD_CoreFindIF
                0x08007ea6       0x1a ./Middlewares/USB_Device_Library/usbd_core.o
                0x08007ea6                USBD_CoreFindIF
 .text.USBD_CoreFindEP
                0x08007ec0       0x1a ./Middlewares/USB_Device_Library/usbd_core.o
                0x08007ec0                USBD_CoreFindEP
 .text.USBD_GetEpDesc
                0x08007eda       0x70 ./Middlewares/USB_Device_Library/usbd_core.o
                0x08007eda                USBD_GetEpDesc
 .text.USBD_GetNextDesc
                0x08007f4a       0x38 ./Middlewares/USB_Device_Library/usbd_core.o
                0x08007f4a                USBD_GetNextDesc
 .text.SWAPBYTE
                0x08007f82       0x3c ./Middlewares/USB_Device_Library/usbd_ctlreq.o
 *fill*         0x08007fbe        0x2 
 .text.USBD_StdDevReq
                0x08007fc0       0xe4 ./Middlewares/USB_Device_Library/usbd_ctlreq.o
                0x08007fc0                USBD_StdDevReq
 .text.USBD_StdItfReq
                0x080080a4       0xd8 ./Middlewares/USB_Device_Library/usbd_ctlreq.o
                0x080080a4                USBD_StdItfReq
 .text.USBD_StdEPReq
                0x0800817c      0x33a ./Middlewares/USB_Device_Library/usbd_ctlreq.o
                0x0800817c                USBD_StdEPReq
 *fill*         0x080084b6        0x2 
 .text.USBD_GetDescriptor
                0x080084b8      0x2d4 ./Middlewares/USB_Device_Library/usbd_ctlreq.o
 .text.USBD_SetAddress
                0x0800878c       0x88 ./Middlewares/USB_Device_Library/usbd_ctlreq.o
 .text.USBD_SetConfig
                0x08008814      0x154 ./Middlewares/USB_Device_Library/usbd_ctlreq.o
 .text.USBD_GetConfig
                0x08008968       0x6c ./Middlewares/USB_Device_Library/usbd_ctlreq.o
 .text.USBD_GetStatus
                0x080089d4       0x68 ./Middlewares/USB_Device_Library/usbd_ctlreq.o
 .text.USBD_SetFeature
                0x08008a3c       0x52 ./Middlewares/USB_Device_Library/usbd_ctlreq.o
 .text.USBD_ClrFeature
                0x08008a8e       0x44 ./Middlewares/USB_Device_Library/usbd_ctlreq.o
 .text.USBD_ParseSetupRequest
                0x08008ad2       0x74 ./Middlewares/USB_Device_Library/usbd_ctlreq.o
                0x08008ad2                USBD_ParseSetupRequest
 .text.USBD_CtlError
                0x08008b46       0x22 ./Middlewares/USB_Device_Library/usbd_ctlreq.o
                0x08008b46                USBD_CtlError
 .text.USBD_GetString
                0x08008b68       0xa4 ./Middlewares/USB_Device_Library/usbd_ctlreq.o
                0x08008b68                USBD_GetString
 .text.USBD_GetLen
                0x08008c0c       0x34 ./Middlewares/USB_Device_Library/usbd_ctlreq.o
 .text.USBD_CtlSendData
                0x08008c40       0x36 ./Middlewares/USB_Device_Library/usbd_ioreq.o
                0x08008c40                USBD_CtlSendData
 .text.USBD_CtlContinueSendData
                0x08008c76       0x22 ./Middlewares/USB_Device_Library/usbd_ioreq.o
                0x08008c76                USBD_CtlContinueSendData
 .text.USBD_CtlPrepareRx
                0x08008c98       0x3a ./Middlewares/USB_Device_Library/usbd_ioreq.o
                0x08008c98                USBD_CtlPrepareRx
 .text.USBD_CtlContinueRx
                0x08008cd2       0x22 ./Middlewares/USB_Device_Library/usbd_ioreq.o
                0x08008cd2                USBD_CtlContinueRx
 .text.USBD_CtlSendStatus
                0x08008cf4       0x26 ./Middlewares/USB_Device_Library/usbd_ioreq.o
                0x08008cf4                USBD_CtlSendStatus
 .text.USBD_CtlReceiveStatus
                0x08008d1a       0x26 ./Middlewares/USB_Device_Library/usbd_ioreq.o
                0x08008d1a                USBD_CtlReceiveStatus
 .text.MX_USB_DEVICE_Init
                0x08008d40       0x60 ./USB_DEVICE/App/usb_device.o
                0x08008d40                MX_USB_DEVICE_Init
 .text.CDC_Init_FS
                0x08008da0       0x28 ./USB_DEVICE/App/usbd_cdc_if.o
 .text.CDC_DeInit_FS
                0x08008dc8       0x10 ./USB_DEVICE/App/usbd_cdc_if.o
 .text.CDC_Control_FS
                0x08008dd8       0xbc ./USB_DEVICE/App/usbd_cdc_if.o
 .text.CDC_Receive_FS
                0x08008e94       0x28 ./USB_DEVICE/App/usbd_cdc_if.o
 .text.CDC_Transmit_FS
                0x08008ebc       0x4c ./USB_DEVICE/App/usbd_cdc_if.o
                0x08008ebc                CDC_Transmit_FS
 .text.CDC_TransmitCplt_FS
                0x08008f08       0x22 ./USB_DEVICE/App/usbd_cdc_if.o
 *fill*         0x08008f2a        0x2 
 .text.USBD_FS_DeviceDescriptor
                0x08008f2c       0x24 ./USB_DEVICE/App/usbd_desc.o
                0x08008f2c                USBD_FS_DeviceDescriptor
 .text.USBD_FS_LangIDStrDescriptor
                0x08008f50       0x24 ./USB_DEVICE/App/usbd_desc.o
                0x08008f50                USBD_FS_LangIDStrDescriptor
 .text.USBD_FS_ProductStrDescriptor
                0x08008f74       0x3c ./USB_DEVICE/App/usbd_desc.o
                0x08008f74                USBD_FS_ProductStrDescriptor
 .text.USBD_FS_ManufacturerStrDescriptor
                0x08008fb0       0x28 ./USB_DEVICE/App/usbd_desc.o
                0x08008fb0                USBD_FS_ManufacturerStrDescriptor
 .text.USBD_FS_SerialStrDescriptor
                0x08008fd8       0x24 ./USB_DEVICE/App/usbd_desc.o
                0x08008fd8                USBD_FS_SerialStrDescriptor
 .text.USBD_FS_ConfigStrDescriptor
                0x08008ffc       0x3c ./USB_DEVICE/App/usbd_desc.o
                0x08008ffc                USBD_FS_ConfigStrDescriptor
 .text.USBD_FS_InterfaceStrDescriptor
                0x08009038       0x3c ./USB_DEVICE/App/usbd_desc.o
                0x08009038                USBD_FS_InterfaceStrDescriptor
 .text.Get_SerialNum
                0x08009074       0x58 ./USB_DEVICE/App/usbd_desc.o
 .text.IntToUnicode
                0x080090cc       0x7e ./USB_DEVICE/App/usbd_desc.o
 *fill*         0x0800914a        0x2 
 .text.HAL_PCD_MspInit
                0x0800914c       0xa8 ./USB_DEVICE/Target/usbd_conf.o
                0x0800914c                HAL_PCD_MspInit
 .text.HAL_PCD_SetupStageCallback
                0x080091f4       0x24 ./USB_DEVICE/Target/usbd_conf.o
                0x080091f4                HAL_PCD_SetupStageCallback
 .text.HAL_PCD_DataOutStageCallback
                0x08009218       0x36 ./USB_DEVICE/Target/usbd_conf.o
                0x08009218                HAL_PCD_DataOutStageCallback
 .text.HAL_PCD_DataInStageCallback
                0x0800924e       0x34 ./USB_DEVICE/Target/usbd_conf.o
                0x0800924e                HAL_PCD_DataInStageCallback
 .text.HAL_PCD_SOFCallback
                0x08009282       0x1c ./USB_DEVICE/Target/usbd_conf.o
                0x08009282                HAL_PCD_SOFCallback
 .text.HAL_PCD_ResetCallback
                0x0800929e       0x3c ./USB_DEVICE/Target/usbd_conf.o
                0x0800929e                HAL_PCD_ResetCallback
 *fill*         0x080092da        0x2 
 .text.HAL_PCD_SuspendCallback
                0x080092dc       0x4c ./USB_DEVICE/Target/usbd_conf.o
                0x080092dc                HAL_PCD_SuspendCallback
 .text.HAL_PCD_ResumeCallback
                0x08009328       0x1c ./USB_DEVICE/Target/usbd_conf.o
                0x08009328                HAL_PCD_ResumeCallback
 .text.HAL_PCD_ISOOUTIncompleteCallback
                0x08009344       0x24 ./USB_DEVICE/Target/usbd_conf.o
                0x08009344                HAL_PCD_ISOOUTIncompleteCallback
 .text.HAL_PCD_ISOINIncompleteCallback
                0x08009368       0x24 ./USB_DEVICE/Target/usbd_conf.o
                0x08009368                HAL_PCD_ISOINIncompleteCallback
 .text.HAL_PCD_ConnectCallback
                0x0800938c       0x1c ./USB_DEVICE/Target/usbd_conf.o
                0x0800938c                HAL_PCD_ConnectCallback
 .text.HAL_PCD_DisconnectCallback
                0x080093a8       0x1c ./USB_DEVICE/Target/usbd_conf.o
                0x080093a8                HAL_PCD_DisconnectCallback
 .text.USBD_LL_Init
                0x080093c4       0x98 ./USB_DEVICE/Target/usbd_conf.o
                0x080093c4                USBD_LL_Init
 .text.USBD_LL_Start
                0x0800945c       0x36 ./USB_DEVICE/Target/usbd_conf.o
                0x0800945c                USBD_LL_Start
 .text.USBD_LL_OpenEP
                0x08009492       0x4c ./USB_DEVICE/Target/usbd_conf.o
                0x08009492                USBD_LL_OpenEP
 .text.USBD_LL_CloseEP
                0x080094de       0x3e ./USB_DEVICE/Target/usbd_conf.o
                0x080094de                USBD_LL_CloseEP
 .text.USBD_LL_StallEP
                0x0800951c       0x3e ./USB_DEVICE/Target/usbd_conf.o
                0x0800951c                USBD_LL_StallEP
 .text.USBD_LL_ClearStallEP
                0x0800955a       0x3e ./USB_DEVICE/Target/usbd_conf.o
                0x0800955a                USBD_LL_ClearStallEP
 .text.USBD_LL_IsStallEP
                0x08009598       0x58 ./USB_DEVICE/Target/usbd_conf.o
                0x08009598                USBD_LL_IsStallEP
 .text.USBD_LL_SetUSBAddress
                0x080095f0       0x3e ./USB_DEVICE/Target/usbd_conf.o
                0x080095f0                USBD_LL_SetUSBAddress
 .text.USBD_LL_Transmit
                0x0800962e       0x42 ./USB_DEVICE/Target/usbd_conf.o
                0x0800962e                USBD_LL_Transmit
 .text.USBD_LL_PrepareReceive
                0x08009670       0x42 ./USB_DEVICE/Target/usbd_conf.o
                0x08009670                USBD_LL_PrepareReceive
 .text.USBD_LL_GetRxDataSize
                0x080096b2       0x26 ./USB_DEVICE/Target/usbd_conf.o
                0x080096b2                USBD_LL_GetRxDataSize
 .text.USBD_static_malloc
                0x080096d8       0x1c ./USB_DEVICE/Target/usbd_conf.o
                0x080096d8                USBD_static_malloc
 .text.USBD_static_free
                0x080096f4       0x14 ./USB_DEVICE/Target/usbd_conf.o
                0x080096f4                USBD_static_free
 .text.USBD_Get_USB_Status
                0x08009708       0x58 ./USB_DEVICE/Target/usbd_conf.o
                0x08009708                USBD_Get_USB_Status
 .text.snprintf
                0x08009760       0x68 C:/ST/STM32CubeIDE_1.16.1/STM32CubeIDE/plugins/com.st.stm32cube.ide.mcu.externaltools.gnu-tools-for-stm32.12.3.rel1.win32_1.0.200.202406191623/tools/bin/../lib/gcc/arm-none-eabi/12.3.1/../../../../arm-none-eabi/lib/thumb/v7e-m+fp/hard\libc_nano.a(libc_a-snprintf.o)
                0x08009760                sniprintf
                0x08009760                snprintf
 .text.sprintf  0x080097c8       0x40 C:/ST/STM32CubeIDE_1.16.1/STM32CubeIDE/plugins/com.st.stm32cube.ide.mcu.externaltools.gnu-tools-for-stm32.12.3.rel1.win32_1.0.200.202406191623/tools/bin/../lib/gcc/arm-none-eabi/12.3.1/../../../../arm-none-eabi/lib/thumb/v7e-m+fp/hard\libc_nano.a(libc_a-sprintf.o)
                0x080097c8                siprintf
                0x080097c8                sprintf
 .text.memset   0x08009808       0x10 C:/ST/STM32CubeIDE_1.16.1/STM32CubeIDE/plugins/com.st.stm32cube.ide.mcu.externaltools.gnu-tools-for-stm32.12.3.rel1.win32_1.0.200.202406191623/tools/bin/../lib/gcc/arm-none-eabi/12.3.1/../../../../arm-none-eabi/lib/thumb/v7e-m+fp/hard\libc_nano.a(libc_a-memset.o)
                0x08009808                memset
 .text.__errno  0x08009818        0xc C:/ST/STM32CubeIDE_1.16.1/STM32CubeIDE/plugins/com.st.stm32cube.ide.mcu.externaltools.gnu-tools-for-stm32.12.3.rel1.win32_1.0.200.202406191623/tools/bin/../lib/gcc/arm-none-eabi/12.3.1/../../../../arm-none-eabi/lib/thumb/v7e-m+fp/hard\libc_nano.a(libc_a-errno.o)
                0x08009818                __errno
 .text.__libc_init_array
                0x08009824       0x48 C:/ST/STM32CubeIDE_1.16.1/STM32CubeIDE/plugins/com.st.stm32cube.ide.mcu.externaltools.gnu-tools-for-stm32.12.3.rel1.win32_1.0.200.202406191623/tools/bin/../lib/gcc/arm-none-eabi/12.3.1/../../../../arm-none-eabi/lib/thumb/v7e-m+fp/hard\libc_nano.a(libc_a-init.o)
                0x08009824                __libc_init_array
 .text.__retarget_lock_acquire_recursive
                0x0800986c        0x2 C:/ST/STM32CubeIDE_1.16.1/STM32CubeIDE/plugins/com.st.stm32cube.ide.mcu.externaltools.gnu-tools-for-stm32.12.3.rel1.win32_1.0.200.202406191623/tools/bin/../lib/gcc/arm-none-eabi/12.3.1/../../../../arm-none-eabi/lib/thumb/v7e-m+fp/hard\libc_nano.a(libc_a-lock.o)
                0x0800986c                __retarget_lock_acquire_recursive
 .text.__retarget_lock_release_recursive
                0x0800986e        0x2 C:/ST/STM32CubeIDE_1.16.1/STM32CubeIDE/plugins/com.st.stm32cube.ide.mcu.externaltools.gnu-tools-for-stm32.12.3.rel1.win32_1.0.200.202406191623/tools/bin/../lib/gcc/arm-none-eabi/12.3.1/../../../../arm-none-eabi/lib/thumb/v7e-m+fp/hard\libc_nano.a(libc_a-lock.o)
                0x0800986e                __retarget_lock_release_recursive
 .text.memcpy   0x08009870       0x1c C:/ST/STM32CubeIDE_1.16.1/STM32CubeIDE/plugins/com.st.stm32cube.ide.mcu.externaltools.gnu-tools-for-stm32.12.3.rel1.win32_1.0.200.202406191623/tools/bin/../lib/gcc/arm-none-eabi/12.3.1/../../../../arm-none-eabi/lib/thumb/v7e-m+fp/hard\libc_nano.a(libc_a-memcpy-stub.o)
                0x08009870                memcpy
 .text._free_r  0x0800988c       0x94 C:/ST/STM32CubeIDE_1.16.1/STM32CubeIDE/plugins/com.st.stm32cube.ide.mcu.externaltools.gnu-tools-for-stm32.12.3.rel1.win32_1.0.200.202406191623/tools/bin/../lib/gcc/arm-none-eabi/12.3.1/../../../../arm-none-eabi/lib/thumb/v7e-m+fp/hard\libc_nano.a(libc_a-freer.o)
                0x0800988c                _free_r
 .text.sbrk_aligned
                0x08009920       0x44 C:/ST/STM32CubeIDE_1.16.1/STM32CubeIDE/plugins/com.st.stm32cube.ide.mcu.externaltools.gnu-tools-for-stm32.12.3.rel1.win32_1.0.200.202406191623/tools/bin/../lib/gcc/arm-none-eabi/12.3.1/../../../../arm-none-eabi/lib/thumb/v7e-m+fp/hard\libc_nano.a(libc_a-mallocr.o)
 .text._malloc_r
                0x08009964      0x100 C:/ST/STM32CubeIDE_1.16.1/STM32CubeIDE/plugins/com.st.stm32cube.ide.mcu.externaltools.gnu-tools-for-stm32.12.3.rel1.win32_1.0.200.202406191623/tools/bin/../lib/gcc/arm-none-eabi/12.3.1/../../../../arm-none-eabi/lib/thumb/v7e-m+fp/hard\libc_nano.a(libc_a-mallocr.o)
                0x08009964                _malloc_r
 .text.__malloc_lock
                0x08009a64        0xc C:/ST/STM32CubeIDE_1.16.1/STM32CubeIDE/plugins/com.st.stm32cube.ide.mcu.externaltools.gnu-tools-for-stm32.12.3.rel1.win32_1.0.200.202406191623/tools/bin/../lib/gcc/arm-none-eabi/12.3.1/../../../../arm-none-eabi/lib/thumb/v7e-m+fp/hard\libc_nano.a(libc_a-mlock.o)
                0x08009a64                __malloc_lock
 .text.__malloc_unlock
                0x08009a70        0xc C:/ST/STM32CubeIDE_1.16.1/STM32CubeIDE/plugins/com.st.stm32cube.ide.mcu.externaltools.gnu-tools-for-stm32.12.3.rel1.win32_1.0.200.202406191623/tools/bin/../lib/gcc/arm-none-eabi/12.3.1/../../../../arm-none-eabi/lib/thumb/v7e-m+fp/hard\libc_nano.a(libc_a-mlock.o)
                0x08009a70                __malloc_unlock
 .text.__ssputs_r
                0x08009a7c       0xb6 C:/ST/STM32CubeIDE_1.16.1/STM32CubeIDE/plugins/com.st.stm32cube.ide.mcu.externaltools.gnu-tools-for-stm32.12.3.rel1.win32_1.0.200.202406191623/tools/bin/../lib/gcc/arm-none-eabi/12.3.1/../../../../arm-none-eabi/lib/thumb/v7e-m+fp/hard\libc_nano.a(libc_a-nano-svfprintf.o)
                0x08009a7c                __ssputs_r
 *fill*         0x08009b32        0x2 
 .text._svfprintf_r
                0x08009b34      0x1f8 C:/ST/STM32CubeIDE_1.16.1/STM32CubeIDE/plugins/com.st.stm32cube.ide.mcu.externaltools.gnu-tools-for-stm32.12.3.rel1.win32_1.0.200.202406191623/tools/bin/../lib/gcc/arm-none-eabi/12.3.1/../../../../arm-none-eabi/lib/thumb/v7e-m+fp/hard\libc_nano.a(libc_a-nano-svfprintf.o)
                0x08009b34                _svfiprintf_r
                0x08009b34                _svfprintf_r
 .text._printf_common
                0x08009d2c       0xda C:/ST/STM32CubeIDE_1.16.1/STM32CubeIDE/plugins/com.st.stm32cube.ide.mcu.externaltools.gnu-tools-for-stm32.12.3.rel1.win32_1.0.200.202406191623/tools/bin/../lib/gcc/arm-none-eabi/12.3.1/../../../../arm-none-eabi/lib/thumb/v7e-m+fp/hard\libc_nano.a(libc_a-nano-vfprintf_i.o)
                0x08009d2c                _printf_common
 *fill*         0x08009e06        0x2 
 .text._printf_i
                0x08009e08      0x240 C:/ST/STM32CubeIDE_1.16.1/STM32CubeIDE/plugins/com.st.stm32cube.ide.mcu.externaltools.gnu-tools-for-stm32.12.3.rel1.win32_1.0.200.202406191623/tools/bin/../lib/gcc/arm-none-eabi/12.3.1/../../../../arm-none-eabi/lib/thumb/v7e-m+fp/hard\libc_nano.a(libc_a-nano-vfprintf_i.o)
                0x08009e08                _printf_i
 .text.memmove  0x0800a048       0x34 C:/ST/STM32CubeIDE_1.16.1/STM32CubeIDE/plugins/com.st.stm32cube.ide.mcu.externaltools.gnu-tools-for-stm32.12.3.rel1.win32_1.0.200.202406191623/tools/bin/../lib/gcc/arm-none-eabi/12.3.1/../../../../arm-none-eabi/lib/thumb/v7e-m+fp/hard\libc_nano.a(libc_a-memmove.o)
                0x0800a048                memmove
 .text._sbrk_r  0x0800a07c       0x20 C:/ST/STM32CubeIDE_1.16.1/STM32CubeIDE/plugins/com.st.stm32cube.ide.mcu.externaltools.gnu-tools-for-stm32.12.3.rel1.win32_1.0.200.202406191623/tools/bin/../lib/gcc/arm-none-eabi/12.3.1/../../../../arm-none-eabi/lib/thumb/v7e-m+fp/hard\libc_nano.a(libc_a-sbrkr.o)
                0x0800a07c                _sbrk_r
 .text._realloc_r
                0x0800a09c       0x5c C:/ST/STM32CubeIDE_1.16.1/STM32CubeIDE/plugins/com.st.stm32cube.ide.mcu.externaltools.gnu-tools-for-stm32.12.3.rel1.win32_1.0.200.202406191623/tools/bin/../lib/gcc/arm-none-eabi/12.3.1/../../../../arm-none-eabi/lib/thumb/v7e-m+fp/hard\libc_nano.a(libc_a-reallocr.o)
                0x0800a09c                _realloc_r
 .text._malloc_usable_size_r
                0x0800a0f8       0x10 C:/ST/STM32CubeIDE_1.16.1/STM32CubeIDE/plugins/com.st.stm32cube.ide.mcu.externaltools.gnu-tools-for-stm32.12.3.rel1.win32_1.0.200.202406191623/tools/bin/../lib/gcc/arm-none-eabi/12.3.1/../../../../arm-none-eabi/lib/thumb/v7e-m+fp/hard\libc_nano.a(libc_a-msizer.o)
                0x0800a0f8                _malloc_usable_size_r
 *(.glue_7)
 .glue_7        0x0800a108        0x0 linker stubs
 *(.glue_7t)
 .glue_7t       0x0800a108        0x0 linker stubs
 *(.eh_frame)
 .eh_frame      0x0800a108        0x0 C:/ST/STM32CubeIDE_1.16.1/STM32CubeIDE/plugins/com.st.stm32cube.ide.mcu.externaltools.gnu-tools-for-stm32.12.3.rel1.win32_1.0.200.202406191623/tools/bin/../lib/gcc/arm-none-eabi/12.3.1/thumb/v7e-m+fp/hard/crtbegin.o
 *(.init)
 .init          0x0800a108        0x4 C:/ST/STM32CubeIDE_1.16.1/STM32CubeIDE/plugins/com.st.stm32cube.ide.mcu.externaltools.gnu-tools-for-stm32.12.3.rel1.win32_1.0.200.202406191623/tools/bin/../lib/gcc/arm-none-eabi/12.3.1/thumb/v7e-m+fp/hard/crti.o
                0x0800a108                _init
 .init          0x0800a10c        0x8 C:/ST/STM32CubeIDE_1.16.1/STM32CubeIDE/plugins/com.st.stm32cube.ide.mcu.externaltools.gnu-tools-for-stm32.12.3.rel1.win32_1.0.200.202406191623/tools/bin/../lib/gcc/arm-none-eabi/12.3.1/thumb/v7e-m+fp/hard/crtn.o
 *(.fini)
 .fini          0x0800a114        0x4 C:/ST/STM32CubeIDE_1.16.1/STM32CubeIDE/plugins/com.st.stm32cube.ide.mcu.externaltools.gnu-tools-for-stm32.12.3.rel1.win32_1.0.200.202406191623/tools/bin/../lib/gcc/arm-none-eabi/12.3.1/thumb/v7e-m+fp/hard/crti.o
                0x0800a114                _fini
 .fini          0x0800a118        0x8 C:/ST/STM32CubeIDE_1.16.1/STM32CubeIDE/plugins/com.st.stm32cube.ide.mcu.externaltools.gnu-tools-for-stm32.12.3.rel1.win32_1.0.200.202406191623/tools/bin/../lib/gcc/arm-none-eabi/12.3.1/thumb/v7e-m+fp/hard/crtn.o
                0x0800a120                        . = ALIGN (0x4)
                0x0800a120                        _etext = .

.vfp11_veneer   0x0800a120        0x0
 .vfp11_veneer  0x0800a120        0x0 linker stubs

.v4_bx          0x0800a120        0x0
 .v4_bx         0x0800a120        0x0 linker stubs

.iplt           0x0800a120        0x0
 .iplt          0x0800a120        0x0 C:/ST/STM32CubeIDE_1.16.1/STM32CubeIDE/plugins/com.st.stm32cube.ide.mcu.externaltools.gnu-tools-for-stm32.12.3.rel1.win32_1.0.200.202406191623/tools/bin/../lib/gcc/arm-none-eabi/12.3.1/thumb/v7e-m+fp/hard/crtbegin.o

.rodata         0x0800a120      0x1f0
                0x0800a120                        . = ALIGN (0x4)
 *(.rodata)
 .rodata        0x0800a120       0x50 ./Core/Src/SX1278.o
 .rodata        0x0800a170       0x85 ./Core/Src/ack_handler.o
 *fill*         0x0800a1f5        0x3 
 .rodata        0x0800a1f8       0x33 ./Core/Src/lora_config.o
 *fill*         0x0800a22b        0x1 
 .rodata        0x0800a22c       0x4d ./Core/Src/main.o
 *fill*         0x0800a279        0x3 
 .rodata        0x0800a27c       0x46 ./USB_DEVICE/App/usbd_desc.o
 *(.rodata*)
 *fill*         0x0800a2c2        0x2 
 .rodata.AHBPrescTable
                0x0800a2c4       0x10 ./Core/Src/system_stm32f4xx.o
                0x0800a2c4                AHBPrescTable
 .rodata.APBPrescTable
                0x0800a2d4        0x8 ./Core/Src/system_stm32f4xx.o
                0x0800a2d4                APBPrescTable
 .rodata._svfprintf_r.str1.1
                0x0800a2dc       0x11 C:/ST/STM32CubeIDE_1.16.1/STM32CubeIDE/plugins/com.st.stm32cube.ide.mcu.externaltools.gnu-tools-for-stm32.12.3.rel1.win32_1.0.200.202406191623/tools/bin/../lib/gcc/arm-none-eabi/12.3.1/../../../../arm-none-eabi/lib/thumb/v7e-m+fp/hard\libc_nano.a(libc_a-nano-svfprintf.o)
 .rodata._printf_i.str1.1
                0x0800a2ed       0x22 C:/ST/STM32CubeIDE_1.16.1/STM32CubeIDE/plugins/com.st.stm32cube.ide.mcu.externaltools.gnu-tools-for-stm32.12.3.rel1.win32_1.0.200.202406191623/tools/bin/../lib/gcc/arm-none-eabi/12.3.1/../../../../arm-none-eabi/lib/thumb/v7e-m+fp/hard\libc_nano.a(libc_a-nano-vfprintf_i.o)
                0x0800a310                        . = ALIGN (0x4)
 *fill*         0x0800a30f        0x1 

.ARM.extab      0x0800a310        0x0
                0x0800a310                        . = ALIGN (0x4)
 *(.ARM.extab* .gnu.linkonce.armextab.*)
                0x0800a310                        . = ALIGN (0x4)

.ARM            0x0800a310        0x8
                0x0800a310                        . = ALIGN (0x4)
                0x0800a310                        __exidx_start = .
 *(.ARM.exidx*)
 .ARM.exidx     0x0800a310        0x8 C:/ST/STM32CubeIDE_1.16.1/STM32CubeIDE/plugins/com.st.stm32cube.ide.mcu.externaltools.gnu-tools-for-stm32.12.3.rel1.win32_1.0.200.202406191623/tools/bin/../lib/gcc/arm-none-eabi/12.3.1/../../../../arm-none-eabi/lib/thumb/v7e-m+fp/hard\libc_nano.a(libc_a-strlen.o)
 .ARM.exidx     0x0800a318        0x0 C:/ST/STM32CubeIDE_1.16.1/STM32CubeIDE/plugins/com.st.stm32cube.ide.mcu.externaltools.gnu-tools-for-stm32.12.3.rel1.win32_1.0.200.202406191623/tools/bin/../lib/gcc/arm-none-eabi/12.3.1/../../../../arm-none-eabi/lib/thumb/v7e-m+fp/hard\libc_nano.a(libc_a-memchr.o)
                                  0x8 (size before relaxing)
 .ARM.exidx     0x0800a318        0x0 C:/ST/STM32CubeIDE_1.16.1/STM32CubeIDE/plugins/com.st.stm32cube.ide.mcu.externaltools.gnu-tools-for-stm32.12.3.rel1.win32_1.0.200.202406191623/tools/bin/../lib/gcc/arm-none-eabi/12.3.1/thumb/v7e-m+fp/hard\libgcc.a(_udivmoddi4.o)
                                  0x8 (size before relaxing)
                0x0800a318                        __exidx_end = .
                0x0800a318                        . = ALIGN (0x4)

.preinit_array  0x0800a318        0x0
                0x0800a318                        . = ALIGN (0x4)
                0x0800a318                        PROVIDE (__preinit_array_start = .)
 *(.preinit_array*)
                0x0800a318                        PROVIDE (__preinit_array_end = .)
                0x0800a318                        . = ALIGN (0x4)

.init_array     0x0800a318        0x4
                0x0800a318                        . = ALIGN (0x4)
                0x0800a318                        PROVIDE (__init_array_start = .)
 *(SORT_BY_NAME(.init_array.*))
 *(.init_array*)
 .init_array    0x0800a318        0x4 C:/ST/STM32CubeIDE_1.16.1/STM32CubeIDE/plugins/com.st.stm32cube.ide.mcu.externaltools.gnu-tools-for-stm32.12.3.rel1.win32_1.0.200.202406191623/tools/bin/../lib/gcc/arm-none-eabi/12.3.1/thumb/v7e-m+fp/hard/crtbegin.o
                0x0800a31c                        PROVIDE (__init_array_end = .)
                0x0800a31c                        . = ALIGN (0x4)

.fini_array     0x0800a31c        0x4
                0x0800a31c                        . = ALIGN (0x4)
                [!provide]                        PROVIDE (__fini_array_start = .)
 *(SORT_BY_NAME(.fini_array.*))
 *(.fini_array*)
 .fini_array    0x0800a31c        0x4 C:/ST/STM32CubeIDE_1.16.1/STM32CubeIDE/plugins/com.st.stm32cube.ide.mcu.externaltools.gnu-tools-for-stm32.12.3.rel1.win32_1.0.200.202406191623/tools/bin/../lib/gcc/arm-none-eabi/12.3.1/thumb/v7e-m+fp/hard/crtbegin.o
                [!provide]                        PROVIDE (__fini_array_end = .)
                0x0800a320                        . = ALIGN (0x4)
                0x0800a320                        _sidata = LOADADDR (.data)

.rel.dyn        0x0800a320        0x0
 .rel.iplt      0x0800a320        0x0 C:/ST/STM32CubeIDE_1.16.1/STM32CubeIDE/plugins/com.st.stm32cube.ide.mcu.externaltools.gnu-tools-for-stm32.12.3.rel1.win32_1.0.200.202406191623/tools/bin/../lib/gcc/arm-none-eabi/12.3.1/thumb/v7e-m+fp/hard/crtbegin.o

.data           0x20000000      0x14c load address 0x0800a320
                0x20000000                        . = ALIGN (0x4)
                0x20000000                        _sdata = .
 *(.data)
 *(.data*)
 .data.SystemCoreClock
                0x20000000        0x4 ./Core/Src/system_stm32f4xx.o
                0x20000000                SystemCoreClock
 .data.uwTickPrio
                0x20000004        0x4 ./Drivers/STM32F4xx_HAL_Driver/stm32f4xx_hal.o
                0x20000004                uwTickPrio
 .data.uwTickFreq
                0x20000008        0x1 ./Drivers/STM32F4xx_HAL_Driver/stm32f4xx_hal.o
                0x20000008                uwTickFreq
 *fill*         0x20000009        0x3 
 .data.USBD_CDC_DeviceQualifierDesc
                0x2000000c        0xa ./Middlewares/USB_Device_Library/usbd_cdc.o
 *fill*         0x20000016        0x2 
 .data.USBD_CDC
                0x20000018       0x38 ./Middlewares/USB_Device_Library/usbd_cdc.o
                0x20000018                USBD_CDC
 .data.USBD_CDC_CfgDesc
                0x20000050       0x43 ./Middlewares/USB_Device_Library/usbd_cdc.o
 .data.CDCInEpAdd
                0x20000093        0x1 ./Middlewares/USB_Device_Library/usbd_cdc.o
 .data.CDCOutEpAdd
                0x20000094        0x1 ./Middlewares/USB_Device_Library/usbd_cdc.o
 .data.CDCCmdEpAdd
                0x20000095        0x1 ./Middlewares/USB_Device_Library/usbd_cdc.o
 *fill*         0x20000096        0x2 
 .data.USBD_Interface_fops_FS
                0x20000098       0x14 ./USB_DEVICE/App/usbd_cdc_if.o
                0x20000098                USBD_Interface_fops_FS
 .data.FS_Desc  0x200000ac       0x1c ./USB_DEVICE/App/usbd_desc.o
                0x200000ac                FS_Desc
 .data.USBD_FS_DeviceDesc
                0x200000c8       0x12 ./USB_DEVICE/App/usbd_desc.o
                0x200000c8                USBD_FS_DeviceDesc
 *fill*         0x200000da        0x2 
 .data.USBD_LangIDDesc
                0x200000dc        0x4 ./USB_DEVICE/App/usbd_desc.o
                0x200000dc                USBD_LangIDDesc
 .data.USBD_StringSerial
                0x200000e0       0x1a ./USB_DEVICE/App/usbd_desc.o
                0x200000e0                USBD_StringSerial
 *fill*         0x200000fa        0x2 
 .data._impure_ptr
                0x200000fc        0x4 C:/ST/STM32CubeIDE_1.16.1/STM32CubeIDE/plugins/com.st.stm32cube.ide.mcu.externaltools.gnu-tools-for-stm32.12.3.rel1.win32_1.0.200.202406191623/tools/bin/../lib/gcc/arm-none-eabi/12.3.1/../../../../arm-none-eabi/lib/thumb/v7e-m+fp/hard\libc_nano.a(libc_a-impure.o)
                0x200000fc                _impure_ptr
 .data._impure_data
                0x20000100       0x4c C:/ST/STM32CubeIDE_1.16.1/STM32CubeIDE/plugins/com.st.stm32cube.ide.mcu.externaltools.gnu-tools-for-stm32.12.3.rel1.win32_1.0.200.202406191623/tools/bin/../lib/gcc/arm-none-eabi/12.3.1/../../../../arm-none-eabi/lib/thumb/v7e-m+fp/hard\libc_nano.a(libc_a-impure.o)
                0x20000100                _impure_data
 *(.RamFunc)
 *(.RamFunc*)
                0x2000014c                        . = ALIGN (0x4)
                0x2000014c                        _edata = .

.igot.plt       0x2000014c        0x0 load address 0x0800a46c
 .igot.plt      0x2000014c        0x0 C:/ST/STM32CubeIDE_1.16.1/STM32CubeIDE/plugins/com.st.stm32cube.ide.mcu.externaltools.gnu-tools-for-stm32.12.3.rel1.win32_1.0.200.202406191623/tools/bin/../lib/gcc/arm-none-eabi/12.3.1/thumb/v7e-m+fp/hard/crtbegin.o
                0x2000014c                        . = ALIGN (0x4)

.bss            0x2000014c     0x1728 load address 0x0800a46c
                0x2000014c                        _sbss = .
                0x2000014c                        __bss_start__ = _sbss
 *(.bss)
 .bss           0x2000014c       0x1c C:/ST/STM32CubeIDE_1.16.1/STM32CubeIDE/plugins/com.st.stm32cube.ide.mcu.externaltools.gnu-tools-for-stm32.12.3.rel1.win32_1.0.200.202406191623/tools/bin/../lib/gcc/arm-none-eabi/12.3.1/thumb/v7e-m+fp/hard/crtbegin.o
 *(.bss*)
 .bss.hcrc      0x20000168        0x8 ./Core/Src/main.o
                0x20000168                hcrc
 .bss.hspi1     0x20000170       0x58 ./Core/Src/main.o
                0x20000170                hspi1
 .bss.husart2   0x200001c8       0x44 ./Core/Src/main.o
                0x200001c8                husart2
 .bss.myLoRa    0x2000020c       0x2c ./Core/Src/main.o
                0x2000020c                myLoRa
 .bss.lastTxTime
                0x20000238        0x4 ./Core/Src/main.o
                0x20000238                lastTxTime
 .bss.messageSent
                0x2000023c        0x1 ./Core/Src/main.o
                0x2000023c                messageSent
 *fill*         0x2000023d        0x3 
 .bss.buffer    0x20000240      0x100 ./Core/Src/main.o
                0x20000240                buffer
 .bss.__sbrk_heap_end
                0x20000340        0x4 ./Core/Src/sysmem.o
 .bss.uwTick    0x20000344        0x4 ./Drivers/STM32F4xx_HAL_Driver/stm32f4xx_hal.o
                0x20000344                uwTick
 .bss.cfgidx.0  0x20000348        0x1 ./Middlewares/USB_Device_Library/usbd_ctlreq.o
 *fill*         0x20000349        0x3 
 .bss.hUsbDeviceFS
                0x2000034c      0x2dc ./USB_DEVICE/App/usb_device.o
                0x2000034c                hUsbDeviceFS
 .bss.UserRxBufferFS
                0x20000628      0x400 ./USB_DEVICE/App/usbd_cdc_if.o
                0x20000628                UserRxBufferFS
 .bss.UserTxBufferFS
                0x20000a28      0x400 ./USB_DEVICE/App/usbd_cdc_if.o
                0x20000a28                UserTxBufferFS
 .bss.USBD_StrDesc
                0x20000e28      0x200 ./USB_DEVICE/App/usbd_desc.o
                0x20000e28                USBD_StrDesc
 .bss.hpcd_USB_OTG_FS
                0x20001028      0x4e4 ./USB_DEVICE/Target/usbd_conf.o
                0x20001028                hpcd_USB_OTG_FS
 .bss.mem.0     0x2000150c      0x220 ./USB_DEVICE/Target/usbd_conf.o
 .bss.__sf      0x2000172c      0x138 C:/ST/STM32CubeIDE_1.16.1/STM32CubeIDE/plugins/com.st.stm32cube.ide.mcu.externaltools.gnu-tools-for-stm32.12.3.rel1.win32_1.0.200.202406191623/tools/bin/../lib/gcc/arm-none-eabi/12.3.1/../../../../arm-none-eabi/lib/thumb/v7e-m+fp/hard\libc_nano.a(libc_a-findfp.o)
                0x2000172c                __sf
 .bss.errno     0x20001864        0x4 C:/ST/STM32CubeIDE_1.16.1/STM32CubeIDE/plugins/com.st.stm32cube.ide.mcu.externaltools.gnu-tools-for-stm32.12.3.rel1.win32_1.0.200.202406191623/tools/bin/../lib/gcc/arm-none-eabi/12.3.1/../../../../arm-none-eabi/lib/thumb/v7e-m+fp/hard\libc_nano.a(libc_a-reent.o)
                0x20001864                errno
 .bss.__lock___malloc_recursive_mutex
                0x20001868        0x1 C:/ST/STM32CubeIDE_1.16.1/STM32CubeIDE/plugins/com.st.stm32cube.ide.mcu.externaltools.gnu-tools-for-stm32.12.3.rel1.win32_1.0.200.202406191623/tools/bin/../lib/gcc/arm-none-eabi/12.3.1/../../../../arm-none-eabi/lib/thumb/v7e-m+fp/hard\libc_nano.a(libc_a-lock.o)
                0x20001868                __lock___malloc_recursive_mutex
 *fill*         0x20001869        0x3 
 .bss.__malloc_sbrk_start
                0x2000186c        0x4 C:/ST/STM32CubeIDE_1.16.1/STM32CubeIDE/plugins/com.st.stm32cube.ide.mcu.externaltools.gnu-tools-for-stm32.12.3.rel1.win32_1.0.200.202406191623/tools/bin/../lib/gcc/arm-none-eabi/12.3.1/../../../../arm-none-eabi/lib/thumb/v7e-m+fp/hard\libc_nano.a(libc_a-mallocr.o)
                0x2000186c                __malloc_sbrk_start
 .bss.__malloc_free_list
                0x20001870        0x4 C:/ST/STM32CubeIDE_1.16.1/STM32CubeIDE/plugins/com.st.stm32cube.ide.mcu.externaltools.gnu-tools-for-stm32.12.3.rel1.win32_1.0.200.202406191623/tools/bin/../lib/gcc/arm-none-eabi/12.3.1/../../../../arm-none-eabi/lib/thumb/v7e-m+fp/hard\libc_nano.a(libc_a-mallocr.o)
                0x20001870                __malloc_free_list
 *(COMMON)
                0x20001874                        . = ALIGN (0x4)
                0x20001874                        _ebss = .
                0x20001874                        __bss_end__ = _ebss

._user_heap_stack
                0x20001874      0x604 load address 0x0800a46c
                0x20001878                        . = ALIGN (0x8)
 *fill*         0x20001874        0x4 
                [!provide]                        PROVIDE (end = .)
                0x20001878                        PROVIDE (_end = .)
                0x20001a78                        . = (. + _Min_Heap_Size)
 *fill*         0x20001878      0x200 
                0x20001e78                        . = (. + _Min_Stack_Size)
 *fill*         0x20001a78      0x400 
                0x20001e78                        . = ALIGN (0x8)

/DISCARD/
 libc.a(*)
 libm.a(*)
 libgcc.a(*)

.ARM.attributes
                0x00000000       0x30
 *(.ARM.attributes)
 .ARM.attributes
                0x00000000       0x22 C:/ST/STM32CubeIDE_1.16.1/STM32CubeIDE/plugins/com.st.stm32cube.ide.mcu.externaltools.gnu-tools-for-stm32.12.3.rel1.win32_1.0.200.202406191623/tools/bin/../lib/gcc/arm-none-eabi/12.3.1/thumb/v7e-m+fp/hard/crti.o
 .ARM.attributes
                0x00000022       0x34 C:/ST/STM32CubeIDE_1.16.1/STM32CubeIDE/plugins/com.st.stm32cube.ide.mcu.externaltools.gnu-tools-for-stm32.12.3.rel1.win32_1.0.200.202406191623/tools/bin/../lib/gcc/arm-none-eabi/12.3.1/thumb/v7e-m+fp/hard/crtbegin.o
 .ARM.attributes
                0x00000056       0x34 ./Core/Src/SX1278.o
 .ARM.attributes
                0x0000008a       0x34 ./Core/Src/ack_handler.o
 .ARM.attributes
                0x000000be       0x34 ./Core/Src/crc_calculator.o
 .ARM.attributes
                0x000000f2       0x34 ./Core/Src/lora_config.o
 .ARM.attributes
                0x00000126       0x34 ./Core/Src/main.o
 .ARM.attributes
                0x0000015a       0x34 ./Core/Src/stm32f4xx_hal_msp.o
 .ARM.attributes
                0x0000018e       0x34 ./Core/Src/stm32f4xx_it.o
 .ARM.attributes
                0x000001c2       0x34 ./Core/Src/sysmem.o
 .ARM.attributes
                0x000001f6       0x34 ./Core/Src/system_stm32f4xx.o
 .ARM.attributes
                0x0000022a       0x21 ./Core/Startup/startup_stm32f401rctx.o
 .ARM.attributes
                0x0000024b       0x34 ./Drivers/STM32F4xx_HAL_Driver/stm32f4xx_hal.o
 .ARM.attributes
                0x0000027f       0x34 ./Drivers/STM32F4xx_HAL_Driver/stm32f4xx_hal_cortex.o
 .ARM.attributes
                0x000002b3       0x34 ./Drivers/STM32F4xx_HAL_Driver/stm32f4xx_hal_crc.o
 .ARM.attributes
                0x000002e7       0x34 ./Drivers/STM32F4xx_HAL_Driver/stm32f4xx_hal_gpio.o
 .ARM.attributes
                0x0000031b       0x34 ./Drivers/STM32F4xx_HAL_Driver/stm32f4xx_hal_pcd.o
 .ARM.attributes
                0x0000034f       0x34 ./Drivers/STM32F4xx_HAL_Driver/stm32f4xx_hal_pcd_ex.o
 .ARM.attributes
                0x00000383       0x34 ./Drivers/STM32F4xx_HAL_Driver/stm32f4xx_hal_rcc.o
 .ARM.attributes
                0x000003b7       0x34 ./Drivers/STM32F4xx_HAL_Driver/stm32f4xx_hal_spi.o
 .ARM.attributes
                0x000003eb       0x34 ./Drivers/STM32F4xx_HAL_Driver/stm32f4xx_hal_usart.o
 .ARM.attributes
                0x0000041f       0x34 ./Drivers/STM32F4xx_HAL_Driver/stm32f4xx_ll_usb.o
 .ARM.attributes
                0x00000453       0x34 ./Middlewares/USB_Device_Library/usbd_cdc.o
 .ARM.attributes
                0x00000487       0x34 ./Middlewares/USB_Device_Library/usbd_core.o
 .ARM.attributes
                0x000004bb       0x34 ./Middlewares/USB_Device_Library/usbd_ctlreq.o
 .ARM.attributes
                0x000004ef       0x34 ./Middlewares/USB_Device_Library/usbd_ioreq.o
 .ARM.attributes
                0x00000523       0x34 ./USB_DEVICE/App/usb_device.o
 .ARM.attributes
                0x00000557       0x34 ./USB_DEVICE/App/usbd_cdc_if.o
 .ARM.attributes
                0x0000058b       0x34 ./USB_DEVICE/App/usbd_desc.o
 .ARM.attributes
                0x000005bf       0x34 ./USB_DEVICE/Target/usbd_conf.o
 .ARM.attributes
                0x000005f3       0x34 C:/ST/STM32CubeIDE_1.16.1/STM32CubeIDE/plugins/com.st.stm32cube.ide.mcu.externaltools.gnu-tools-for-stm32.12.3.rel1.win32_1.0.200.202406191623/tools/bin/../lib/gcc/arm-none-eabi/12.3.1/../../../../arm-none-eabi/lib/thumb/v7e-m+fp/hard\libc_nano.a(libc_a-findfp.o)
 .ARM.attributes
                0x00000627       0x34 C:/ST/STM32CubeIDE_1.16.1/STM32CubeIDE/plugins/com.st.stm32cube.ide.mcu.externaltools.gnu-tools-for-stm32.12.3.rel1.win32_1.0.200.202406191623/tools/bin/../lib/gcc/arm-none-eabi/12.3.1/../../../../arm-none-eabi/lib/thumb/v7e-m+fp/hard\libc_nano.a(libc_a-snprintf.o)
 .ARM.attributes
                0x0000065b       0x34 C:/ST/STM32CubeIDE_1.16.1/STM32CubeIDE/plugins/com.st.stm32cube.ide.mcu.externaltools.gnu-tools-for-stm32.12.3.rel1.win32_1.0.200.202406191623/tools/bin/../lib/gcc/arm-none-eabi/12.3.1/../../../../arm-none-eabi/lib/thumb/v7e-m+fp/hard\libc_nano.a(libc_a-sprintf.o)
 .ARM.attributes
                0x0000068f       0x34 C:/ST/STM32CubeIDE_1.16.1/STM32CubeIDE/plugins/com.st.stm32cube.ide.mcu.externaltools.gnu-tools-for-stm32.12.3.rel1.win32_1.0.200.202406191623/tools/bin/../lib/gcc/arm-none-eabi/12.3.1/../../../../arm-none-eabi/lib/thumb/v7e-m+fp/hard\libc_nano.a(libc_a-memset.o)
 .ARM.attributes
                0x000006c3       0x34 C:/ST/STM32CubeIDE_1.16.1/STM32CubeIDE/plugins/com.st.stm32cube.ide.mcu.externaltools.gnu-tools-for-stm32.12.3.rel1.win32_1.0.200.202406191623/tools/bin/../lib/gcc/arm-none-eabi/12.3.1/../../../../arm-none-eabi/lib/thumb/v7e-m+fp/hard\libc_nano.a(libc_a-reent.o)
 .ARM.attributes
                0x000006f7       0x34 C:/ST/STM32CubeIDE_1.16.1/STM32CubeIDE/plugins/com.st.stm32cube.ide.mcu.externaltools.gnu-tools-for-stm32.12.3.rel1.win32_1.0.200.202406191623/tools/bin/../lib/gcc/arm-none-eabi/12.3.1/../../../../arm-none-eabi/lib/thumb/v7e-m+fp/hard\libc_nano.a(libc_a-impure.o)
 .ARM.attributes
                0x0000072b       0x34 C:/ST/STM32CubeIDE_1.16.1/STM32CubeIDE/plugins/com.st.stm32cube.ide.mcu.externaltools.gnu-tools-for-stm32.12.3.rel1.win32_1.0.200.202406191623/tools/bin/../lib/gcc/arm-none-eabi/12.3.1/../../../../arm-none-eabi/lib/thumb/v7e-m+fp/hard\libc_nano.a(libc_a-errno.o)
 .ARM.attributes
                0x0000075f       0x34 C:/ST/STM32CubeIDE_1.16.1/STM32CubeIDE/plugins/com.st.stm32cube.ide.mcu.externaltools.gnu-tools-for-stm32.12.3.rel1.win32_1.0.200.202406191623/tools/bin/../lib/gcc/arm-none-eabi/12.3.1/../../../../arm-none-eabi/lib/thumb/v7e-m+fp/hard\libc_nano.a(libc_a-init.o)
 .ARM.attributes
                0x00000793       0x34 C:/ST/STM32CubeIDE_1.16.1/STM32CubeIDE/plugins/com.st.stm32cube.ide.mcu.externaltools.gnu-tools-for-stm32.12.3.rel1.win32_1.0.200.202406191623/tools/bin/../lib/gcc/arm-none-eabi/12.3.1/../../../../arm-none-eabi/lib/thumb/v7e-m+fp/hard\libc_nano.a(libc_a-lock.o)
 .ARM.attributes
                0x000007c7       0x34 C:/ST/STM32CubeIDE_1.16.1/STM32CubeIDE/plugins/com.st.stm32cube.ide.mcu.externaltools.gnu-tools-for-stm32.12.3.rel1.win32_1.0.200.202406191623/tools/bin/../lib/gcc/arm-none-eabi/12.3.1/../../../../arm-none-eabi/lib/thumb/v7e-m+fp/hard\libc_nano.a(libc_a-memcpy-stub.o)
 .ARM.attributes
                0x000007fb       0x17 C:/ST/STM32CubeIDE_1.16.1/STM32CubeIDE/plugins/com.st.stm32cube.ide.mcu.externaltools.gnu-tools-for-stm32.12.3.rel1.win32_1.0.200.202406191623/tools/bin/../lib/gcc/arm-none-eabi/12.3.1/../../../../arm-none-eabi/lib/thumb/v7e-m+fp/hard\libc_nano.a(libc_a-strlen.o)
 .ARM.attributes
                0x00000812       0x34 C:/ST/STM32CubeIDE_1.16.1/STM32CubeIDE/plugins/com.st.stm32cube.ide.mcu.externaltools.gnu-tools-for-stm32.12.3.rel1.win32_1.0.200.202406191623/tools/bin/../lib/gcc/arm-none-eabi/12.3.1/../../../../arm-none-eabi/lib/thumb/v7e-m+fp/hard\libc_nano.a(libc_a-freer.o)
 .ARM.attributes
                0x00000846       0x34 C:/ST/STM32CubeIDE_1.16.1/STM32CubeIDE/plugins/com.st.stm32cube.ide.mcu.externaltools.gnu-tools-for-stm32.12.3.rel1.win32_1.0.200.202406191623/tools/bin/../lib/gcc/arm-none-eabi/12.3.1/../../../../arm-none-eabi/lib/thumb/v7e-m+fp/hard\libc_nano.a(libc_a-mallocr.o)
 .ARM.attributes
                0x0000087a       0x34 C:/ST/STM32CubeIDE_1.16.1/STM32CubeIDE/plugins/com.st.stm32cube.ide.mcu.externaltools.gnu-tools-for-stm32.12.3.rel1.win32_1.0.200.202406191623/tools/bin/../lib/gcc/arm-none-eabi/12.3.1/../../../../arm-none-eabi/lib/thumb/v7e-m+fp/hard\libc_nano.a(libc_a-mlock.o)
 .ARM.attributes
                0x000008ae       0x34 C:/ST/STM32CubeIDE_1.16.1/STM32CubeIDE/plugins/com.st.stm32cube.ide.mcu.externaltools.gnu-tools-for-stm32.12.3.rel1.win32_1.0.200.202406191623/tools/bin/../lib/gcc/arm-none-eabi/12.3.1/../../../../arm-none-eabi/lib/thumb/v7e-m+fp/hard\libc_nano.a(libc_a-nano-svfprintf.o)
 .ARM.attributes
                0x000008e2       0x34 C:/ST/STM32CubeIDE_1.16.1/STM32CubeIDE/plugins/com.st.stm32cube.ide.mcu.externaltools.gnu-tools-for-stm32.12.3.rel1.win32_1.0.200.202406191623/tools/bin/../lib/gcc/arm-none-eabi/12.3.1/../../../../arm-none-eabi/lib/thumb/v7e-m+fp/hard\libc_nano.a(libc_a-nano-vfprintf_i.o)
 .ARM.attributes
                0x00000916       0x34 C:/ST/STM32CubeIDE_1.16.1/STM32CubeIDE/plugins/com.st.stm32cube.ide.mcu.externaltools.gnu-tools-for-stm32.12.3.rel1.win32_1.0.200.202406191623/tools/bin/../lib/gcc/arm-none-eabi/12.3.1/../../../../arm-none-eabi/lib/thumb/v7e-m+fp/hard\libc_nano.a(libc_a-memmove.o)
 .ARM.attributes
                0x0000094a       0x34 C:/ST/STM32CubeIDE_1.16.1/STM32CubeIDE/plugins/com.st.stm32cube.ide.mcu.externaltools.gnu-tools-for-stm32.12.3.rel1.win32_1.0.200.202406191623/tools/bin/../lib/gcc/arm-none-eabi/12.3.1/../../../../arm-none-eabi/lib/thumb/v7e-m+fp/hard\libc_nano.a(libc_a-sbrkr.o)
 .ARM.attributes
                0x0000097e       0x1c C:/ST/STM32CubeIDE_1.16.1/STM32CubeIDE/plugins/com.st.stm32cube.ide.mcu.externaltools.gnu-tools-for-stm32.12.3.rel1.win32_1.0.200.202406191623/tools/bin/../lib/gcc/arm-none-eabi/12.3.1/../../../../arm-none-eabi/lib/thumb/v7e-m+fp/hard\libc_nano.a(libc_a-memchr.o)
 .ARM.attributes
                0x0000099a       0x34 C:/ST/STM32CubeIDE_1.16.1/STM32CubeIDE/plugins/com.st.stm32cube.ide.mcu.externaltools.gnu-tools-for-stm32.12.3.rel1.win32_1.0.200.202406191623/tools/bin/../lib/gcc/arm-none-eabi/12.3.1/../../../../arm-none-eabi/lib/thumb/v7e-m+fp/hard\libc_nano.a(libc_a-reallocr.o)
 .ARM.attributes
                0x000009ce       0x34 C:/ST/STM32CubeIDE_1.16.1/STM32CubeIDE/plugins/com.st.stm32cube.ide.mcu.externaltools.gnu-tools-for-stm32.12.3.rel1.win32_1.0.200.202406191623/tools/bin/../lib/gcc/arm-none-eabi/12.3.1/../../../../arm-none-eabi/lib/thumb/v7e-m+fp/hard\libc_nano.a(libc_a-msizer.o)
 .ARM.attributes
                0x00000a02       0x22 C:/ST/STM32CubeIDE_1.16.1/STM32CubeIDE/plugins/com.st.stm32cube.ide.mcu.externaltools.gnu-tools-for-stm32.12.3.rel1.win32_1.0.200.202406191623/tools/bin/../lib/gcc/arm-none-eabi/12.3.1/thumb/v7e-m+fp/hard\libgcc.a(_arm_addsubdf3.o)
 .ARM.attributes
                0x00000a24       0x22 C:/ST/STM32CubeIDE_1.16.1/STM32CubeIDE/plugins/com.st.stm32cube.ide.mcu.externaltools.gnu-tools-for-stm32.12.3.rel1.win32_1.0.200.202406191623/tools/bin/../lib/gcc/arm-none-eabi/12.3.1/thumb/v7e-m+fp/hard\libgcc.a(_arm_muldivdf3.o)
 .ARM.attributes
                0x00000a46       0x22 C:/ST/STM32CubeIDE_1.16.1/STM32CubeIDE/plugins/com.st.stm32cube.ide.mcu.externaltools.gnu-tools-for-stm32.12.3.rel1.win32_1.0.200.202406191623/tools/bin/../lib/gcc/arm-none-eabi/12.3.1/thumb/v7e-m+fp/hard\libgcc.a(_arm_fixdfsi.o)
 .ARM.attributes
                0x00000a68       0x22 C:/ST/STM32CubeIDE_1.16.1/STM32CubeIDE/plugins/com.st.stm32cube.ide.mcu.externaltools.gnu-tools-for-stm32.12.3.rel1.win32_1.0.200.202406191623/tools/bin/../lib/gcc/arm-none-eabi/12.3.1/thumb/v7e-m+fp/hard\libgcc.a(_aeabi_uldivmod.o)
 .ARM.attributes
                0x00000a8a       0x34 C:/ST/STM32CubeIDE_1.16.1/STM32CubeIDE/plugins/com.st.stm32cube.ide.mcu.externaltools.gnu-tools-for-stm32.12.3.rel1.win32_1.0.200.202406191623/tools/bin/../lib/gcc/arm-none-eabi/12.3.1/thumb/v7e-m+fp/hard\libgcc.a(_udivmoddi4.o)
 .ARM.attributes
                0x00000abe       0x22 C:/ST/STM32CubeIDE_1.16.1/STM32CubeIDE/plugins/com.st.stm32cube.ide.mcu.externaltools.gnu-tools-for-stm32.12.3.rel1.win32_1.0.200.202406191623/tools/bin/../lib/gcc/arm-none-eabi/12.3.1/thumb/v7e-m+fp/hard\libgcc.a(_dvmd_tls.o)
 .ARM.attributes
                0x00000ae0       0x22 C:/ST/STM32CubeIDE_1.16.1/STM32CubeIDE/plugins/com.st.stm32cube.ide.mcu.externaltools.gnu-tools-for-stm32.12.3.rel1.win32_1.0.200.202406191623/tools/bin/../lib/gcc/arm-none-eabi/12.3.1/thumb/v7e-m+fp/hard/crtn.o
OUTPUT(LORA_STM_TX.elf elf32-littlearm)
LOAD linker stubs
LOAD C:/ST/STM32CubeIDE_1.16.1/STM32CubeIDE/plugins/com.st.stm32cube.ide.mcu.externaltools.gnu-tools-for-stm32.12.3.rel1.win32_1.0.200.202406191623/tools/bin/../lib/gcc/arm-none-eabi/12.3.1/../../../../arm-none-eabi/lib/thumb/v7e-m+fp/hard\libc.a
LOAD C:/ST/STM32CubeIDE_1.16.1/STM32CubeIDE/plugins/com.st.stm32cube.ide.mcu.externaltools.gnu-tools-for-stm32.12.3.rel1.win32_1.0.200.202406191623/tools/bin/../lib/gcc/arm-none-eabi/12.3.1/../../../../arm-none-eabi/lib/thumb/v7e-m+fp/hard\libm.a
LOAD C:/ST/STM32CubeIDE_1.16.1/STM32CubeIDE/plugins/com.st.stm32cube.ide.mcu.externaltools.gnu-tools-for-stm32.12.3.rel1.win32_1.0.200.202406191623/tools/bin/../lib/gcc/arm-none-eabi/12.3.1/thumb/v7e-m+fp/hard\libgcc.a

.debug_info     0x00000000    0x13938
 .debug_info    0x00000000      0xe7d ./Core/Src/SX1278.o
 .debug_info    0x00000e7d      0x987 ./Core/Src/ack_handler.o
 .debug_info    0x00001804      0x296 ./Core/Src/crc_calculator.o
 .debug_info    0x00001a9a      0x7f1 ./Core/Src/lora_config.o
 .debug_info    0x0000228b     0x140b ./Core/Src/main.o
 .debug_info    0x00003696      0xd08 ./Core/Src/stm32f4xx_hal_msp.o
 .debug_info    0x0000439e      0x649 ./Core/Src/stm32f4xx_it.o
 .debug_info    0x000049e7      0x168 ./Core/Src/sysmem.o
 .debug_info    0x00004b4f      0x53e ./Core/Src/system_stm32f4xx.o
 .debug_info    0x0000508d       0x30 ./Core/Startup/startup_stm32f401rctx.o
 .debug_info    0x000050bd      0x8bb ./Drivers/STM32F4xx_HAL_Driver/stm32f4xx_hal.o
 .debug_info    0x00005978      0xcf6 ./Drivers/STM32F4xx_HAL_Driver/stm32f4xx_hal_cortex.o
 .debug_info    0x0000666e      0x37d ./Drivers/STM32F4xx_HAL_Driver/stm32f4xx_hal_crc.o
 .debug_info    0x000069eb      0x6f9 ./Drivers/STM32F4xx_HAL_Driver/stm32f4xx_hal_gpio.o
 .debug_info    0x000070e4     0x1577 ./Drivers/STM32F4xx_HAL_Driver/stm32f4xx_hal_pcd.o
 .debug_info    0x0000865b      0x6ea ./Drivers/STM32F4xx_HAL_Driver/stm32f4xx_hal_pcd_ex.o
 .debug_info    0x00008d45      0x8f1 ./Drivers/STM32F4xx_HAL_Driver/stm32f4xx_hal_rcc.o
 .debug_info    0x00009636     0x1530 ./Drivers/STM32F4xx_HAL_Driver/stm32f4xx_hal_spi.o
 .debug_info    0x0000ab66     0x1112 ./Drivers/STM32F4xx_HAL_Driver/stm32f4xx_hal_usart.o
 .debug_info    0x0000bc78     0x1993 ./Drivers/STM32F4xx_HAL_Driver/stm32f4xx_ll_usb.o
 .debug_info    0x0000d60b     0x12a3 ./Middlewares/USB_Device_Library/usbd_cdc.o
 .debug_info    0x0000e8ae      0xe05 ./Middlewares/USB_Device_Library/usbd_core.o
 .debug_info    0x0000f6b3      0xade ./Middlewares/USB_Device_Library/usbd_ctlreq.o
 .debug_info    0x00010191      0x755 ./Middlewares/USB_Device_Library/usbd_ioreq.o
 .debug_info    0x000108e6      0x701 ./USB_DEVICE/App/usb_device.o
 .debug_info    0x00010fe7      0x8fa ./USB_DEVICE/App/usbd_cdc_if.o
 .debug_info    0x000118e1      0x458 ./USB_DEVICE/App/usbd_desc.o
 .debug_info    0x00011d39     0x1bff ./USB_DEVICE/Target/usbd_conf.o

.debug_abbrev   0x00000000     0x3a0c
 .debug_abbrev  0x00000000      0x276 ./Core/Src/SX1278.o
 .debug_abbrev  0x00000276      0x1fc ./Core/Src/ack_handler.o
 .debug_abbrev  0x00000472      0x144 ./Core/Src/crc_calculator.o
 .debug_abbrev  0x000005b6      0x16f ./Core/Src/lora_config.o
 .debug_abbrev  0x00000725      0x2fc ./Core/Src/main.o
 .debug_abbrev  0x00000a21      0x1c9 ./Core/Src/stm32f4xx_hal_msp.o
 .debug_abbrev  0x00000bea      0x1b9 ./Core/Src/stm32f4xx_it.o
 .debug_abbrev  0x00000da3       0xbc ./Core/Src/sysmem.o
 .debug_abbrev  0x00000e5f      0x11a ./Core/Src/system_stm32f4xx.o
 .debug_abbrev  0x00000f79       0x24 ./Core/Startup/startup_stm32f401rctx.o
 .debug_abbrev  0x00000f9d      0x24b ./Drivers/STM32F4xx_HAL_Driver/stm32f4xx_hal.o
 .debug_abbrev  0x000011e8      0x31d ./Drivers/STM32F4xx_HAL_Driver/stm32f4xx_hal_cortex.o
 .debug_abbrev  0x00001505      0x180 ./Drivers/STM32F4xx_HAL_Driver/stm32f4xx_hal_crc.o
 .debug_abbrev  0x00001685      0x1d3 ./Drivers/STM32F4xx_HAL_Driver/stm32f4xx_hal_gpio.o
 .debug_abbrev  0x00001858      0x2b6 ./Drivers/STM32F4xx_HAL_Driver/stm32f4xx_hal_pcd.o
 .debug_abbrev  0x00001b0e      0x1da ./Drivers/STM32F4xx_HAL_Driver/stm32f4xx_hal_pcd_ex.o
 .debug_abbrev  0x00001ce8      0x2b6 ./Drivers/STM32F4xx_HAL_Driver/stm32f4xx_hal_rcc.o
 .debug_abbrev  0x00001f9e      0x276 ./Drivers/STM32F4xx_HAL_Driver/stm32f4xx_hal_spi.o
 .debug_abbrev  0x00002214      0x29c ./Drivers/STM32F4xx_HAL_Driver/stm32f4xx_hal_usart.o
 .debug_abbrev  0x000024b0      0x2b3 ./Drivers/STM32F4xx_HAL_Driver/stm32f4xx_ll_usb.o
 .debug_abbrev  0x00002763      0x2d2 ./Middlewares/USB_Device_Library/usbd_cdc.o
 .debug_abbrev  0x00002a35      0x27c ./Middlewares/USB_Device_Library/usbd_core.o
 .debug_abbrev  0x00002cb1      0x26f ./Middlewares/USB_Device_Library/usbd_ctlreq.o
 .debug_abbrev  0x00002f20      0x19a ./Middlewares/USB_Device_Library/usbd_ioreq.o
 .debug_abbrev  0x000030ba      0x195 ./USB_DEVICE/App/usb_device.o
 .debug_abbrev  0x0000324f      0x29d ./USB_DEVICE/App/usbd_cdc_if.o
 .debug_abbrev  0x000034ec      0x1e1 ./USB_DEVICE/App/usbd_desc.o
 .debug_abbrev  0x000036cd      0x33f ./USB_DEVICE/Target/usbd_conf.o

.debug_aranges  0x00000000     0x1088
 .debug_aranges
                0x00000000       0xc8 ./Core/Src/SX1278.o
 .debug_aranges
                0x000000c8       0x28 ./Core/Src/ack_handler.o
 .debug_aranges
                0x000000f0       0x20 ./Core/Src/crc_calculator.o
 .debug_aranges
                0x00000110       0x20 ./Core/Src/lora_config.o
 .debug_aranges
                0x00000130       0x50 ./Core/Src/main.o
 .debug_aranges
                0x00000180       0x50 ./Core/Src/stm32f4xx_hal_msp.o
 .debug_aranges
                0x000001d0       0x70 ./Core/Src/stm32f4xx_it.o
 .debug_aranges
                0x00000240       0x20 ./Core/Src/sysmem.o
 .debug_aranges
                0x00000260       0x28 ./Core/Src/system_stm32f4xx.o
 .debug_aranges
                0x00000288       0x28 ./Core/Startup/startup_stm32f401rctx.o
 .debug_aranges
                0x000002b0       0xf0 ./Drivers/STM32F4xx_HAL_Driver/stm32f4xx_hal.o
 .debug_aranges
                0x000003a0      0x130 ./Drivers/STM32F4xx_HAL_Driver/stm32f4xx_hal_cortex.o
 .debug_aranges
                0x000004d0       0x50 ./Drivers/STM32F4xx_HAL_Driver/stm32f4xx_hal_crc.o
 .debug_aranges
                0x00000520       0x58 ./Drivers/STM32F4xx_HAL_Driver/stm32f4xx_hal_gpio.o
 .debug_aranges
                0x00000578      0x148 ./Drivers/STM32F4xx_HAL_Driver/stm32f4xx_hal_pcd.o
 .debug_aranges
                0x000006c0       0x38 ./Drivers/STM32F4xx_HAL_Driver/stm32f4xx_hal_pcd_ex.o
 .debug_aranges
                0x000006f8       0x88 ./Drivers/STM32F4xx_HAL_Driver/stm32f4xx_hal_rcc.o
 .debug_aranges
                0x00000780      0x1d0 ./Drivers/STM32F4xx_HAL_Driver/stm32f4xx_hal_spi.o
 .debug_aranges
                0x00000950      0x178 ./Drivers/STM32F4xx_HAL_Driver/stm32f4xx_hal_usart.o
 .debug_aranges
                0x00000ac8      0x1a0 ./Drivers/STM32F4xx_HAL_Driver/stm32f4xx_ll_usb.o
 .debug_aranges
                0x00000c68       0x90 ./Middlewares/USB_Device_Library/usbd_cdc.o
 .debug_aranges
                0x00000cf8       0xd8 ./Middlewares/USB_Device_Library/usbd_core.o
 .debug_aranges
                0x00000dd0       0x90 ./Middlewares/USB_Device_Library/usbd_ctlreq.o
 .debug_aranges
                0x00000e60       0x50 ./Middlewares/USB_Device_Library/usbd_ioreq.o
 .debug_aranges
                0x00000eb0       0x20 ./USB_DEVICE/App/usb_device.o
 .debug_aranges
                0x00000ed0       0x48 ./USB_DEVICE/App/usbd_cdc_if.o
 .debug_aranges
                0x00000f18       0x60 ./USB_DEVICE/App/usbd_desc.o
 .debug_aranges
                0x00000f78      0x110 ./USB_DEVICE/Target/usbd_conf.o

.debug_rnglists
                0x00000000      0xc4f
 .debug_rnglists
                0x00000000       0x96 ./Core/Src/SX1278.o
 .debug_rnglists
                0x00000096       0x1b ./Core/Src/ack_handler.o
 .debug_rnglists
                0x000000b1       0x14 ./Core/Src/crc_calculator.o
 .debug_rnglists
                0x000000c5       0x14 ./Core/Src/lora_config.o
 .debug_rnglists
                0x000000d9       0x3a ./Core/Src/main.o
 .debug_rnglists
                0x00000113       0x39 ./Core/Src/stm32f4xx_hal_msp.o
 .debug_rnglists
                0x0000014c       0x4f ./Core/Src/stm32f4xx_it.o
 .debug_rnglists
                0x0000019b       0x13 ./Core/Src/sysmem.o
 .debug_rnglists
                0x000001ae       0x1a ./Core/Src/system_stm32f4xx.o
 .debug_rnglists
                0x000001c8       0x19 ./Core/Startup/startup_stm32f401rctx.o
 .debug_rnglists
                0x000001e1       0xaf ./Drivers/STM32F4xx_HAL_Driver/stm32f4xx_hal.o
 .debug_rnglists
                0x00000290       0xe0 ./Drivers/STM32F4xx_HAL_Driver/stm32f4xx_hal_cortex.o
 .debug_rnglists
                0x00000370       0x37 ./Drivers/STM32F4xx_HAL_Driver/stm32f4xx_hal_crc.o