../Core/Src/main.c:92:5:main	8	static
../Core/Src/main.c:174:6:SystemClock_Config	72	static
../Core/Src/main.c:214:13:MX_CAN_Init	8	static
../Core/Src/main.c:251:13:MX_CRC_Init	8	static
../Core/Src/main.c:277:13:MX_I2C1_Init	8	static
../Core/Src/main.c:311:13:MX_SPI1_Init	8	static
../Core/Src/main.c:349:13:MX_USART1_UART_Init	8	static
../Core/Src/main.c:382:13:MX_USART3_UART_Init	8	static
../Core/Src/main.c:415:13:MX_GPIO_Init	40	static
../Core/Src/main.c:487:6:HAL_GPIO_EXTI_Callback	16	static
../Core/Src/main.c:503:6:Error_Handler	4	static,ignoring_inline_asm
